08-27 15:21:45.586  2012  4564 E AppOps  : Bad call made by uid 1001. Package "com.android.phone" does not belong to uid 1000.
08-27 15:21:45.586  2012  4564 E AppOps  : Cannot noteOperation: non-application UID 1000
08-27 15:22:10.298  2012  4564 E AppOps  : Bad call made by uid 1001. Package "com.android.phone" does not belong to uid 1000.
08-27 15:22:10.298  2012  4564 E AppOps  : Cannot noteOperation: non-application UID 1000
08-27 15:22:10.299  2012  3141 E AppOps  : attributionTag VCN not declared in manifest of android
08-27 15:22:10.299  2012  3980 E AppOps  : Bad call made by uid 1001. Package "com.android.phone" does not belong to uid 1000.
08-27 15:22:10.299  2012  3980 E AppOps  : Cannot noteOperation: non-application UID 1000
08-27 15:22:10.300  2012  3141 E AppOps  : attributionTag VCN not declared in manifest of android
08-27 15:22:10.468  2012  3141 E AppOps  : attributionTag VCN not declared in manifest of android
08-27 15:22:10.469  2012  3141 E AppOps  : attributionTag VCN not declared in manifest of android
08-27 15:22:10.470  2012  4564 E AppOps  : Bad call made by uid 1001. Package "com.android.phone" does not belong to uid 1000.
08-27 15:22:10.470  2012  4564 E AppOps  : Cannot noteOperation: non-application UID 1000
08-27 15:22:10.470  2012  2170 E AppOps  : Bad call made by uid 1001. Package "com.android.phone" does not belong to uid 1000.
08-27 15:22:10.470  2012  2170 E AppOps  : Cannot noteOperation: non-application UID 1000
08-27 15:22:18.616  2012  4540 E AppOps  : Bad call made by uid 1001. Package "com.android.phone" does not belong to uid 1000.
08-27 15:22:18.616  2012  4540 E AppOps  : Cannot noteOperation: non-application UID 1000
08-27 15:22:18.617  2012  3468 E AppOps  : Bad call made by uid 1001. Package "com.android.phone" does not belong to uid 1000.
08-27 15:22:18.617  2012  3468 E AppOps  : Cannot noteOperation: non-application UID 1000
08-27 15:22:18.617  2012  3141 E AppOps  : attributionTag VCN not declared in manifest of android
08-27 15:22:18.620  2012  3141 E AppOps  : attributionTag VCN not declared in manifest of android
08-27 15:25:27.453  2012  3141 E AppOps  : attributionTag VCN not declared in manifest of android
08-27 15:25:27.453  2012  4893 E AppOps  : Bad call made by uid 1001. Package "com.android.phone" does not belong to uid 1000.
08-27 15:25:27.453  2012  4893 E AppOps  : Cannot noteOperation: non-application UID 1000
08-27 15:25:27.454  2012  4564 E AppOps  : Bad call made by uid 1001. Package "com.android.phone" does not belong to uid 1000.
08-27 15:25:27.454  2012  4564 E AppOps  : Cannot noteOperation: non-application UID 1000
08-27 15:25:27.454  2012  3141 E AppOps  : attributionTag VCN not declared in manifest of android
08-27 15:25:27.644  2012  3141 E AppOps  : attributionTag VCN not declared in manifest of android
08-27 15:25:27.646  2012  4564 E AppOps  : Bad call made by uid 1001. Package "com.android.phone" does not belong to uid 1000.
08-27 15:25:27.646  2012  4564 E AppOps  : Cannot noteOperation: non-application UID 1000
08-27 15:25:27.648  2012  3141 E AppOps  : attributionTag VCN not declared in manifest of android
08-27 15:25:27.650  2012  4564 E AppOps  : Bad call made by uid 1001. Package "com.android.phone" does not belong to uid 1000.
08-27 15:25:27.650  2012  4564 E AppOps  : Cannot noteOperation: non-application UID 1000
08-27 15:25:30.900  2012  3980 E AppOps  : Bad call made by uid 1001. Package "com.android.phone" does not belong to uid 1000.
08-27 15:25:30.900  2012  3980 E AppOps  : Cannot noteOperation: non-application UID 1000
08-27 15:25:30.902  2012  4564 E AppOps  : Bad call made by uid 1001. Package "com.android.phone" does not belong to uid 1000.
08-27 15:25:30.902  2012  4564 E AppOps  : Cannot noteOperation: non-application UID 1000
08-27 15:25:30.910  2012  3141 E AppOps  : attributionTag VCN not declared in manifest of android
08-27 15:25:30.912  2012  3141 E AppOps  : attributionTag VCN not declared in manifest of android
08-27 15:26:54.988  2012  2170 E ActivityManager: Resetting option setPendingIntentBackgroundActivityStartMode(1) to SYSTEM_DEFINED from the options provided by the pending intent creator (com.rapido.passenger) because this option is meant for the pending intent sender
08-27 16:17:03.096  2012  6050 E ActivityManager: Resetting option setPendingIntentBackgroundActivityStartMode(1) to SYSTEM_DEFINED from the options provided by the pending intent creator (com.flipkart.shopsy) because this option is meant for the pending intent sender
08-27 16:17:06.355  2012  2012 E NotifAttentionHelper: Muting recently noisy 0|com.flipkart.android|68038693|M_ec33978705008b7e14018e32bdd22a6d_g1jJW4sQK3|10249
08-27 16:17:06.446  2012  2012 E NotifAttentionHelper: Muting recently noisy 0|com.myntra.android|10005|null|10266
08-27 16:17:09.876  2012  3649 E BiometricService: Non-biometric, non-credential bits found. Authenticators: 65536
08-27 16:17:10.039  2012  3980 E MultiBiometricLockoutState: getAuthMapForUser : 0 containsKey:true
08-27 16:17:10.039  2012  3980 E MultiBiometricLockoutState: getLockoutState strength:15 mPermanentlyLockedOut: false mTimedLockout:false
08-27 16:17:11.789  2012  2012 E NotifAttentionHelper: Muting recently noisy 0|com.flipkart.android|85075440|A1_R_ec33978705008b7e14018e32bdd22a6d_pskaZUZHr2|10249
08-27 16:17:12.226  2012  4540 E MultiBiometricLockoutState: getAuthMapForUser : 0 containsKey:true
08-27 16:17:12.226  2012  4540 E MultiBiometricLockoutState: getLockoutState strength:15 mPermanentlyLockedOut: false mTimedLockout:false
08-27 16:17:12.786  2012  4507 E MultiBiometricLockoutState: getAuthMapForUser : 0 containsKey:true
08-27 16:17:12.787  2012  4507 E MultiBiometricLockoutState: getLockoutState strength:15 mPermanentlyLockedOut: false mTimedLockout:false
08-27 16:17:13.031  2012  2186 E AppOps  : attributionTag  not declared in manifest of com.nothing.hearthstone
08-27 16:17:13.534  2012  5444 E MultiBiometricLockoutState: getAuthMapForUser : 0 containsKey:true
08-27 16:17:13.534  2012  5444 E MultiBiometricLockoutState: getLockoutState strength:15 mPermanentlyLockedOut: false mTimedLockout:false
08-27 16:17:14.189   798 12217 E keystore2: system/security/keystore2/src/error.rs:171 - system/security/keystore2/src/security_level.rs:317
08-27 16:17:14.189   798 12217 E keystore2: 
08-27 16:17:14.189   798 12217 E keystore2: Caused by:
08-27 16:17:14.189   798 12217 E keystore2:     0: system/security/keystore2/src/enforcements.rs:623: matching auth token is expired.
08-27 16:17:14.189   798 12217 E keystore2:     1: Error::Km(r#KEY_USER_NOT_AUTHENTICATED)
08-27 16:17:15.451  2012  4564 E BiometricService: Non-biometric, non-credential bits found. Authenticators: 65536
08-27 16:17:15.457  2012  4564 E MultiBiometricLockoutState: getAuthMapForUser : 0 containsKey:true
08-27 16:17:15.457  2012  4564 E MultiBiometricLockoutState: getLockoutState strength:15 mPermanentlyLockedOut: false mTimedLockout:false
08-27 16:17:17.422  5717  5838 E AconfigFlags: Failed to read Aconfig values from /vendor/etc/aconfig_flags.pb
08-27 16:17:17.422  5717  5838 E AconfigFlags: java.io.FileNotFoundException: /vendor/etc/aconfig_flags.pb: open failed: ENOENT (No such file or directory)
08-27 16:17:17.422  5717  5838 E AconfigFlags: 	at libcore.io.IoBridge.open(IoBridge.java:574)
08-27 16:17:17.422  5717  5838 E AconfigFlags: 	at java.io.FileInputStream.<init>(FileInputStream.java:179)
08-27 16:17:17.422  5717  5838 E AconfigFlags: 	at java.io.FileInputStream.<init>(FileInputStream.java:133)
08-27 16:17:17.422  5717  5838 E AconfigFlags: 	at com.android.internal.pm.pkg.component.AconfigFlags.<init>(AconfigFlags.java:71)
08-27 16:17:17.422  5717  5838 E AconfigFlags: 	at com.android.internal.pm.pkg.parsing.ParsingPackageUtils.<clinit>(ParsingPackageUtils.java:296)
08-27 16:17:17.422  5717  5838 E AconfigFlags: 	at com.android.internal.pm.parsing.PackageParser2.<init>(PackageParser2.java:99)
08-27 16:17:17.422  5717  5838 E AconfigFlags: 	at android.content.pm.PackageManager.getPackageArchiveInfo(PackageManager.java:8816)
08-27 16:17:17.422  5717  5838 E AconfigFlags: 	at android.content.pm.PackageManager.getPackageArchiveInfo(PackageManager.java:8790)
08-27 16:17:17.422  5717  5838 E AconfigFlags: 	at wki.e(:com.google.android.gms@253133035@25.31.33 (260400-795226510):43)
08-27 16:17:17.422  5717  5838 E AconfigFlags: 	at wjs.z(:com.google.android.gms@253133035@25.31.33 (260400-795226510):113)
08-27 16:17:17.422  5717  5838 E AconfigFlags: 	at avgv.m(:com.google.android.gms@253133035@25.31.33 (260400-795226510):233)
08-27 16:17:17.422  5717  5838 E AconfigFlags: 	at avgv.q(:com.google.android.gms@253133035@25.31.33 (260400-795226510):273)
08-27 16:17:17.422  5717  5838 E AconfigFlags: 	at avgv.h(:com.google.android.gms@253133035@25.31.33 (260400-795226510):3)
08-27 16:17:17.422  5717  5838 E AconfigFlags: 	at avfn.i(:com.google.android.gms@253133035@25.31.33 (260400-795226510):388)
08-27 16:17:17.422  5717  5838 E AconfigFlags: 	at com.google.android.gms.chimera.container.ConfigChimeraService.a(:com.google.android.gms@253133035@25.31.33 (260400-795226510):74)
08-27 16:17:17.422  5717  5838 E AconfigFlags: 	at ckfb.call(:com.google.android.gms@253133035@25.31.33 (260400-795226510):30)
08-27 16:17:17.422  5717  5838 E AconfigFlags: 	at java.util.concurrent.FutureTask.run(FutureTask.java:317)
08-27 16:17:17.422  5717  5838 E AconfigFlags: 	at bapc.c(:com.google.android.gms@253133035@25.31.33 (260400-795226510):50)
08-27 16:17:17.422  5717  5838 E AconfigFlags: 	at bapc.run(:com.google.android.gms@253133035@25.31.33 (260400-795226510):70)
08-27 16:17:17.422  5717  5838 E AconfigFlags: 	at java.util.concurrent.ThreadPoolExecutor.runWorker(ThreadPoolExecutor.java:1156)
08-27 16:17:17.422  5717  5838 E AconfigFlags: 	at java.util.concurrent.ThreadPoolExecutor$Worker.run(ThreadPoolExecutor.java:651)
08-27 16:17:17.422  5717  5838 E AconfigFlags: 	at bauu.run(:com.google.android.gms@253133035@25.31.33 (260400-795226510):8)
08-27 16:17:17.422  5717  5838 E AconfigFlags: 	at java.lang.Thread.run(Thread.java:1119)
08-27 16:17:17.422  5717  5838 E AconfigFlags: Caused by: android.system.ErrnoException: open failed: ENOENT (No such file or directory)
08-27 16:17:17.422  5717  5838 E AconfigFlags: 	at libcore.io.Linux.open(Native Method)
08-27 16:17:17.422  5717  5838 E AconfigFlags: 	at libcore.io.ForwardingOs.open(ForwardingOs.java:568)
08-27 16:17:17.422  5717  5838 E AconfigFlags: 	at libcore.io.BlockGuardOs.open(BlockGuardOs.java:274)
08-27 16:17:17.422  5717  5838 E AconfigFlags: 	at libcore.io.ForwardingOs.open(ForwardingOs.java:568)
08-27 16:17:17.422  5717  5838 E AconfigFlags: 	at android.app.ActivityThread$AndroidOs.open(ActivityThread.java:8720)
08-27 16:17:17.422  5717  5838 E AconfigFlags: 	at libcore.io.IoBridge.open(IoBridge.java:560)
08-27 16:17:17.422  5717  5838 E AconfigFlags: 	... 22 more
08-27 16:17:17.717  2012  2040 E MultiBiometricLockoutState: getAuthMapForUser : 0 containsKey:true
08-27 16:17:17.717  2012  2040 E MultiBiometricLockoutState: getLockoutState strength:15 mPermanentlyLockedOut: false mTimedLockout:false
08-27 16:17:17.940   798 12217 E keystore2: system/security/keystore2/src/error.rs:171 - system/security/keystore2/src/security_level.rs:317
08-27 16:17:17.940   798 12217 E keystore2: 
08-27 16:17:17.940   798 12217 E keystore2: Caused by:
08-27 16:17:17.940   798 12217 E keystore2:     0: system/security/keystore2/src/enforcements.rs:623: matching auth token is expired.
08-27 16:17:17.940   798 12217 E keystore2:     1: Error::Km(r#KEY_USER_NOT_AUTHENTICATED)
08-27 16:17:18.428  2012  4507 E MultiBiometricLockoutState: getAuthMapForUser : 0 containsKey:true
08-27 16:17:18.428  2012  4507 E MultiBiometricLockoutState: getLockoutState strength:15 mPermanentlyLockedOut: false mTimedLockout:false
08-27 16:17:18.524  2012  3468 E BiometricService: Non-biometric, non-credential bits found. Authenticators: 65536
08-27 16:17:18.527  2012  3468 E MultiBiometricLockoutState: getAuthMapForUser : 0 containsKey:true
08-27 16:17:18.527  2012  3468 E MultiBiometricLockoutState: getLockoutState strength:15 mPermanentlyLockedOut: false mTimedLockout:false
08-27 16:17:19.060  2012  4507 E MultiBiometricLockoutState: getAuthMapForUser : 0 containsKey:true
08-27 16:17:19.060  2012  4507 E MultiBiometricLockoutState: getLockoutState strength:15 mPermanentlyLockedOut: false mTimedLockout:false
08-27 16:17:19.704  2012  5605 E MultiBiometricLockoutState: getAuthMapForUser : 0 containsKey:true
08-27 16:17:19.705  2012  5605 E MultiBiometricLockoutState: getLockoutState strength:15 mPermanentlyLockedOut: false mTimedLockout:false
08-27 16:17:19.712   798 12217 E keystore2: system/security/keystore2/src/error.rs:171 - system/security/keystore2/src/security_level.rs:317
08-27 16:17:19.712   798 12217 E keystore2: 
08-27 16:17:19.712   798 12217 E keystore2: Caused by:
08-27 16:17:19.712   798 12217 E keystore2:     0: system/security/keystore2/src/enforcements.rs:623: matching auth token is expired.
08-27 16:17:19.712   798 12217 E keystore2:     1: Error::Km(r#KEY_USER_NOT_AUTHENTICATED)
08-27 16:17:19.909  2012  6051 E MultiBiometricLockoutState: getAuthMapForUser : 0 containsKey:true
08-27 16:17:19.910  2012  6051 E MultiBiometricLockoutState: getLockoutState strength:15 mPermanentlyLockedOut: false mTimedLockout:false
08-27 16:21:42.105  2012  2012 E ScreenIntentReceiver: notifyChange failed
08-27 16:21:44.307  2012  3141 E AppOps  : attributionTag VCN not declared in manifest of android
08-27 16:21:44.309  2012  3141 E AppOps  : attributionTag VCN not declared in manifest of android
08-27 16:21:44.311  2012  6050 E AppOps  : Bad call made by uid 1001. Package "com.android.phone" does not belong to uid 1000.
08-27 16:21:44.312  2012  4540 E AppOps  : Bad call made by uid 1001. Package "com.android.phone" does not belong to uid 1000.
08-27 16:21:44.312  2012  4540 E AppOps  : Cannot noteOperation: non-application UID 1000
08-27 16:21:44.312  2012  6050 E AppOps  : Cannot noteOperation: non-application UID 1000
08-27 16:21:51.231  2012  3123 E MultiBiometricLockoutState: getAuthMapForUser : 0 containsKey:true
08-27 16:21:51.231  2012  3123 E MultiBiometricLockoutState: getAuthMapForUser : 0 containsKey:true
08-27 16:21:51.234  2012  3123 E MultiBiometricLockoutState: clearTimedLockout : 0 strength:4095
08-27 16:21:51.234  2012  3123 E MultiBiometricLockoutState: getAuthMapForUser : 0 containsKey:true
08-27 16:21:51.234  2012  3123 E MultiBiometricLockoutState: getAuthMapForUser : 0 containsKey:true
08-27 16:21:51.234  2012  3123 E MultiBiometricLockoutState: clearTimedLockout : 0 strength:255
08-27 16:21:51.234  2012  3123 E MultiBiometricLockoutState: getAuthMapForUser : 0 containsKey:true
08-27 16:21:51.234  2012  3123 E MultiBiometricLockoutState: getAuthMapForUser : 0 containsKey:true
08-27 16:21:51.234  2012  3123 E MultiBiometricLockoutState: clearTimedLockout : 0 strength:15
08-27 16:21:51.269  2012  3174 E FingerprintProvider/default: onPointerUp received during client: null
08-27 16:21:51.761  2012  2012 E ScreenIntentReceiver: notifyChange failed
08-27 16:21:52.499  2012  4542 E ActivityManager: Resetting option setPendingIntentBackgroundActivityStartMode(1) to SYSTEM_DEFINED from the options provided by the pending intent creator (com.flipkart.shopsy) because this option is meant for the pending intent sender
08-27 16:21:52.753  1292  1540 E NetlinkEvent: NetlinkEvent::FindParam(): Parameter 'INTERFACE' not found
08-27 16:21:52.753  1292  1540 E NetlinkEvent: NetlinkEvent::FindParam(): Parameter 'STATE' not found
08-27 16:21:52.753  1292  1540 E NetlinkEvent: NetlinkEvent::FindParam(): Parameter 'TIME_NS' not found
08-27 16:21:52.753  1292  1540 E NetlinkEvent: NetlinkEvent::FindParam(): Parameter 'UID' not found
08-27 16:21:54.825  2012  3468 E AppOps  : Bad call made by uid 1001. Package "com.android.phone" does not belong to uid 1000.
08-27 16:21:54.825  2012  3468 E AppOps  : Cannot noteOperation: non-application UID 1000
08-27 16:21:54.828  2012  2171 E AppOps  : Bad call made by uid 1001. Package "com.android.phone" does not belong to uid 1000.
08-27 16:21:54.828  2012  2171 E AppOps  : Cannot noteOperation: non-application UID 1000
08-27 16:21:54.838  2012  3141 E AppOps  : attributionTag VCN not declared in manifest of android
08-27 16:21:54.841  2012  3141 E AppOps  : attributionTag VCN not declared in manifest of android
08-27 16:21:54.939  2012  2012 E MBrainLocalService: notifyAppSwitch failed
08-27 16:21:55.140  2012  4540 E UserRestrictionsUtils: Unknown restriction queried by uid 1000 (com.android.providers.settings et al): null
08-27 16:21:57.101  2012  3141 E AppOps  : attributionTag VCN not declared in manifest of android
08-27 16:21:57.102  2012  6050 E AppOps  : Bad call made by uid 1001. Package "com.android.phone" does not belong to uid 1000.
08-27 16:21:57.103  2012  6050 E AppOps  : Cannot noteOperation: non-application UID 1000
08-27 16:21:57.105  2012  3141 E AppOps  : attributionTag VCN not declared in manifest of android
08-27 16:21:57.140  2012  6050 E AppOps  : Bad call made by uid 1001. Package "com.android.phone" does not belong to uid 1000.
08-27 16:21:57.140  2012  6050 E AppOps  : Cannot noteOperation: non-application UID 1000
08-27 16:21:57.569  2012  4980 E AppOps  : Bad call made by uid 1001. Package "com.android.phone" does not belong to uid 1000.
08-27 16:21:57.569  2012  4980 E AppOps  : Cannot noteOperation: non-application UID 1000
08-27 16:21:57.570  2012  3141 E AppOps  : attributionTag VCN not declared in manifest of android
08-27 16:21:57.574  2012  3141 E AppOps  : attributionTag VCN not declared in manifest of android
08-27 16:21:57.577  2012  4506 E AppOps  : Bad call made by uid 1001. Package "com.android.phone" does not belong to uid 1000.
08-27 16:21:57.578  2012  4506 E AppOps  : Cannot noteOperation: non-application UID 1000
08-27 16:21:57.829  2012  7263 E TaskPersister: File error accessing recents directory (directory doesn't exist?).
08-27 16:21:57.991  2012  2012 E MBrainLocalService: notifyAppSwitch failed
08-27 16:21:59.492  2012  4526 E UserRestrictionsUtils: Unknown restriction queried by uid 1000 (com.android.providers.settings et al): null
08-27 16:21:59.493  2012  4526 E UserRestrictionsUtils: Unknown restriction queried by uid 1000 (com.android.providers.settings et al): null
08-27 16:21:59.494  2012  4526 E UserRestrictionsUtils: Unknown restriction queried by uid 1000 (com.android.providers.settings et al): null
08-27 16:21:59.495  2012  4526 E UserRestrictionsUtils: Unknown restriction queried by uid 1000 (com.android.providers.settings et al): null
08-27 16:21:59.495  2012  4526 E UserRestrictionsUtils: Unknown restriction queried by uid 1000 (com.android.providers.settings et al): null
08-27 16:21:59.497  2012  4526 E UserRestrictionsUtils: Unknown restriction queried by uid 1000 (com.android.providers.settings et al): null
08-27 16:21:59.498  2012  4526 E UserRestrictionsUtils: Unknown restriction queried by uid 1000 (com.android.providers.settings et al): null
08-27 16:21:59.502  2012  4526 E UserRestrictionsUtils: Unknown restriction queried by uid 1000 (com.android.providers.settings et al): null
08-27 16:22:01.130  2012  4506 E MultiBiometricLockoutState: getAuthMapForUser : 0 containsKey:true
08-27 16:22:01.130  2012  4506 E MultiBiometricLockoutState: getLockoutState strength:15 mPermanentlyLockedOut: false mTimedLockout:false
08-27 16:22:01.138  2012  4506 E MultiBiometricLockoutState: getAuthMapForUser : 0 containsKey:true
08-27 16:22:01.138  2012  4506 E MultiBiometricLockoutState: getLockoutState strength:15 mPermanentlyLockedOut: false mTimedLockout:false
08-27 16:22:01.140  2012  6051 E MultiBiometricLockoutState: getAuthMapForUser : 0 containsKey:true
08-27 16:22:01.140  2012  6051 E MultiBiometricLockoutState: getLockoutState strength:15 mPermanentlyLockedOut: false mTimedLockout:false
08-27 16:22:01.147  2012  6051 E MultiBiometricLockoutState: getAuthMapForUser : 0 containsKey:true
08-27 16:22:01.147  2012  6051 E MultiBiometricLockoutState: getLockoutState strength:15 mPermanentlyLockedOut: false mTimedLockout:false
08-27 16:22:01.160  2012  4506 E MultiBiometricLockoutState: getAuthMapForUser : 0 containsKey:true
08-27 16:22:01.160  2012  4506 E MultiBiometricLockoutState: getLockoutState strength:15 mPermanentlyLockedOut: false mTimedLockout:false
08-27 16:22:01.498  2012  7263 E TaskPersister: File error accessing recents directory (directory doesn't exist?).
08-27 16:22:07.124  2012  7263 E TaskPersister: File error accessing recents directory (directory doesn't exist?).
08-27 16:22:24.678  2012  2186 E AppOps  : attributionTag  not declared in manifest of com.nothing.hearthstone
08-27 16:22:36.232  2012  2012 E MBrainLocalService: notifyAppSwitch failed
08-27 16:22:44.631  2012  2186 E AppOps  : attributionTag  not declared in manifest of com.nothing.hearthstone
08-27 16:23:18.069  2012  2012 E ChargeIntentReceiver: notifyChange failed
08-27 16:23:18.310 18549 18564 E ActivityThread: Failed to find provider info for com.nothing.proxy.onlineconfig.provider
08-27 16:24:36.292  2012  3174 E MultiBiometricLockoutState: getAuthMapForUser : 0 containsKey:true
08-27 16:24:36.292  2012  3174 E MultiBiometricLockoutState: getLockoutState strength:15 mPermanentlyLockedOut: false mTimedLockout:false
08-27 16:24:36.446  2012  2012 E ScreenIntentReceiver: notifyChange failed
08-27 16:24:37.510  2012  2012 E MBrainLocalService: notifyAppSwitch failed
08-27 16:24:39.307  2012  5605 E NtCharge: mBatQmax : 4998000RealSoc : 67mBatQuse : 49306mBatResistance : -100
08-27 16:24:39.794  2012  2186 E AppOps  : attributionTag  not declared in manifest of com.nothing.hearthstone
08-27 16:24:50.216  2012  2186 E AppOps  : attributionTag  not declared in manifest of com.nothing.hearthstone
08-27 16:25:00.616  2012  2186 E AppOps  : attributionTag  not declared in manifest of com.nothing.hearthstone
08-27 16:26:27.050  2012  3123 E MultiBiometricLockoutState: getAuthMapForUser : 0 containsKey:true
08-27 16:26:27.051  2012  3123 E MultiBiometricLockoutState: getAuthMapForUser : 0 containsKey:true
08-27 16:26:27.051  2012  3123 E MultiBiometricLockoutState: clearTimedLockout : 0 strength:4095
08-27 16:26:27.051  2012  3123 E MultiBiometricLockoutState: getAuthMapForUser : 0 containsKey:true
08-27 16:26:27.051  2012  3123 E MultiBiometricLockoutState: getAuthMapForUser : 0 containsKey:true
08-27 16:26:27.051  2012  3123 E MultiBiometricLockoutState: clearTimedLockout : 0 strength:255
08-27 16:26:27.051  2012  3123 E MultiBiometricLockoutState: getAuthMapForUser : 0 containsKey:true
08-27 16:26:27.051  2012  3123 E MultiBiometricLockoutState: getAuthMapForUser : 0 containsKey:true
08-27 16:26:27.051  2012  3123 E MultiBiometricLockoutState: clearTimedLockout : 0 strength:15
08-27 16:26:27.053  2012  3174 E FingerprintProvider/default: onPointerUp received during client: null
08-27 16:26:27.153  2012  2012 E ScreenIntentReceiver: notifyChange failed
08-27 16:26:27.336  2012  2012 E ScreenIntentReceiver: notifyChange failed
08-27 16:26:38.432  2012  2012 E MBrainLocalService: notifyAppSwitch failed
08-27 16:26:40.424  2012  2186 E AppOps  : attributionTag  not declared in manifest of com.nothing.hearthstone
08-27 16:26:41.430  2012  7263 E TaskPersister: File error accessing recents directory (directory doesn't exist?).
08-27 16:26:48.467  2012  2012 E MBrainLocalService: notifyAppSwitch failed
08-27 16:26:49.130  2012  2012 E MBrainLocalService: notifyAppSwitch failed
08-27 16:26:49.245  2012  2012 E MBrainLocalService: notifyAppSwitch failed
08-27 16:26:49.257  2012  2012 E MBrainLocalService: notifyAppSwitch failed
08-27 16:26:52.251  2012  7263 E TaskPersister: File error accessing recents directory (directory doesn't exist?).
08-27 16:27:44.035  2012  3174 E MultiBiometricLockoutState: getAuthMapForUser : 0 containsKey:true
08-27 16:27:44.035  2012  3174 E MultiBiometricLockoutState: getLockoutState strength:15 mPermanentlyLockedOut: false mTimedLockout:false
08-27 16:27:44.164  2012  2012 E ScreenIntentReceiver: notifyChange failed
08-27 16:27:45.031  2012  2012 E ScreenIntentReceiver: notifyChange failed
08-27 16:27:45.121  2012  2012 E MBrainLocalService: notifyAppSwitch failed
08-27 16:27:45.427  2012  4980 E ProcessStats: Executing service ServiceState{edb7974 org.chromium.content.app.SandboxedProcessService0 pkg=com.android.chrome proc=a8e21d2} without owner
08-27 16:27:45.432  2012  4980 E ProcessStats: Binding service ServiceState{edb7974 org.chromium.content.app.SandboxedProcessService0 pkg=com.android.chrome proc=a8e21d2} without owner
08-27 16:27:45.434  2012  4980 E ProcessStats: Starting service ServiceState{edb7974 org.chromium.content.app.SandboxedProcessService0 pkg=com.android.chrome proc=a8e21d2} without owner
08-27 16:27:45.434  2012  4980 E ProcessStats: Binding service ServiceState{edb7974 org.chromium.content.app.SandboxedProcessService0 pkg=com.android.chrome proc=a8e21d2} without owner
08-27 16:27:46.002  2012  2012 E ScreenIntentReceiver: notifyChange failed
08-27 16:27:57.539  2012  2186 E AppOps  : attributionTag  not declared in manifest of com.nothing.hearthstone
08-27 16:30:26.050  2012  2012 E AppOps  : attributionTag DeviceIdleController not declared in manifest of android
08-27 16:30:26.058  2012  2012 E AppOps  : attributionTag DeviceIdleController not declared in manifest of android
08-27 16:30:26.059  2012  2012 E AppOps  : attributionTag DeviceIdleController not declared in manifest of android
08-27 16:30:27.465  2012  3254 E AppOps  : attributionTag DeviceIdleController not declared in manifest of android
08-27 16:30:27.470  2012  2047 E AppOps  : attributionTag DeviceIdleController not declared in manifest of android
08-27 16:30:27.472  2012  2189 E AppOps  : attributionTag DeviceIdleController not declared in manifest of android
08-27 16:30:27.474  2012  2189 E AppOps  : attributionTag DeviceIdleController not declared in manifest of android
08-27 16:49:22.559  2012  3307 E ActivityManager: Resetting option setPendingIntentBackgroundActivityStartMode(1) to SYSTEM_DEFINED from the options provided by the pending intent creator (com.rapido.passenger) because this option is meant for the pending intent sender
08-27 16:49:58.798  2012  4506 E ActivityManager: Resetting option setPendingIntentBackgroundActivityStartMode(1) to SYSTEM_DEFINED from the options provided by the pending intent creator (com.rapido.passenger) because this option is meant for the pending intent sender
08-27 16:50:45.448  2012  2186 E AppOps  : attributionTag  not declared in manifest of com.nothing.hearthstone
08-27 16:51:33.103  2012  2012 E ScreenIntentReceiver: notifyChange failed
08-27 16:51:34.013  2012  3123 E MultiBiometricLockoutState: getAuthMapForUser : 0 containsKey:true
08-27 16:51:34.013  2012  3123 E MultiBiometricLockoutState: getAuthMapForUser : 0 containsKey:true
08-27 16:51:34.013  2012  3123 E MultiBiometricLockoutState: clearTimedLockout : 0 strength:4095
08-27 16:51:34.013  2012  3123 E MultiBiometricLockoutState: getAuthMapForUser : 0 containsKey:true
08-27 16:51:34.013  2012  3123 E MultiBiometricLockoutState: getAuthMapForUser : 0 containsKey:true
08-27 16:51:34.013  2012  3123 E MultiBiometricLockoutState: clearTimedLockout : 0 strength:255
08-27 16:51:34.013  2012  3123 E MultiBiometricLockoutState: getAuthMapForUser : 0 containsKey:true
08-27 16:51:34.013  2012  3123 E MultiBiometricLockoutState: getAuthMapForUser : 0 containsKey:true
08-27 16:51:34.013  2012  3123 E MultiBiometricLockoutState: clearTimedLockout : 0 strength:15
08-27 16:51:34.025  2012  3174 E FingerprintProvider/default: onPointerUp received during client: null
08-27 16:51:34.480  2012  2012 E ScreenIntentReceiver: notifyChange failed
08-27 16:51:35.324  2012  2012 E MBrainLocalService: notifyAppSwitch failed
08-27 16:51:37.182  2012  4530 E ActivityManager: Resetting option setPendingIntentBackgroundActivityStartMode(1) to SYSTEM_DEFINED from the options provided by the pending intent creator (com.flipkart.shopsy) because this option is meant for the pending intent sender
08-27 16:51:37.435  2012  2012 E MBrainLocalService: notifyAppSwitch failed
08-27 16:51:37.904  2012  2012 E MBrainLocalService: notifyAppSwitch failed
08-27 16:51:37.987  2012  2012 E MBrainLocalService: notifyAppSwitch failed
08-27 16:51:40.329  2012  4540 E MultiBiometricLockoutState: getAuthMapForUser : 0 containsKey:true
08-27 16:51:40.329  2012  4540 E MultiBiometricLockoutState: getLockoutState strength:15 mPermanentlyLockedOut: false mTimedLockout:false
08-27 16:51:40.398  2012  7263 E TaskPersister: File error accessing recents directory (directory doesn't exist?).
--------- beginning of main
08-27 16:52:07.244  1625  2021 E md_thermal: interval=40 temp: 35200 33100 30400 31000
08-27 16:52:09.555  3213  3213 E WifiHAL : handleResponse: data=0xb400007aff09f030, len=4432
08-27 16:52:12.591  3213  3213 E WifiHAL : handleResponse: data=0xb400007aff09f030, len=4432
08-27 16:52:13.091  2012  2050 E EventHub: Failed to read sysfs battery info: No such file or directory
08-27 16:52:15.632  3213  3213 E WifiHAL : handleResponse: data=0xb400007aff09f030, len=4432
08-27 16:52:18.065  3438  3438 E MtkPhoneIntfMgrEx: MainThreadHandler.handleMessage : 3
08-27 16:52:18.153  3438  3438 E MtkPhoneIntfMgrEx: MainThreadHandler.handleMessage : 3
08-27 16:52:18.569  3438  3438 E MtkPhoneIntfMgrEx: MainThreadHandler.handleMessage : 3
08-27 16:52:18.671  3213  3213 E WifiHAL : handleResponse: data=0xb400007aff09f030, len=4432
08-27 16:52:21.703  3213  3213 E WifiHAL : handleResponse: data=0xb400007aff09f030, len=4432
08-27 16:52:23.104  2012  2050 E EventHub: Failed to read sysfs battery info: No such file or directory
08-27 16:52:24.744  3213  3213 E WifiHAL : handleResponse: data=0xb400007aff09f030, len=4432
08-27 16:52:27.792  3213  3213 E WifiHAL : handleResponse: data=0xb400007aff09f030, len=4432
08-27 16:52:30.838  3213  3213 E WifiHAL : handleResponse: data=0xb400007aff09f030, len=4432
08-27 16:52:31.086  3438  3438 E MtkPhoneIntfMgrEx: MainThreadHandler.handleMessage : 3
08-27 16:52:31.276  3438  3438 E MtkPhoneIntfMgrEx: MainThreadHandler.handleMessage : 3
08-27 16:52:31.690  3438  3438 E MtkPhoneIntfMgrEx: MainThreadHandler.handleMessage : 3
08-27 16:52:33.111  2012  2050 E EventHub: Failed to read sysfs battery info: No such file or directory
08-27 16:52:33.544  5717 21290 E ZappPhoneskyConn: Unable to bind to Phonesky
08-27 16:52:33.551  5717 21290 E ZappPhoneskyConn: Unable to bind to Phonesky
08-27 16:52:33.551  5717 21290 E DynamicModuleDownloader: Zapp module request failed: null
08-27 16:52:33.885  3213  3213 E WifiHAL : handleResponse: data=0xb400007aff09f030, len=4432
08-27 16:52:35.381  3615 21295 E FA      : Persisted config not initialized. Not logging error/warn
08-27 16:52:36.925  3213  3213 E WifiHAL : handleResponse: data=0xb400007aff09f030, len=4432
08-27 16:52:36.958 21299 21299 E roid.apps.turbo: Not starting debugger since process cannot load the jdwp agent.
08-27 16:52:39.968  3213  3213 E WifiHAL : handleResponse: data=0xb400007aff09f030, len=4432
08-27 16:52:41.898  3213  3213 E WifiHAL : handleResponse: data=0xb400007aff09f030, len=4432
08-27 16:52:43.006  3213  3213 E WifiHAL : handleResponse: data=0xb400007aff09f030, len=4432
08-27 16:52:43.123  2012  2050 E EventHub: Failed to read sysfs battery info: No such file or directory
08-27 16:52:43.803  1330  1415 E libPowerHal: [getCPUFreq] error cid:2, nClusterNum:2
08-27 16:52:43.816  1330  1416 E libPowerHal: Could not open '/proc/touch_boost/force_stop_boost'
08-27 16:52:43.816  1330  1416 E libPowerHal: error : 2, No such file or directory
08-27 16:52:43.934  2012  2012 E MBrainLocalService: notifyAppSwitch failed
08-27 16:52:43.934  3615 21295 E FA      : Task exception on worker thread: java.lang.IllegalStateException: Not initialized: m7.qw.n(:com.google.android.gms.dynamite_measurementdynamite@253133035@25.31.33 (260400-0):12)
08-27 16:52:43.934  3615 21295 E FA      : Task exception on worker thread: java.lang.IllegalStateException: Not initialized: m7.qw.n(:com.google.android.gms.dynamite_measurementdynamite@253133035@25.31.33 (260400-0):12)
08-27 16:52:43.934  3615 21295 E FA      : Persisted config not initialized. Not logging error/warn
08-27 16:52:43.934  3615 21295 E FA      : Persisted config not initialized. Not logging error/warn
08-27 16:52:44.020  1330  1353 E mtkpower@impl: [setMode] unknown type
08-27 16:52:44.056 21334 21334 E m.snapwork.hdfc: Not starting debugger since process cannot load the jdwp agent.
08-27 16:52:44.205  1330  1353 E mtkpower@impl: [setMode] unknown type
08-27 16:52:44.301  1633  1671 E mnld    : [libfs_mgr]ReadFstabFromFile(): failed to access() DSU booted indicator: Permission denied
08-27 16:52:44.305  1633  1671 E gps_controlller: linux_gps_init: open_port: Unable to open - /dev/gpsdl0, [Device or resource busy]
08-27 16:52:44.624  2012  2012 E MBrainLocalService: notifyAppSwitch failed
08-27 16:52:44.655  2012  3307 E EventHub: Failed to read sysfs battery info: No such file or directory
08-27 16:52:44.744 21334 21334 E libc    : The property "ro.product.build.fingerprint" has a value with length 95 that is too large for __system_property_get()/__system_property_read(); use __system_property_read_callback() instead.
08-27 16:52:44.744 21334 21334 E libc    : The property "ro.system.build.fingerprint" has a value with length 95 that is too large for __system_property_get()/__system_property_read(); use __system_property_read_callback() instead.
08-27 16:52:44.744 21334 21334 E libc    : The property "ro.system_ext.build.fingerprint" has a value with length 95 that is too large for __system_property_get()/__system_property_read(); use __system_property_read_callback() instead.
08-27 16:52:45.090 21334 21390 E m.snapwork.hdfc: No package ID 6a found for resource ID 0x6a0b000f.
08-27 16:52:45.310  1633  1671 E gps_controlller: linux_gps_init: get COMBO_IOC_GET_GPS_LNA_PIN failed
08-27 16:52:45.365 21334 21407 E GoogleApiManager: Failed to get service from broker. 
08-27 16:52:45.365 21334 21407 E GoogleApiManager: java.lang.SecurityException: Unknown calling package name 'com.google.android.gms'.
08-27 16:52:45.365 21334 21407 E GoogleApiManager: 	at android.os.Parcel.createExceptionOrNull(Parcel.java:3242)
08-27 16:52:45.365 21334 21407 E GoogleApiManager: 	at android.os.Parcel.createException(Parcel.java:3226)
08-27 16:52:45.365 21334 21407 E GoogleApiManager: 	at android.os.Parcel.readException(Parcel.java:3209)
08-27 16:52:45.365 21334 21407 E GoogleApiManager: 	at android.os.Parcel.readException(Parcel.java:3151)
08-27 16:52:45.365 21334 21407 E GoogleApiManager: 	at azvz.a(:com.google.android.gms@253133035@25.31.33 (260400-795226510):36)
08-27 16:52:45.365 21334 21407 E GoogleApiManager: 	at azug.z(:com.google.android.gms@253133035@25.31.33 (260400-795226510):143)
08-27 16:52:45.365 21334 21407 E GoogleApiManager: 	at azbe.run(:com.google.android.gms@253133035@25.31.33 (260400-795226510):42)
08-27 16:52:45.365 21334 21407 E GoogleApiManager: 	at android.os.Handler.handleCallback(Handler.java:959)
08-27 16:52:45.365 21334 21407 E GoogleApiManager: 	at android.os.Handler.dispatchMessage(Handler.java:100)
08-27 16:52:45.365 21334 21407 E GoogleApiManager: 	at ckdc.mH(:com.google.android.gms@253133035@25.31.33 (260400-795226510):1)
08-27 16:52:45.365 21334 21407 E GoogleApiManager: 	at ckdc.dispatchMessage(:com.google.android.gms@253133035@25.31.33 (260400-795226510):5)
08-27 16:52:45.365 21334 21407 E GoogleApiManager: 	at android.os.Looper.loopOnce(Looper.java:267)
08-27 16:52:45.365 21334 21407 E GoogleApiManager: 	at android.os.Looper.loop(Looper.java:371)
08-27 16:52:45.365 21334 21407 E GoogleApiManager: 	at android.os.HandlerThread.run(HandlerThread.java:94)
08-27 16:52:45.599  3213  3213 E WifiHAL : handleResponse: data=0xb400007aff09f030, len=4432
08-27 16:52:45.641  1311  1347 E android.hardware.gnss-service.mediatek: gpsinf_inject_best_location: flags:51, speed:0.000000, bearing:0.000000, h_accuracy:13.352000, v_accuracy:1.366259, s_accuracy:0.000000, b_accuracy:0.000000, timestamp:-347858132 
08-27 16:52:45.641  1633  1684 E mnl2hal : hal2mnl_hdlr: HAL2MNL_GPS_INJECT_BEST_LOCATION h_accuracy:13.352000, timestamp:-347858132 
08-27 16:52:45.671  1692  1752 E agps    : [agps] ERR: [SUPL_CONN_ADP] is_socket_valid  socket_fds[s]=-1 is invalid
08-27 16:52:45.671  1692  1752 E agps    : [agps] ERR: [SUPL_CONN_ADP] soc_close  s=0 is invalid
08-27 16:52:46.035  3213  3213 E WifiHAL : handleResponse: data=0xb400007aff09f030, len=4432
08-27 16:52:47.057  1633  1673 E qepo    : is_quarter_epo_bd_valid: Open QEPO_BD fail(No such file or directory), return
08-27 16:52:47.245  1625  2021 E md_thermal: interval=40 temp: 39200 33400 30700 31300
08-27 16:52:49.058  3213  3213 E WifiHAL : handleResponse: data=0xb400007aff09f030, len=4496
08-27 16:52:52.083  3213  3213 E WifiHAL : handleResponse: data=0xb400007aff09f030, len=4496
08-27 16:52:53.132  2012  2050 E EventHub: Failed to read sysfs battery info: No such file or directory
08-27 16:52:54.706  2012  2186 E AppOps  : attributionTag  not declared in manifest of com.nothing.hearthstone
08-27 16:52:55.105  3213  3213 E WifiHAL : handleResponse: data=0xb400007aff09f030, len=4496
08-27 16:52:55.151 21334 21407 E GoogleApiManager: Failed to get service from broker. 
08-27 16:52:55.151 21334 21407 E GoogleApiManager: java.lang.SecurityException: Unknown calling package name 'com.google.android.gms'.
08-27 16:52:55.151 21334 21407 E GoogleApiManager: 	at android.os.Parcel.createExceptionOrNull(Parcel.java:3242)
08-27 16:52:55.151 21334 21407 E GoogleApiManager: 	at android.os.Parcel.createException(Parcel.java:3226)
08-27 16:52:55.151 21334 21407 E GoogleApiManager: 	at android.os.Parcel.readException(Parcel.java:3209)
08-27 16:52:55.151 21334 21407 E GoogleApiManager: 	at android.os.Parcel.readException(Parcel.java:3151)
08-27 16:52:55.151 21334 21407 E GoogleApiManager: 	at azvz.a(:com.google.android.gms@253133035@25.31.33 (260400-795226510):36)
08-27 16:52:55.151 21334 21407 E GoogleApiManager: 	at azug.z(:com.google.android.gms@253133035@25.31.33 (260400-795226510):143)
08-27 16:52:55.151 21334 21407 E GoogleApiManager: 	at azbe.run(:com.google.android.gms@253133035@25.31.33 (260400-795226510):42)
08-27 16:52:55.151 21334 21407 E GoogleApiManager: 	at android.os.Handler.handleCallback(Handler.java:959)
08-27 16:52:55.151 21334 21407 E GoogleApiManager: 	at android.os.Handler.dispatchMessage(Handler.java:100)
08-27 16:52:55.151 21334 21407 E GoogleApiManager: 	at ckdc.mH(:com.google.android.gms@253133035@25.31.33 (260400-795226510):1)
08-27 16:52:55.151 21334 21407 E GoogleApiManager: 	at ckdc.dispatchMessage(:com.google.android.gms@253133035@25.31.33 (260400-795226510):5)
08-27 16:52:55.151 21334 21407 E GoogleApiManager: 	at android.os.Looper.loopOnce(Looper.java:267)
08-27 16:52:55.151 21334 21407 E GoogleApiManager: 	at android.os.Looper.loop(Looper.java:371)
08-27 16:52:55.151 21334 21407 E GoogleApiManager: 	at android.os.HandlerThread.run(HandlerThread.java:94)
08-27 16:52:58.137  3213  3213 E WifiHAL : handleResponse: data=0xb400007aff09f030, len=4496
08-27 16:53:01.176  3213  3213 E WifiHAL : handleResponse: data=0xb400007aff09f030, len=4496
08-27 16:53:03.143  2012  2050 E EventHub: Failed to read sysfs battery info: No such file or directory
08-27 16:53:04.214  3213  3213 E WifiHAL : handleResponse: data=0xb400007aff09f030, len=4496
08-27 16:53:07.260  3213  3213 E WifiHAL : handleResponse: data=0xb400007aff09f030, len=4496
08-27 16:53:10.299  3213  3213 E WifiHAL : handleResponse: data=0xb400007aff09f030, len=4496
08-27 16:53:13.154  2012  2050 E EventHub: Failed to read sysfs battery info: No such file or directory
08-27 16:53:13.323  3213  3213 E WifiHAL : handleResponse: data=0xb400007aff09f030, len=4496
08-27 16:53:16.353  3213  3213 E WifiHAL : handleResponse: data=0xb400007aff09f030, len=4496
08-27 16:53:19.396  3213  3213 E WifiHAL : handleResponse: data=0xb400007aff09f030, len=4496
08-27 16:53:22.434  3213  3213 E WifiHAL : handleResponse: data=0xb400007aff09f030, len=4496
08-27 16:53:23.164  2012  2050 E EventHub: Failed to read sysfs battery info: No such file or directory
08-27 16:53:25.480  3213  3213 E WifiHAL : handleResponse: data=0xb400007aff09f030, len=4496
08-27 16:53:27.249  1625  2021 E md_thermal: interval=40 temp: 35400 33100 31200 31900
08-27 16:53:28.530  3213  3213 E WifiHAL : handleResponse: data=0xb400007aff09f030, len=4496
08-27 16:53:31.579  3213  3213 E WifiHAL : handleResponse: data=0xb400007aff09f030, len=4496
08-27 16:53:33.176  2012  2050 E EventHub: Failed to read sysfs battery info: No such file or directory
08-27 16:53:34.068  5717 21510 E ZappPhoneskyConn: Unable to bind to Phonesky
08-27 16:53:34.076  5717 21510 E ZappPhoneskyConn: Unable to bind to Phonesky
08-27 16:53:34.076  5717 21510 E DynamicModuleDownloader: Zapp module request failed: null
08-27 16:53:34.623  3213  3213 E WifiHAL : handleResponse: data=0xb400007aff09f030, len=4496
08-27 16:53:37.667  3213  3213 E WifiHAL : handleResponse: data=0xb400007aff09f030, len=4496
08-27 16:53:40.720  3213  3213 E WifiHAL : handleResponse: data=0xb400007aff09f030, len=4496
08-27 16:53:43.187  2012  2050 E EventHub: Failed to read sysfs battery info: No such file or directory
08-27 16:53:43.766  3213  3213 E WifiHAL : handleResponse: data=0xb400007aff09f030, len=4496
08-27 16:53:43.939  3615 21517 E FA      : Persisted config not initialized. Not logging error/warn
08-27 16:53:46.817  3213  3213 E WifiHAL : handleResponse: data=0xb400007aff09f030, len=4496
08-27 16:53:49.866  3213  3213 E WifiHAL : handleResponse: data=0xb400007aff09f030, len=4496
08-27 16:53:52.918  3213  3213 E WifiHAL : handleResponse: data=0xb400007aff09f030, len=4496
08-27 16:53:53.198  2012  2050 E EventHub: Failed to read sysfs battery info: No such file or directory
08-27 16:53:55.972  3213  3213 E WifiHAL : handleResponse: data=0xb400007aff09f030, len=4496
08-27 16:53:56.097  1687  1687 E ipsec_policy_mont: xfrm state: 000000f8 00000018 00000000
08-27 16:53:56.098  1687  1687 E ipsec_policy_mont: xfrm state: 000000f8 00000018 00000000
08-27 16:53:59.022  3213  3213 E WifiHAL : handleResponse: data=0xb400007aff09f030, len=4496
08-27 16:54:02.063  3213  3213 E WifiHAL : handleResponse: data=0xb400007aff09f030, len=4496
08-27 16:54:03.201  2012  2050 E EventHub: Failed to read sysfs battery info: No such file or directory
08-27 16:54:05.104  3213  3213 E WifiHAL : handleResponse: data=0xb400007aff09f030, len=4496
08-27 16:54:07.268  1625  2021 E md_thermal: interval=40 temp: 33600 32200 30900 31200
08-27 16:54:08.141  3213  3213 E WifiHAL : handleResponse: data=0xb400007aff09f030, len=4496
08-27 16:54:11.187  3213  3213 E WifiHAL : handleResponse: data=0xb400007aff09f030, len=4496
08-27 16:54:13.212  2012  2050 E EventHub: Failed to read sysfs battery info: No such file or directory
08-27 16:54:14.235  3213  3213 E WifiHAL : handleResponse: data=0xb400007aff09f030, len=4496
08-27 16:54:17.287  3213  3213 E WifiHAL : handleResponse: data=0xb400007aff09f030, len=4496
08-27 16:54:18.383  3438  3438 E MtkPhoneIntfMgrEx: MainThreadHandler.handleMessage : 3
08-27 16:54:18.473  3438  3438 E MtkPhoneIntfMgrEx: MainThreadHandler.handleMessage : 3
08-27 16:54:18.891  3438  3438 E MtkPhoneIntfMgrEx: MainThreadHandler.handleMessage : 3
08-27 16:54:20.337  3213  3213 E WifiHAL : handleResponse: data=0xb400007aff09f030, len=4496
08-27 16:54:22.838  3580  6935 E BluetoothDevice: BT not enabled. Cannot get Remote Device name
08-27 16:54:22.838  4246 17636 E BluetoothDevice: BT not enabled. Cannot get Remote Device name
08-27 16:54:23.223  2012  2050 E EventHub: Failed to read sysfs battery info: No such file or directory
08-27 16:54:23.384  3213  3213 E WifiHAL : handleResponse: data=0xb400007aff09f030, len=4496
08-27 16:54:26.425  3213  3213 E WifiHAL : handleResponse: data=0xb400007aff09f030, len=4496
08-27 16:54:29.466  3213  3213 E WifiHAL : handleResponse: data=0xb400007aff09f030, len=4496
08-27 16:54:32.513  3213  3213 E WifiHAL : handleResponse: data=0xb400007aff09f030, len=4496
08-27 16:54:33.228  2012  2050 E EventHub: Failed to read sysfs battery info: No such file or directory
08-27 16:54:34.792  5717 21528 E ZappPhoneskyConn: Unable to bind to Phonesky
08-27 16:54:34.799  5717 21528 E ZappPhoneskyConn: Unable to bind to Phonesky
08-27 16:54:34.799  5717 21528 E DynamicModuleDownloader: Zapp module request failed: null
08-27 16:54:35.360  1666 21537 E top_control_mgr: [TopCtrlMgr] error : [TopCtrlMgr] contructor (TopCtrlMgr){#158:vendor/mediatek/proprietary/hardware/mtkcam-core/aaa/TopCtrlMgr/isp_70/TopCtrlMgr.cpp}
08-27 16:54:35.370  1666 21541 E SCP-HfManager: successfully try 1 times to wait device ready
08-27 16:54:35.376  1666 21542 E StrobeDrvFlashlight: getMaxDuty(): failed. (getMaxDuty){#271:vendor/mediatek/proprietary/hardware/mtkcam-core/aaa/peripheraldriver/strobe/strobe_drv_flashlight.cpp}
08-27 16:54:35.387  1666 21542 E ae_mgr_v4l2: [1][initializeCPUAE] The platform is not set yet! line:960
08-27 16:54:35.387  1666 21542 E ae_mgr_v4l2:  (initializeCPUAE){#960:vendor/mediatek/proprietary/hardware/libcam_hal/libmgr/ae_mgr/ae_mgr_flow.cpp}
08-27 16:54:35.420  1666  2043 E mtkcam-hal-custom: [1-custom-session::configureStreams] null entry MTK_LOGICAL_MULTI_CAMERA_PHYSICAL_IDS! (configureStreams){#303:vendor/mediatek/proprietary/hardware/mtkcam-android/main/hal/custom/device/3.x/CusCameraDeviceSession.cpp}
08-27 16:54:35.425  1666  2043 E PIPINFO : [getRawResById] cannot find deviceId(1) (getRawResById){#273:vendor/mediatek/proprietary/hardware/mtkcam-android/feature/common/pip/PIPInfo.cpp}
08-27 16:54:35.436  1666  2043 E MtkCam/Plugin_S_DUAL: [S_DUAL_Plugin] faile to create ImageTransform (S_DUAL_Plugin){#312:vendor/mediatek/proprietary/hardware/mtkcam-core/thirdparty/mtk/s_dual/sample_streaming_dual.cpp}
08-27 16:54:35.437  1666  2043 E Morpho_VIDEOEIS: [sessionConfig] can not find NOTHING_CAMERA_EIS_SUPEREIS_MODE from pAppMetadata (sessionConfig){#424:vendor/mediatek/proprietary/hardware/mtkcam-core/nothing/thirdparty/morpho/morphoeis/morpho_streaming_videoeis.cpp}
08-27 16:54:35.437  1666  2043 E Morpho_VIDEOEIS: [sessionConfig] can not find MTK_HDR_FEATURE_HDR_MODE from pAppMetadata (sessionConfig){#428:vendor/mediatek/proprietary/hardware/mtkcam-core/nothing/thirdparty/morpho/morphoeis/morpho_streaming_videoeis.cpp}
08-27 16:54:35.457  1666  2043 S walog/factor: OpticalZoomFactor ver: 1.0.3.0001.A0000+r23120616.01c86f9b
08-27 16:54:35.469  1666  2043 E MtkCam/PrivateNodeHelper: ( 144) [addPrivateNodeLocked] Wrong setting ! skip node(sensorId, channelId, nodeId) :(1, 1, 8) (addPrivateNodeLocked){#144:vendor/mediatek/proprietary/hardware/mtkcam-core/hw/camsys/cam_coordinator/PrivateNodeHelper/PrivateNodeHelper-isp7.cpp}
08-27 16:54:35.480  1634  3173 E AidlCamera3-Device: configureStreams: Stream 0: Format override not allowed for format 0x23
08-27 16:54:35.491  1666 21561 E MetadataHelper: [operator()] [idx(1)] MTK_LOGICAL_MULTI_CAMERA_PHYSICAL_IDS are not defined (operator()){#336:vendor/mediatek/proprietary/hardware/mtkcam-core/aaa/aaahal/source/Hal3AFlowCtrl/v1.0/metadata_helper/MetadataHelper.cpp}
08-27 16:54:35.491  1666 21561 E MetadataHelper: [operator()] [idx(1)] query MTK_3A_FEATURE_AE_TARGET_MODE Fail !! (operator()){#1895:vendor/mediatek/proprietary/hardware/mtkcam-core/aaa/aaahal/source/Hal3AFlowCtrl/v1.0/metadata_helper/MetadataHelper.cpp}
08-27 16:54:35.491  1666 21561 E MetadataHelper: [operator()] [idx(1)] query MTK_3A_ISP_FUS_NUM Fail !! (operator()){#1902:vendor/mediatek/proprietary/hardware/mtkcam-core/aaa/aaahal/source/Hal3AFlowCtrl/v1.0/metadata_helper/MetadataHelper.cpp}
08-27 16:54:35.491  1666 21561 E MetadataHelper: [operator()] [idx(1)] query MTK_HDR_FEATURE_HDR_HAL_MODE Fail !! (operator()){#1919:vendor/mediatek/proprietary/hardware/mtkcam-core/aaa/aaahal/source/Hal3AFlowCtrl/v1.0/metadata_helper/MetadataHelper.cpp}
08-27 16:54:35.491  1666 21561 E MetadataHelper: [operator()] [idx(1)] query MTK_3A_FEATURE_AE_VALID_EXPOSURE_NUM Fail !! (operator()){#1927:vendor/mediatek/proprietary/hardware/mtkcam-core/aaa/aaahal/source/Hal3AFlowCtrl/v1.0/metadata_helper/MetadataHelper.cpp}
08-27 16:54:35.491  1666 21561 E MetadataHelper: [operator()] [idx(1)] [operator()] query MTK_CONTROL_ZOOM_RATIO Fail !! (operator()){#2011:vendor/mediatek/proprietary/hardware/mtkcam-core/aaa/aaahal/source/Hal3AFlowCtrl/v1.0/metadata_helper/MetadataHelper.cpp}
08-27 16:54:35.491  1666 21561 E MetadataHelper: [operator()] [idx(1)] [operator()] query MTK_CONTROL_STREAMING_HINT_FOR_CUSTOM_TUNING Fail !! (operator()){#2034:vendor/mediatek/proprietary/hardware/mtkcam-core/aaa/aaahal/source/Hal3AFlowCtrl/v1.0/metadata_helper/MetadataHelper.cpp}
08-27 16:54:35.491  1666 21561 E MetadataHelper: [operator()] [idx(1)] [operator()] query MTK_CONTROL_CAPTURE_HINT_FOR_CUSTOM_TUNING Fail !! (operator()){#2052:vendor/mediatek/proprietary/hardware/mtkcam-core/aaa/aaahal/source/Hal3AFlowCtrl/v1.0/metadata_helper/MetadataHelper.cpp}
08-27 16:54:35.491  1666 21561 E MetadataHelper: [operator()] [idx(1)] [operator()] query NOTHING_CAMERA_HINT_FOR_CUSTOM_TUNING Fail !! (operator()){#2065:vendor/mediatek/proprietary/hardware/mtkcam-core/aaa/aaahal/source/Hal3AFlowCtrl/v1.0/metadata_helper/MetadataHelper.cpp}
08-27 16:54:35.491  1666 21561 E MetadataHelper: [operator()] [idx(1)] query MTK_MULTI_CAM_FEATURE_MODE Fail !! (operator()){#2087:vendor/mediatek/proprietary/hardware/mtkcam-core/aaa/aaahal/source/Hal3AFlowCtrl/v1.0/metadata_helper/MetadataHelper.cpp}
