08-27 16:57:58.185     0     0 E [T223103] aw32280_resume: Resume successfully!
08-27 16:57:58.224     0     0 E [T723103] nt_charger_pm_event: enter PM_POST_SUSPEND
08-27 16:57:58.752 23103 23103 E nt_charger_pm_event: enter PM_SUSPEND_PREPARE
08-27 16:57:58.788     0     0 E         : [T423103] Freezing of tasks aborted after 0.013 seconds
08-27 16:58:27.517  1372  1372 E ccci_rpcd: Failed to read from RPC device (-1) !! errno = 4
08-27 16:57:58.796     0     0 E [T623103] nt_charger_pm_event: enter PM_POST_SUSPEND
08-27 16:57:59.137     0     0 E [T323103] nt_charger_pm_event: enter PM_SUSPEND_PREPARE
08-27 16:57:59.170     0     0 E         : [T423103] Freezing of tasks aborted after 0.011 seconds
08-27 16:58:27.899  1372  1372 E ccci_rpcd: Failed to read from RPC device (-1) !! errno = 4
08-27 16:57:59.177     0     0 E [T723103] nt_charger_pm_event: enter PM_POST_SUSPEND
08-27 16:57:59.747     0     0 E [T223103] nt_charger_pm_event: enter PM_SUSPEND_PREPARE
08-27 16:57:59.783     0     0 E         : [T423103] Freezing of tasks aborted after 0.011 seconds
08-27 16:58:28.513  1372  1372 E ccci_rpcd: Failed to read from RPC device (-1) !! errno = 4
08-27 16:57:59.790     0     0 E [T623103] nt_charger_pm_event: enter PM_POST_SUSPEND
08-27 16:58:00.614     0     0 E [T223103] nt_charger_pm_event: enter PM_SUSPEND_PREPARE
08-27 16:58:00.651     0     0 E         : [T523103] Freezing of tasks aborted after 0.012 seconds
08-27 16:58:29.383  1372  1372 E ccci_rpcd: Failed to read from RPC device (-1) !! errno = 4
08-27 16:58:00.658     0     0 E [T723103] nt_charger_pm_event: enter PM_POST_SUSPEND
08-27 16:58:02.572     0     0 E [T223103] nt_charger_pm_event: enter PM_SUSPEND_PREPARE
08-27 16:58:02.607     0     0 E         : [T223103] Freezing of tasks aborted after 0.012 seconds
08-27 16:58:31.337  1372  1372 E ccci_rpcd: Failed to read from RPC device (-1) !! errno = 4
08-27 16:58:02.614     0     0 E [T623103] nt_charger_pm_event: enter PM_POST_SUSPEND
08-27 16:58:05.841 23103 23103 E nt_charger_pm_event: enter PM_SUSPEND_PREPARE
08-27 16:58:05.880     0     0 E         : [T223103] Freezing of tasks aborted after 0.013 seconds
08-27 16:58:34.609  1372  1372 E ccci_rpcd: Failed to read from RPC device (-1) !! errno = 4
08-27 16:58:05.887     0     0 E [T623103] nt_charger_pm_event: enter PM_POST_SUSPEND
08-27 16:58:34.856  2012  2072 E system_server: updateValue is called with a value 62611, which is lower than the previous value 62618
08-27 16:58:35.416  1625  2021 E md_thermal: interval=40 temp: 32200 30800 30300 30400
08-27 16:58:40.612 23103 23103 E nt_charger_pm_event: enter PM_SUSPEND_PREPARE
08-27 16:58:40.646     0     0 E         : [T423103] Freezing of tasks aborted after 0.011 seconds
08-27 16:58:41.067  1372  1372 E ccci_rpcd: Failed to read from RPC device (-1) !! errno = 4
08-27 16:58:40.653     0     0 E [T723103] nt_charger_pm_event: enter PM_POST_SUSPEND
08-27 16:58:45.186  3213  3213 E WifiHAL : handleResponse: data=0xb400007aff09f030, len=4496
08-27 16:58:49.328     0     0 E         : [C500000] [nt_charger_alarm_timer_func][1594]
08-27 16:58:49.338     0     0 E [T300276] check_pps_status: typec_attach=0, pd_type=0
08-27 16:58:49.338     0     0 E [T300276] cooling_state_to_charger_limit: lst_rnd_alg_idx :-1
08-27 16:58:53.505 23103 23103 E nt_charger_pm_event: enter PM_SUSPEND_PREPARE
08-27 16:58:53.544     0     0 E         : [T123103] Freezing of tasks aborted after 0.013 seconds
08-27 16:58:53.966  1372  1372 E ccci_rpcd: Failed to read from RPC device (-1) !! errno = 4
08-27 16:58:53.551     0     0 E [T723103] nt_charger_pm_event: enter PM_POST_SUSPEND
08-27 16:59:15.422  1625  2021 E md_thermal: interval=40 temp: 32300 30500 30300 30300
08-27 16:59:19.176 23103 23103 E nt_charger_pm_event: enter PM_SUSPEND_PREPARE
08-27 16:59:19.633  1372  1372 E ccci_rpcd: Failed to read from RPC device (-1) !! errno = 4
08-27 16:59:19.211     0     0 E         : [T323103] Freezing of tasks aborted after 0.012 seconds
08-27 16:59:19.218     0     0 E [T723103] nt_charger_pm_event: enter PM_POST_SUSPEND
08-27 16:59:55.438  1625  2021 E md_thermal: interval=40 temp: 31800 30500 30200 30300
08-27 17:00:10.446     0     0 E [T423103] nt_charger_pm_event: enter PM_SUSPEND_PREPARE
08-27 17:00:10.482     0     0 E         : [T423103] Freezing of tasks aborted after 0.011 seconds
08-27 17:00:10.904  1372  1372 E ccci_rpcd: Failed to read from RPC device (-1) !! errno = 4
08-27 17:00:10.489     0     0 E [T623103] nt_charger_pm_event: enter PM_POST_SUSPEND
08-27 17:00:35.443  1625  2021 E md_thermal: interval=40 temp: 31800 30400 30200 30300
08-27 17:00:49.409     0     0 E         : [C300000] [nt_charger_alarm_timer_func][1594]
08-27 17:00:49.419   276   276 E check_pps_status: typec_attach=0, pd_type=0
08-27 17:00:49.419   276   276 E cooling_state_to_charger_limit: lst_rnd_alg_idx :-1
08-27 17:01:10.510     0     0 E [T323103] nt_charger_pm_event: enter PM_SUSPEND_PREPARE
08-27 17:01:10.548     0     0 E         : [T423103] Freezing of tasks aborted after 0.013 seconds
08-27 17:01:10.973  1372  1372 E ccci_rpcd: Failed to read from RPC device (-1) !! errno = 4
08-27 17:01:10.554     0     0 E [T723103] nt_charger_pm_event: enter PM_POST_SUSPEND
08-27 17:01:15.459  1625  2021 E md_thermal: interval=40 temp: 31600 30300 30100 30200
08-27 17:01:55.463  1625  2021 E md_thermal: interval=40 temp: 31300 30100 30000 30100
08-27 17:02:10.916     0     0 E [T123103] nt_charger_pm_event: enter PM_SUSPEND_PREPARE
08-27 17:02:10.951     0     0 E         : [T523103] Freezing of tasks aborted after 0.013 seconds
08-27 17:02:11.373  1372  1372 E ccci_rpcd: Failed to read from RPC device (-1) !! errno = 4
08-27 17:02:10.958     0     0 E [T723103] nt_charger_pm_event: enter PM_POST_SUSPEND
08-27 17:02:35.478  1625  2021 E md_thermal: interval=40 temp: 31400 30100 29900 30000
08-27 17:02:49.484     0     0 E         : [C400000] [nt_charger_alarm_timer_func][1594]
08-27 17:02:49.493     0     0 E [T300276] check_pps_status: typec_attach=0, pd_type=0
08-27 17:02:49.493     0     0 E [T300276] cooling_state_to_charger_limit: lst_rnd_alg_idx :-1
