--------- beginning of system
08-27 14:49:59.352 11407 11407 E LoadedApk: Unable to instantiate appComponentFactory
08-27 14:49:59.352 11407 11407 E LoadedApk: java.lang.ClassNotFoundException: Didn't find class "com.axis.mobile.whateverString" on path: DexPathList[[zip file "/data/app/~~cRJYPI_Jl7E92gPEmI8PLQ==/com.axis.mobile-a0o8mCWySlg8O2hph53bgQ==/base.apk", zip file "/data/app/~~cRJYPI_Jl7E92gPEmI8PLQ==/com.axis.mobile-a0o8mCWySlg8O2hph53bgQ==/split_config.arm64_v8a.apk", zip file "/data/app/~~cRJYPI_Jl7E92gPEmI8PLQ==/com.axis.mobile-a0o8mCWySlg8O2hph53bgQ==/split_config.xxhdpi.apk"],nativeLibraryDirectories=[/data/app/~~cRJYPI_Jl7E92gPEmI8PLQ==/com.axis.mobile-a0o8mCWySlg8O2hph53bgQ==/lib/arm64, /data/app/~~cRJYPI_Jl7E92gPEmI8PLQ==/com.axis.mobile-a0o8mCWySlg8O2hph53bgQ==/base.apk!/lib/arm64-v8a, /data/app/~~cRJYPI_Jl7E92gPEmI8PLQ==/com.axis.mobile-a0o8mCWySlg8O2hph53bgQ==/split_config.arm64_v8a.apk!/lib/arm64-v8a, /data/app/~~cRJYPI_Jl7E92gPEmI8PLQ==/com.axis.mobile-a0o8mCWySlg8O2hph53bgQ==/split_config.xxhdpi.apk!/lib/arm64-v8a, /system/lib64, /system_ext/lib64]]
08-27 14:49:59.352 11407 11407 E LoadedApk: 	at dalvik.system.BaseDexClassLoader.findClass(BaseDexClassLoader.java:259)
08-27 14:49:59.352 11407 11407 E LoadedApk: 	at java.lang.ClassLoader.loadClass(ClassLoader.java:637)
08-27 14:49:59.352 11407 11407 E LoadedApk: 	at java.lang.ClassLoader.loadClass(ClassLoader.java:573)
08-27 14:49:59.352 11407 11407 E LoadedApk: 	at android.app.LoadedApk.createAppFactory(LoadedApk.java:282)
08-27 14:49:59.352 11407 11407 E LoadedApk: 	at android.app.LoadedApk.createOrUpdateClassLoaderLocked(LoadedApk.java:1057)
08-27 14:49:59.352 11407 11407 E LoadedApk: 	at android.app.LoadedApk.getClassLoader(LoadedApk.java:1148)
08-27 14:49:59.352 11407 11407 E LoadedApk: 	at android.app.LoadedApk.getResources(LoadedApk.java:1396)
08-27 14:49:59.352 11407 11407 E LoadedApk: 	at android.app.ContextImpl.createAppContext(ContextImpl.java:3426)
08-27 14:49:59.352 11407 11407 E LoadedApk: 	at android.app.ContextImpl.createAppContext(ContextImpl.java:3417)
08-27 14:49:59.352 11407 11407 E LoadedApk: 	at android.app.ActivityThread.handleBindApplication(ActivityThread.java:7510)
08-27 14:49:59.352 11407 11407 E LoadedApk: 	at android.app.ActivityThread.-$$Nest$mhandleBindApplication(Unknown Source:0)
08-27 14:49:59.352 11407 11407 E LoadedApk: 	at android.app.ActivityThread$H.handleMessage(ActivityThread.java:2487)
08-27 14:49:59.352 11407 11407 E LoadedApk: 	at android.os.Handler.dispatchMessage(Handler.java:107)
08-27 14:49:59.352 11407 11407 E LoadedApk: 	at android.os.Looper.loopOnce(Looper.java:267)
08-27 14:49:59.352 11407 11407 E LoadedApk: 	at android.os.Looper.loop(Looper.java:371)
08-27 14:49:59.352 11407 11407 E LoadedApk: 	at android.app.ActivityThread.main(ActivityThread.java:8836)
08-27 14:49:59.352 11407 11407 E LoadedApk: 	at java.lang.reflect.Method.invoke(Native Method)
08-27 14:49:59.352 11407 11407 E LoadedApk: 	at com.android.internal.os.RuntimeInit$MethodAndArgsCaller.run(RuntimeInit.java:620)
08-27 14:49:59.352 11407 11407 E LoadedApk: 	at com.android.internal.os.ZygoteInit.main(ZygoteInit.java:966)
08-27 14:49:59.352 11407 11407 E LoadedApk: 	Suppressed: java.io.IOException: Failed to open dex files from /data/app/~~cRJYPI_Jl7E92gPEmI8PLQ==/com.axis.mobile-a0o8mCWySlg8O2hph53bgQ==/split_config.arm64_v8a.apk because: Failed to find entry 'classes.dex': Entry not found
08-27 14:49:59.352 11407 11407 E LoadedApk: 		at dalvik.system.DexFile.openDexFileNative(Native Method)
08-27 14:49:59.352 11407 11407 E LoadedApk: 		at dalvik.system.DexFile.openDexFile(DexFile.java:406)
08-27 14:49:59.352 11407 11407 E LoadedApk: 		at dalvik.system.DexFile.<init>(DexFile.java:128)
08-27 14:49:59.352 11407 11407 E LoadedApk: 		at dalvik.system.DexFile.<init>(DexFile.java:101)
08-27 14:49:59.352 11407 11407 E LoadedApk: 		at dalvik.system.DexPathList.loadDexFile(DexPathList.java:438)
08-27 14:49:59.352 11407 11407 E LoadedApk: 		at dalvik.system.DexPathList.makeDexElements(DexPathList.java:397)
08-27 14:49:59.352 11407 11407 E LoadedApk: 		at dalvik.system.DexPathList.<init>(DexPathList.java:166)
08-27 14:49:59.352 11407 11407 E LoadedApk: 		at dalvik.system.BaseDexClassLoader.<init>(BaseDexClassLoader.java:160)
08-27 14:49:59.352 11407 11407 E LoadedApk: 		at dalvik.system.BaseDexClassLoader.<init>(BaseDexClassLoader.java:130)
08-27 14:49:59.352 11407 11407 E LoadedApk: 		at dalvik.system.PathClassLoader.<init>(PathClassLoader.java:146)
08-27 14:49:59.352 11407 11407 E LoadedApk: 		at com.android.internal.os.ClassLoaderFactory.createClassLoader(ClassLoaderFactory.java:93)
08-27 14:49:59.352 11407 11407 E LoadedApk: 		at com.android.internal.os.ClassLoaderFactory.createClassLoader(ClassLoaderFactory.java:134)
08-27 14:49:59.352 11407 11407 E LoadedApk: 		at android.app.ApplicationLoaders.getClassLoader(ApplicationLoaders.java:126)
08-27 14:49:59.352 11407 11407 E LoadedApk: 		at android.app.ApplicationLoaders.getClassLoaderWithSharedLibraries(ApplicationLoaders.java:61)
08-27 14:49:59.352 11407 11407 E LoadedApk: 		at android.app.LoadedApk.createOrUpdateClassLoaderLocked(LoadedApk.java:1052)
08-27 14:49:59.352 11407 11407 E LoadedApk: 		... 14 more
08-27 14:49:59.352 11407 11407 E LoadedApk: 	Suppressed: java.io.IOException: Failed to open dex files from /data/app/~~cRJYPI_Jl7E92gPEmI8PLQ==/com.axis.mobile-a0o8mCWySlg8O2hph53bgQ==/split_config.xxhdpi.apk because: Failed to find entry 'classes.dex': Entry not found
08-27 14:49:59.352 11407 11407 E LoadedApk: 		at dalvik.system.DexFile.openDexFileNative(Native Method)
08-27 14:49:59.352 11407 11407 E LoadedApk: 		at dalvik.system.DexFile.openDexFile(DexFile.java:406)
08-27 14:49:59.352 11407 11407 E LoadedApk: 		at dalvik.system.DexFile.<init>(DexFile.java:128)
08-27 14:49:59.352 11407 11407 E LoadedApk: 		at dalvik.system.DexFile.<init>(DexFile.java:101)
08-27 14:49:59.352 11407 11407 E LoadedApk: 		at dalvik.system.DexPathList.loadDexFile(DexPathList.java:438)
08-27 14:49:59.352 11407 11407 E LoadedApk: 		at dalvik.system.DexPathList.makeDexElements(DexPathList.java:397)
08-27 14:49:59.352 11407 11407 E LoadedApk: 		at dalvik.system.DexPathList.<init>(DexPathList.java:166)
08-27 14:49:59.352 11407 11407 E LoadedApk: 		at dalvik.system.BaseDexClassLoader.<init>(BaseDexClassLoader.java:160)
08-27 14:49:59.352 11407 11407 E LoadedApk: 		at dalvik.system.BaseDexClassLoader.<init>(BaseDexClassLoader.java:130)
08-27 14:49:59.352 11407 11407 E LoadedApk: 		at dalvik.system.PathClassLoader.<init>(PathClassLoader.java:146)
08-27 14:49:59.352 11407 11407 E LoadedApk: 		at com.android.internal.os.ClassLoaderFactory.createClassLoader(ClassLoaderFactory.java:93)
08-27 14:49:59.352 11407 11407 E LoadedApk: 		at com.android.internal.os.ClassLoaderFactory.createClassLoader(ClassLoaderFactory.java:134)
08-27 14:49:59.352 11407 11407 E LoadedApk: 		at android.app.ApplicationLoaders.getClassLoader(ApplicationLoaders.java:126)
08-27 14:49:59.352 11407 11407 E LoadedApk: 		at android.app.ApplicationLoaders.getClassLoaderWithSharedLibraries(ApplicationLoaders.java:61)
08-27 14:49:59.352 11407 11407 E LoadedApk: 		at android.app.LoadedApk.createOrUpdateClassLoaderLocked(LoadedApk.java:1052)
08-27 14:49:59.352 11407 11407 E LoadedApk: 		... 14 more
08-27 14:49:59.595  2012  3172 E MR2SystemProvider: Could not map this selected device attribute type to an available route: 1
08-27 14:50:23.366  2012  7263 E TaskPersister: File error accessing recents directory (directory doesn't exist?).
08-27 14:50:23.580  2012  4506 E MultiBiometricLockoutState: getAuthMapForUser : 0 containsKey:true
08-27 14:50:23.580  2012  4506 E MultiBiometricLockoutState: getLockoutState strength:15 mPermanentlyLockedOut: false mTimedLockout:false
08-27 14:50:23.600  2012  4893 E BiometricService: Non-biometric, non-credential bits found. Authenticators: 65536
08-27 14:50:23.604  2012  4893 E MultiBiometricLockoutState: getAuthMapForUser : 0 containsKey:true
08-27 14:50:23.604  2012  4893 E MultiBiometricLockoutState: getLockoutState strength:15 mPermanentlyLockedOut: false mTimedLockout:false
08-27 14:50:23.607  2012  4893 E MultiBiometricLockoutState: getAuthMapForUser : 0 containsKey:true
08-27 14:50:23.607  2012  4893 E MultiBiometricLockoutState: getLockoutState strength:15 mPermanentlyLockedOut: false mTimedLockout:false
08-27 14:50:23.614  2012  4893 E MultiBiometricLockoutState: getAuthMapForUser : 0 containsKey:true
08-27 14:50:23.614  2012  4893 E MultiBiometricLockoutState: getLockoutState strength:15 mPermanentlyLockedOut: false mTimedLockout:false
08-27 14:50:23.647  2012  4506 E MultiBiometricLockoutState: getAuthMapForUser : 0 containsKey:true
08-27 14:50:23.647  2012  4506 E MultiBiometricLockoutState: getLockoutState strength:15 mPermanentlyLockedOut: false mTimedLockout:false
08-27 14:52:53.949  2012  2012 E MBrainLocalService: notifyAppSwitch failed
08-27 14:52:53.984  2012  2012 E VibratorManagerService: onCallStateChanged, state=0
08-27 14:52:54.156  2012  2012 E MBrainLocalService: notifyAppSwitch failed
08-27 14:52:54.254  2012  2012 E MBrainLocalService: notifyAppSwitch failed
08-27 14:52:54.350  2012  2012 E MBrainLocalService: notifyAppSwitch failed
08-27 14:52:55.729  2012  3174 E MultiBiometricLockoutState: getAuthMapForUser : 0 containsKey:true
08-27 14:52:55.729  2012  3174 E MultiBiometricLockoutState: getLockoutState strength:15 mPermanentlyLockedOut: false mTimedLockout:false
08-27 14:52:55.824  2012  2012 E ScreenIntentReceiver: notifyChange failed
08-27 14:52:57.952  2012  7263 E TaskPersister: File error accessing recents directory (directory doesn't exist?).
08-27 14:55:02.149  2012  3123 E MultiBiometricLockoutState: getAuthMapForUser : 0 containsKey:true
08-27 14:55:02.149  2012  3123 E MultiBiometricLockoutState: getAuthMapForUser : 0 containsKey:true
08-27 14:55:02.149  2012  3123 E MultiBiometricLockoutState: clearTimedLockout : 0 strength:4095
08-27 14:55:02.149  2012  3123 E MultiBiometricLockoutState: getAuthMapForUser : 0 containsKey:true
08-27 14:55:02.149  2012  3123 E MultiBiometricLockoutState: getAuthMapForUser : 0 containsKey:true
08-27 14:55:02.149  2012  3123 E MultiBiometricLockoutState: clearTimedLockout : 0 strength:255
08-27 14:55:02.149  2012  3123 E MultiBiometricLockoutState: getAuthMapForUser : 0 containsKey:true
08-27 14:55:02.149  2012  3123 E MultiBiometricLockoutState: getAuthMapForUser : 0 containsKey:true
08-27 14:55:02.149  2012  3123 E MultiBiometricLockoutState: clearTimedLockout : 0 strength:15
08-27 14:55:02.278  2012  2012 E ScreenIntentReceiver: notifyChange failed
08-27 14:55:02.298  2012  3174 E FingerprintProvider/default: onPointerUp received during client: null
08-27 14:55:02.461  2012  2012 E ScreenIntentReceiver: notifyChange failed
08-27 14:55:03.149  2012  2012 E MBrainLocalService: notifyAppSwitch failed
08-27 14:55:12.644  2012  2012 E MBrainLocalService: notifyAppSwitch failed
08-27 14:55:12.667  2012  2012 E MBrainLocalService: notifyAppSwitch failed
08-27 14:55:15.647  2012  7263 E TaskPersister: File error accessing recents directory (directory doesn't exist?).
08-27 14:55:18.423  2012  3174 E MultiBiometricLockoutState: getAuthMapForUser : 0 containsKey:true
08-27 14:55:18.423  2012  3174 E MultiBiometricLockoutState: getLockoutState strength:15 mPermanentlyLockedOut: false mTimedLockout:false
08-27 14:55:18.553  2012  2012 E ScreenIntentReceiver: notifyChange failed
08-27 14:55:19.581  2012  2012 E MBrainLocalService: notifyAppSwitch failed
08-27 14:56:38.756  2012  2012 E ChargeIntentReceiver: notifyChange failed
08-27 14:56:38.966 12564 12578 E ActivityThread: Failed to find provider info for com.nothing.proxy.onlineconfig.provider
08-27 14:57:52.072  2012  3307 E AppOps  : Bad call made by uid 1001. Package "com.android.phone" does not belong to uid 1000.
08-27 14:57:52.072  2012  3307 E AppOps  : Cannot noteOperation: non-application UID 1000
08-27 14:57:52.072  2012  4526 E AppOps  : Bad call made by uid 1001. Package "com.android.phone" does not belong to uid 1000.
08-27 14:57:52.072  2012  4526 E AppOps  : Cannot noteOperation: non-application UID 1000
08-27 14:57:52.075  2012  3141 E AppOps  : attributionTag VCN not declared in manifest of android
08-27 14:57:52.077  2012  3141 E AppOps  : attributionTag VCN not declared in manifest of android
08-27 14:58:42.468  2012  2040 E AppOps  : Bad call made by uid 1001. Package "com.android.phone" does not belong to uid 1000.
08-27 14:58:42.468  2012  2040 E AppOps  : Cannot noteOperation: non-application UID 1000
08-27 14:58:42.469  2012  3141 E AppOps  : attributionTag VCN not declared in manifest of android
08-27 14:58:42.469  2012  2172 E AppOps  : Bad call made by uid 1001. Package "com.android.phone" does not belong to uid 1000.
08-27 14:58:42.470  2012  2172 E AppOps  : Cannot noteOperation: non-application UID 1000
08-27 14:58:42.471  2012  3141 E AppOps  : attributionTag VCN not declared in manifest of android
08-27 14:59:11.123  2012  4571 E AppOps  : Bad call made by uid 1001. Package "com.android.phone" does not belong to uid 1000.
08-27 14:59:11.123  2012  4571 E AppOps  : Cannot noteOperation: non-application UID 1000
08-27 14:59:11.124  2012  3307 E AppOps  : Bad call made by uid 1001. Package "com.android.phone" does not belong to uid 1000.
08-27 14:59:11.124  2012  3307 E AppOps  : Cannot noteOperation: non-application UID 1000
08-27 14:59:11.128  2012  3141 E AppOps  : attributionTag VCN not declared in manifest of android
08-27 14:59:11.129  2012  3141 E AppOps  : attributionTag VCN not declared in manifest of android
08-27 14:59:23.482  2012  3141 E AppOps  : attributionTag VCN not declared in manifest of android
08-27 14:59:23.483  2012  3141 E AppOps  : attributionTag VCN not declared in manifest of android
08-27 14:59:23.483  2012  4571 E AppOps  : Bad call made by uid 1001. Package "com.android.phone" does not belong to uid 1000.
08-27 14:59:23.483  2012  4571 E AppOps  : Cannot noteOperation: non-application UID 1000
08-27 14:59:23.484  2012  4571 E AppOps  : Bad call made by uid 1001. Package "com.android.phone" does not belong to uid 1000.
08-27 14:59:23.484  2012  4571 E AppOps  : Cannot noteOperation: non-application UID 1000
08-27 14:59:24.432  2012  5605 E AppOps  : Bad call made by uid 1001. Package "com.android.phone" does not belong to uid 1000.
08-27 14:59:24.432  2012  5605 E AppOps  : Cannot noteOperation: non-application UID 1000
08-27 14:59:24.433  2012  2172 E AppOps  : Bad call made by uid 1001. Package "com.android.phone" does not belong to uid 1000.
08-27 14:59:24.433  2012  2172 E AppOps  : Cannot noteOperation: non-application UID 1000
08-27 14:59:24.436  2012  3141 E AppOps  : attributionTag VCN not declared in manifest of android
08-27 14:59:24.438  2012  3141 E AppOps  : attributionTag VCN not declared in manifest of android
08-27 14:59:49.676  2012  3123 E MultiBiometricLockoutState: getAuthMapForUser : 0 containsKey:true
08-27 14:59:49.676  2012  3123 E MultiBiometricLockoutState: getAuthMapForUser : 0 containsKey:true
08-27 14:59:49.676  2012  3123 E MultiBiometricLockoutState: clearTimedLockout : 0 strength:4095
08-27 14:59:49.676  2012  3123 E MultiBiometricLockoutState: getAuthMapForUser : 0 containsKey:true
08-27 14:59:49.676  2012  3123 E MultiBiometricLockoutState: getAuthMapForUser : 0 containsKey:true
08-27 14:59:49.676  2012  3123 E MultiBiometricLockoutState: clearTimedLockout : 0 strength:255
08-27 14:59:49.676  2012  3123 E MultiBiometricLockoutState: getAuthMapForUser : 0 containsKey:true
08-27 14:59:49.676  2012  3123 E MultiBiometricLockoutState: getAuthMapForUser : 0 containsKey:true
08-27 14:59:49.676  2012  3123 E MultiBiometricLockoutState: clearTimedLockout : 0 strength:15
08-27 14:59:49.832  2012  2012 E ScreenIntentReceiver: notifyChange failed
08-27 14:59:50.090  2012  2012 E ScreenIntentReceiver: notifyChange failed
08-27 14:59:50.513  2012  3141 E AppOps  : attributionTag VCN not declared in manifest of android
08-27 14:59:50.516  2012  3141 E AppOps  : attributionTag VCN not declared in manifest of android
08-27 14:59:50.516  2012  4564 E AppOps  : Bad call made by uid 1001. Package "com.android.phone" does not belong to uid 1000.
08-27 14:59:50.516  2012  4564 E AppOps  : Cannot noteOperation: non-application UID 1000
08-27 14:59:50.518  2012  2040 E AppOps  : Bad call made by uid 1001. Package "com.android.phone" does not belong to uid 1000.
08-27 14:59:50.518  2012  2040 E AppOps  : Cannot noteOperation: non-application UID 1000
08-27 15:01:16.355  2012  2012 E MBrainLocalService: notifyAppSwitch failed
08-27 15:01:17.889  2012  3174 E MultiBiometricLockoutState: getAuthMapForUser : 0 containsKey:true
08-27 15:01:17.889  2012  3174 E MultiBiometricLockoutState: getLockoutState strength:15 mPermanentlyLockedOut: false mTimedLockout:false
08-27 15:01:17.996  2012  2012 E ScreenIntentReceiver: notifyChange failed
08-27 15:01:19.030  2012  2012 E MBrainLocalService: notifyAppSwitch failed
08-27 15:01:21.543  2012  5605 E AppOps  : Bad call made by uid 1001. Package "com.android.phone" does not belong to uid 1000.
08-27 15:01:21.543  2012  5605 E AppOps  : Cannot noteOperation: non-application UID 1000
08-27 15:01:21.543  2012  3141 E AppOps  : attributionTag VCN not declared in manifest of android
08-27 15:01:21.543  2012  4097 E AppOps  : Bad call made by uid 1001. Package "com.android.phone" does not belong to uid 1000.
08-27 15:01:21.543  2012  4097 E AppOps  : Cannot noteOperation: non-application UID 1000
08-27 15:01:21.545  2012  3141 E AppOps  : attributionTag VCN not declared in manifest of android
08-27 15:02:32.509  2012  2012 E ScreenIntentReceiver: notifyChange failed
08-27 15:02:33.776  2012  3123 E MultiBiometricLockoutState: getAuthMapForUser : 0 containsKey:true
08-27 15:02:33.776  2012  3123 E MultiBiometricLockoutState: getAuthMapForUser : 0 containsKey:true
08-27 15:02:33.776  2012  3123 E MultiBiometricLockoutState: clearTimedLockout : 0 strength:4095
08-27 15:02:33.776  2012  3123 E MultiBiometricLockoutState: getAuthMapForUser : 0 containsKey:true
08-27 15:02:33.776  2012  3123 E MultiBiometricLockoutState: getAuthMapForUser : 0 containsKey:true
08-27 15:02:33.776  2012  3123 E MultiBiometricLockoutState: clearTimedLockout : 0 strength:255
08-27 15:02:33.776  2012  3123 E MultiBiometricLockoutState: getAuthMapForUser : 0 containsKey:true
08-27 15:02:33.776  2012  3123 E MultiBiometricLockoutState: getAuthMapForUser : 0 containsKey:true
08-27 15:02:33.776  2012  3123 E MultiBiometricLockoutState: clearTimedLockout : 0 strength:15
08-27 15:02:33.846  2012  3174 E FingerprintProvider/default: onPointerUp received during client: null
08-27 15:02:34.208  2012  2012 E ScreenIntentReceiver: notifyChange failed
08-27 15:02:34.412  2012  2012 E MBrainLocalService: notifyAppSwitch failed
08-27 15:02:37.401  2012  7263 E TaskPersister: File error accessing recents directory (directory doesn't exist?).
08-27 15:02:38.490  2012  3141 E AppOps  : attributionTag VCN not declared in manifest of android
08-27 15:02:38.491  2012  4564 E AppOps  : Bad call made by uid 1001. Package "com.android.phone" does not belong to uid 1000.
08-27 15:02:38.491  2012  4564 E AppOps  : Cannot noteOperation: non-application UID 1000
08-27 15:02:38.491  2012  2171 E AppOps  : Bad call made by uid 1001. Package "com.android.phone" does not belong to uid 1000.
08-27 15:02:38.491  2012  2171 E AppOps  : Cannot noteOperation: non-application UID 1000
08-27 15:02:38.492  2012  3141 E AppOps  : attributionTag VCN not declared in manifest of android
08-27 15:02:38.696  2012  3141 E AppOps  : attributionTag VCN not declared in manifest of android
08-27 15:02:38.696  2012  4564 E AppOps  : Bad call made by uid 1001. Package "com.android.phone" does not belong to uid 1000.
08-27 15:02:38.696  2012  4564 E AppOps  : Cannot noteOperation: non-application UID 1000
08-27 15:02:38.697  2012  4564 E AppOps  : Bad call made by uid 1001. Package "com.android.phone" does not belong to uid 1000.
08-27 15:02:38.697  2012  4564 E AppOps  : Cannot noteOperation: non-application UID 1000
08-27 15:02:38.702  2012  3141 E AppOps  : attributionTag VCN not declared in manifest of android
08-27 15:02:57.205  2012  2012 E MBrainLocalService: notifyAppSwitch failed
08-27 15:02:57.881  2012  2012 E MBrainLocalService: notifyAppSwitch failed
08-27 15:02:57.916  2012  3174 E MultiBiometricLockoutState: getAuthMapForUser : 0 containsKey:true
08-27 15:02:57.916  2012  3174 E MultiBiometricLockoutState: getLockoutState strength:15 mPermanentlyLockedOut: false mTimedLockout:false
08-27 15:02:58.022  2012  2012 E ScreenIntentReceiver: notifyChange failed
08-27 15:02:59.071  2012  2012 E MBrainLocalService: notifyAppSwitch failed
08-27 15:03:01.963  2012  3980 E AppOps  : Bad call made by uid 1001. Package "com.android.phone" does not belong to uid 1000.
08-27 15:03:01.963  2012  3980 E AppOps  : Cannot noteOperation: non-application UID 1000
08-27 15:03:01.964  2012  3141 E AppOps  : attributionTag VCN not declared in manifest of android
08-27 15:03:01.966  2012  3141 E AppOps  : attributionTag VCN not declared in manifest of android
08-27 15:03:01.966  2012  2170 E AppOps  : Bad call made by uid 1001. Package "com.android.phone" does not belong to uid 1000.
08-27 15:03:01.966  2012  2170 E AppOps  : Cannot noteOperation: non-application UID 1000
08-27 15:03:16.300  2012  2170 E AppOps  : Bad call made by uid 1001. Package "com.android.phone" does not belong to uid 1000.
08-27 15:03:16.300  2012  2170 E AppOps  : Cannot noteOperation: non-application UID 1000
08-27 15:03:16.301  2012  6013 E AppOps  : Bad call made by uid 1001. Package "com.android.phone" does not belong to uid 1000.
08-27 15:03:16.306  2012  3141 E AppOps  : attributionTag VCN not declared in manifest of android
08-27 15:03:16.307  2012  3141 E AppOps  : attributionTag VCN not declared in manifest of android
08-27 15:03:16.308  2012  6013 E AppOps  : Cannot noteOperation: non-application UID 1000
08-27 15:03:32.198  2012  2170 E AppOps  : Bad call made by uid 1001. Package "com.android.phone" does not belong to uid 1000.
08-27 15:03:32.198  2012  2170 E AppOps  : Cannot noteOperation: non-application UID 1000
08-27 15:03:32.198  2012  6050 E AppOps  : Bad call made by uid 1001. Package "com.android.phone" does not belong to uid 1000.
08-27 15:03:32.203  2012  6050 E AppOps  : Cannot noteOperation: non-application UID 1000
08-27 15:03:32.203  2012  3141 E AppOps  : attributionTag VCN not declared in manifest of android
08-27 15:03:32.205  2012  3141 E AppOps  : attributionTag VCN not declared in manifest of android
08-27 15:03:39.870  2012  4888 E AppOps  : Bad call made by uid 1001. Package "com.android.phone" does not belong to uid 1000.
08-27 15:03:39.870  2012  4888 E AppOps  : Cannot noteOperation: non-application UID 1000
08-27 15:03:39.870  2012  2170 E AppOps  : Bad call made by uid 1001. Package "com.android.phone" does not belong to uid 1000.
08-27 15:03:39.871  2012  2170 E AppOps  : Cannot noteOperation: non-application UID 1000
08-27 15:03:39.873  2012  3141 E AppOps  : attributionTag VCN not declared in manifest of android
08-27 15:03:39.874  2012  3141 E AppOps  : attributionTag VCN not declared in manifest of android
08-27 15:03:51.959  2012  3141 E AppOps  : attributionTag VCN not declared in manifest of android
08-27 15:03:51.959  2012  6013 E AppOps  : Bad call made by uid 1001. Package "com.android.phone" does not belong to uid 1000.
08-27 15:03:51.959  2012  6013 E AppOps  : Cannot noteOperation: non-application UID 1000
08-27 15:03:51.962  2012  3141 E AppOps  : attributionTag VCN not declared in manifest of android
08-27 15:03:51.964  2012  4540 E AppOps  : Bad call made by uid 1001. Package "com.android.phone" does not belong to uid 1000.
08-27 15:03:51.964  2012  4540 E AppOps  : Cannot noteOperation: non-application UID 1000
08-27 15:04:41.026  2012  4526 E AppOps  : Bad call made by uid 1001. Package "com.android.phone" does not belong to uid 1000.
08-27 15:04:41.026  2012  4526 E AppOps  : Cannot noteOperation: non-application UID 1000
08-27 15:04:41.027  2012  3141 E AppOps  : attributionTag VCN not declared in manifest of android
08-27 15:04:41.027  2012  2170 E AppOps  : Bad call made by uid 1001. Package "com.android.phone" does not belong to uid 1000.
08-27 15:04:41.027  2012  2170 E AppOps  : Cannot noteOperation: non-application UID 1000
08-27 15:04:41.035  2012  3141 E AppOps  : attributionTag VCN not declared in manifest of android
08-27 15:04:55.959  2012  4540 E AppOps  : Bad call made by uid 1001. Package "com.android.phone" does not belong to uid 1000.
08-27 15:04:55.960  2012  4540 E AppOps  : Cannot noteOperation: non-application UID 1000
08-27 15:04:55.961  2012  3980 E AppOps  : Bad call made by uid 1001. Package "com.android.phone" does not belong to uid 1000.
08-27 15:04:55.961  2012  3980 E AppOps  : Cannot noteOperation: non-application UID 1000
08-27 15:04:55.961  2012  3141 E AppOps  : attributionTag VCN not declared in manifest of android
08-27 15:04:55.963  2012  3141 E AppOps  : attributionTag VCN not declared in manifest of android
08-27 15:05:36.714  2012  2012 E AppOps  : attributionTag DeviceIdleController not declared in manifest of android
08-27 15:05:36.722  2012  2012 E AppOps  : attributionTag DeviceIdleController not declared in manifest of android
08-27 15:05:36.723  2012  2012 E AppOps  : attributionTag DeviceIdleController not declared in manifest of android
08-27 15:05:37.586  2012  6051 E AppOps  : attributionTag DeviceIdleController not declared in manifest of android
08-27 15:05:37.589  2012  2047 E AppOps  : attributionTag DeviceIdleController not declared in manifest of android
08-27 15:05:37.590  2012  2189 E AppOps  : attributionTag DeviceIdleController not declared in manifest of android
08-27 15:05:37.590  2012  2189 E AppOps  : attributionTag DeviceIdleController not declared in manifest of android
08-27 15:06:45.181  2012  3141 E AppOps  : attributionTag VCN not declared in manifest of android
08-27 15:06:45.181  2012  6051 E AppOps  : Bad call made by uid 1001. Package "com.android.phone" does not belong to uid 1000.
08-27 15:06:45.181  2012  3307 E AppOps  : Bad call made by uid 1001. Package "com.android.phone" does not belong to uid 1000.
08-27 15:06:45.181  2012  6051 E AppOps  : Cannot noteOperation: non-application UID 1000
08-27 15:06:45.181  2012  3307 E AppOps  : Cannot noteOperation: non-application UID 1000
08-27 15:06:45.182  2012  3141 E AppOps  : attributionTag VCN not declared in manifest of android
08-27 15:06:45.355  2012  3141 E AppOps  : attributionTag VCN not declared in manifest of android
08-27 15:06:45.357  2012  4564 E AppOps  : Bad call made by uid 1001. Package "com.android.phone" does not belong to uid 1000.
08-27 15:06:45.357  2012  4564 E AppOps  : Cannot noteOperation: non-application UID 1000
08-27 15:06:45.357  2012  6051 E AppOps  : Bad call made by uid 1001. Package "com.android.phone" does not belong to uid 1000.
08-27 15:06:45.357  2012  6051 E AppOps  : Cannot noteOperation: non-application UID 1000
08-27 15:06:45.358  2012  3141 E AppOps  : attributionTag VCN not declared in manifest of android
08-27 15:06:51.843  2012  3468 E AppOps  : Bad call made by uid 1001. Package "com.android.phone" does not belong to uid 1000.
08-27 15:06:51.843  2012  3468 E AppOps  : Cannot noteOperation: non-application UID 1000
08-27 15:06:51.845  2012  3468 E AppOps  : Bad call made by uid 1001. Package "com.android.phone" does not belong to uid 1000.
08-27 15:06:51.845  2012  3468 E AppOps  : Cannot noteOperation: non-application UID 1000
08-27 15:06:51.846  2012  3141 E AppOps  : attributionTag VCN not declared in manifest of android
08-27 15:06:51.848  2012  3141 E AppOps  : attributionTag VCN not declared in manifest of android
08-27 15:06:56.990  2012  4564 E AppOps  : Bad call made by uid 1001. Package "com.android.phone" does not belong to uid 1000.
08-27 15:06:56.990  2012  4564 E AppOps  : Cannot noteOperation: non-application UID 1000
08-27 15:06:56.990  2012  3141 E AppOps  : attributionTag VCN not declared in manifest of android
08-27 15:06:56.992  2012  3141 E AppOps  : attributionTag VCN not declared in manifest of android
08-27 15:06:56.994  2012  3307 E AppOps  : Bad call made by uid 1001. Package "com.android.phone" does not belong to uid 1000.
08-27 15:06:56.994  2012  3307 E AppOps  : Cannot noteOperation: non-application UID 1000
08-27 15:06:57.152  2012  3980 E AppOps  : Bad call made by uid 1001. Package "com.android.phone" does not belong to uid 1000.
08-27 15:06:57.152  2012  3980 E AppOps  : Cannot noteOperation: non-application UID 1000
08-27 15:06:57.153  2012  3141 E AppOps  : attributionTag VCN not declared in manifest of android
08-27 15:06:57.155  2012  3141 E AppOps  : attributionTag VCN not declared in manifest of android
08-27 15:06:57.164  2012  4564 E AppOps  : Bad call made by uid 1001. Package "com.android.phone" does not belong to uid 1000.
08-27 15:06:57.164  2012  4564 E AppOps  : Cannot noteOperation: non-application UID 1000
08-27 15:08:35.092  2012  3141 E AppOps  : attributionTag VCN not declared in manifest of android
08-27 15:08:35.093  2012  3141 E AppOps  : attributionTag VCN not declared in manifest of android
08-27 15:08:35.093  2012  3307 E AppOps  : Bad call made by uid 1001. Package "com.android.phone" does not belong to uid 1000.
08-27 15:08:35.093  2012  3307 E AppOps  : Cannot noteOperation: non-application UID 1000
08-27 15:08:35.094  2012  3468 E AppOps  : Bad call made by uid 1001. Package "com.android.phone" does not belong to uid 1000.
08-27 15:08:35.094  2012  3468 E AppOps  : Cannot noteOperation: non-application UID 1000
08-27 15:09:00.651  2012  3141 E AppOps  : attributionTag VCN not declared in manifest of android
08-27 15:09:00.652  2012  3468 E AppOps  : Bad call made by uid 1001. Package "com.android.phone" does not belong to uid 1000.
08-27 15:09:00.652  2012  3468 E AppOps  : Cannot noteOperation: non-application UID 1000
08-27 15:09:00.654  2012  3141 E AppOps  : attributionTag VCN not declared in manifest of android
08-27 15:09:00.655  2012  3468 E AppOps  : Bad call made by uid 1001. Package "com.android.phone" does not belong to uid 1000.
08-27 15:09:00.655  2012  3468 E AppOps  : Cannot noteOperation: non-application UID 1000
08-27 15:09:00.824  2012  2170 E AppOps  : Bad call made by uid 1001. Package "com.android.phone" does not belong to uid 1000.
08-27 15:09:00.824  2012  2170 E AppOps  : Cannot noteOperation: non-application UID 1000
08-27 15:09:00.825  2012  2170 E AppOps  : Bad call made by uid 1001. Package "com.android.phone" does not belong to uid 1000.
08-27 15:09:00.825  2012  2170 E AppOps  : Cannot noteOperation: non-application UID 1000
08-27 15:09:00.831  2012  3141 E AppOps  : attributionTag VCN not declared in manifest of android
08-27 15:09:00.833  2012  3141 E AppOps  : attributionTag VCN not declared in manifest of android
08-27 15:11:28.625  2012  3141 E AppOps  : attributionTag VCN not declared in manifest of android
08-27 15:11:28.626  2012  4888 E AppOps  : Bad call made by uid 1001. Package "com.android.phone" does not belong to uid 1000.
08-27 15:11:28.626  2012  4888 E AppOps  : Cannot noteOperation: non-application UID 1000
08-27 15:11:28.626  2012  2040 E AppOps  : Bad call made by uid 1001. Package "com.android.phone" does not belong to uid 1000.
08-27 15:11:28.626  2012  2040 E AppOps  : Cannot noteOperation: non-application UID 1000
08-27 15:11:28.639  2012  3141 E AppOps  : attributionTag VCN not declared in manifest of android
08-27 15:11:30.806  2012  3141 E AppOps  : attributionTag VCN not declared in manifest of android
08-27 15:11:30.807  2012  4888 E AppOps  : Bad call made by uid 1001. Package "com.android.phone" does not belong to uid 1000.
08-27 15:11:30.807  2012  4888 E AppOps  : Cannot noteOperation: non-application UID 1000
08-27 15:11:30.807  2012  4540 E AppOps  : Bad call made by uid 1001. Package "com.android.phone" does not belong to uid 1000.
08-27 15:11:30.807  2012  4540 E AppOps  : Cannot noteOperation: non-application UID 1000
08-27 15:11:30.812  2012  3141 E AppOps  : attributionTag VCN not declared in manifest of android
08-27 15:11:38.545  2012  3468 E AppOps  : Bad call made by uid 1001. Package "com.android.phone" does not belong to uid 1000.
08-27 15:11:38.546  2012  3468 E AppOps  : Cannot noteOperation: non-application UID 1000
08-27 15:11:38.547  2012  4526 E AppOps  : Bad call made by uid 1001. Package "com.android.phone" does not belong to uid 1000.
08-27 15:11:38.547  2012  4526 E AppOps  : Cannot noteOperation: non-application UID 1000
08-27 15:11:38.548  2012  3141 E AppOps  : attributionTag VCN not declared in manifest of android
08-27 15:11:38.549  2012  3141 E AppOps  : attributionTag VCN not declared in manifest of android
08-27 15:11:54.672  2012  4526 E AppOps  : Bad call made by uid 1001. Package "com.android.phone" does not belong to uid 1000.
08-27 15:11:54.673  2012  4526 E AppOps  : Cannot noteOperation: non-application UID 1000
08-27 15:11:54.673  2012  3980 E AppOps  : Bad call made by uid 1001. Package "com.android.phone" does not belong to uid 1000.
08-27 15:11:54.673  2012  3980 E AppOps  : Cannot noteOperation: non-application UID 1000
08-27 15:11:54.675  2012  3141 E AppOps  : attributionTag VCN not declared in manifest of android
08-27 15:11:54.676  2012  3141 E AppOps  : attributionTag VCN not declared in manifest of android
08-27 15:11:54.862  2012  3141 E AppOps  : attributionTag VCN not declared in manifest of android
08-27 15:11:54.864  2012  3141 E AppOps  : attributionTag VCN not declared in manifest of android
08-27 15:11:54.870  2012  3307 E AppOps  : Bad call made by uid 1001. Package "com.android.phone" does not belong to uid 1000.
08-27 15:11:54.870  2012  3307 E AppOps  : Cannot noteOperation: non-application UID 1000
08-27 15:11:54.875  2012  4526 E AppOps  : Bad call made by uid 1001. Package "com.android.phone" does not belong to uid 1000.
08-27 15:11:54.875  2012  4526 E AppOps  : Cannot noteOperation: non-application UID 1000
08-27 15:13:09.707  2012  2012 E ScreenIntentReceiver: notifyChange failed
08-27 15:13:10.678  2012  3123 E MultiBiometricLockoutState: getAuthMapForUser : 0 containsKey:true
08-27 15:13:10.678  2012  3123 E MultiBiometricLockoutState: getAuthMapForUser : 0 containsKey:true
08-27 15:13:10.678  2012  3123 E MultiBiometricLockoutState: clearTimedLockout : 0 strength:4095
08-27 15:13:10.678  2012  3123 E MultiBiometricLockoutState: getAuthMapForUser : 0 containsKey:true
08-27 15:13:10.678  2012  3123 E MultiBiometricLockoutState: getAuthMapForUser : 0 containsKey:true
08-27 15:13:10.678  2012  3123 E MultiBiometricLockoutState: clearTimedLockout : 0 strength:255
08-27 15:13:10.678  2012  3123 E MultiBiometricLockoutState: getAuthMapForUser : 0 containsKey:true
08-27 15:13:10.678  2012  3123 E MultiBiometricLockoutState: getAuthMapForUser : 0 containsKey:true
08-27 15:13:10.678  2012  3123 E MultiBiometricLockoutState: clearTimedLockout : 0 strength:15
08-27 15:13:10.691  2012  3174 E FingerprintProvider/default: onPointerUp received during client: null
08-27 15:13:11.125  2012  2012 E ScreenIntentReceiver: notifyChange failed
08-27 15:13:11.350  2012  2012 E MBrainLocalService: notifyAppSwitch failed
08-27 15:13:14.378  2012  7263 E TaskPersister: File error accessing recents directory (directory doesn't exist?).
08-27 15:13:19.439  2012  2012 E MBrainLocalService: notifyAppSwitch failed
08-27 15:13:20.090  2012  2012 E MBrainLocalService: notifyAppSwitch failed
08-27 15:13:55.675  2012  4565 E AppOps  : Bad call made by uid 1001. Package "com.android.phone" does not belong to uid 1000.
08-27 15:13:55.675  2012  4565 E AppOps  : Cannot noteOperation: non-application UID 1000
08-27 15:13:55.677  2012  4565 E AppOps  : Bad call made by uid 1001. Package "com.android.phone" does not belong to uid 1000.
08-27 15:13:55.678  2012  4565 E AppOps  : Cannot noteOperation: non-application UID 1000
08-27 15:13:55.682  2012  3141 E AppOps  : attributionTag VCN not declared in manifest of android
08-27 15:13:55.684  2012  3141 E AppOps  : attributionTag VCN not declared in manifest of android
08-27 15:14:18.289  2012  4506 E AppOps  : Bad call made by uid 1001. Package "com.android.phone" does not belong to uid 1000.
08-27 15:14:18.289  2012  4506 E AppOps  : Cannot noteOperation: non-application UID 1000
08-27 15:14:18.291  2012  3141 E AppOps  : attributionTag VCN not declared in manifest of android
08-27 15:14:18.292  2012  3307 E AppOps  : Bad call made by uid 1001. Package "com.android.phone" does not belong to uid 1000.
08-27 15:14:18.292  2012  3307 E AppOps  : Cannot noteOperation: non-application UID 1000
08-27 15:14:18.296  2012  3141 E AppOps  : attributionTag VCN not declared in manifest of android
08-27 15:14:19.914  2012  3174 E MultiBiometricLockoutState: getAuthMapForUser : 0 containsKey:true
08-27 15:14:19.914  2012  3174 E MultiBiometricLockoutState: getLockoutState strength:15 mPermanentlyLockedOut: false mTimedLockout:false
08-27 15:14:20.000  2012  2012 E ScreenIntentReceiver: notifyChange failed
08-27 15:14:21.072  2012  2012 E MBrainLocalService: notifyAppSwitch failed
08-27 15:14:22.502  2012  4893 E AppOps  : Bad call made by uid 1001. Package "com.android.phone" does not belong to uid 1000.
08-27 15:14:22.502  2012  4893 E AppOps  : Cannot noteOperation: non-application UID 1000
08-27 15:14:22.504  2012  3980 E AppOps  : Bad call made by uid 1001. Package "com.android.phone" does not belong to uid 1000.
08-27 15:14:22.504  2012  3980 E AppOps  : Cannot noteOperation: non-application UID 1000
08-27 15:14:22.505  2012  3141 E AppOps  : attributionTag VCN not declared in manifest of android
08-27 15:14:22.511  2012  3141 E AppOps  : attributionTag VCN not declared in manifest of android
08-27 15:14:32.483  2012  2186 E AppOps  : attributionTag  not declared in manifest of com.nothing.hearthstone
08-27 15:17:01.425  2012  2012 E AppOps  : attributionTag DeviceIdleController not declared in manifest of android
08-27 15:17:01.428  2012  2012 E AppOps  : attributionTag DeviceIdleController not declared in manifest of android
08-27 15:17:01.429  2012  2012 E AppOps  : attributionTag DeviceIdleController not declared in manifest of android
08-27 15:17:02.237  2012  4540 E AppOps  : attributionTag DeviceIdleController not declared in manifest of android
08-27 15:17:02.241  2012  2189 E AppOps  : attributionTag DeviceIdleController not declared in manifest of android
08-27 15:17:02.243  2012  2189 E AppOps  : attributionTag DeviceIdleController not declared in manifest of android
08-27 15:17:02.243  2012  2189 E AppOps  : attributionTag DeviceIdleController not declared in manifest of android
08-27 15:18:17.343  2012  3141 E AppOps  : attributionTag VCN not declared in manifest of android
08-27 15:18:17.343  2012  2170 E AppOps  : Bad call made by uid 1001. Package "com.android.phone" does not belong to uid 1000.
08-27 15:18:17.343  2012  2170 E AppOps  : Cannot noteOperation: non-application UID 1000
08-27 15:18:17.343  2012  4530 E AppOps  : Bad call made by uid 1001. Package "com.android.phone" does not belong to uid 1000.
08-27 15:18:17.344  2012  4530 E AppOps  : Cannot noteOperation: non-application UID 1000
08-27 15:18:17.345  2012  3141 E AppOps  : attributionTag VCN not declared in manifest of android
08-27 15:18:17.503  2012  3141 E AppOps  : attributionTag VCN not declared in manifest of android
08-27 15:18:17.505  2012  4564 E AppOps  : Bad call made by uid 1001. Package "com.android.phone" does not belong to uid 1000.
08-27 15:18:17.505  2012  4564 E AppOps  : Cannot noteOperation: non-application UID 1000
08-27 15:18:17.506  2012  3141 E AppOps  : attributionTag VCN not declared in manifest of android
08-27 15:18:17.510  2012  4564 E AppOps  : Bad call made by uid 1001. Package "com.android.phone" does not belong to uid 1000.
08-27 15:18:17.510  2012  4564 E AppOps  : Cannot noteOperation: non-application UID 1000
08-27 15:18:21.370  2012  4564 E AppOps  : Bad call made by uid 1001. Package "com.android.phone" does not belong to uid 1000.
08-27 15:18:21.370  2012  4564 E AppOps  : Cannot noteOperation: non-application UID 1000
08-27 15:18:21.372  2012  3141 E AppOps  : attributionTag VCN not declared in manifest of android
08-27 15:18:21.372  2012  4540 E AppOps  : Bad call made by uid 1001. Package "com.android.phone" does not belong to uid 1000.
08-27 15:18:21.373  2012  4540 E AppOps  : Cannot noteOperation: non-application UID 1000
08-27 15:18:21.376  2012  3141 E AppOps  : attributionTag VCN not declared in manifest of android
08-27 15:18:40.980  2012  3141 E AppOps  : attributionTag VCN not declared in manifest of android
08-27 15:18:40.982  2012  3141 E AppOps  : attributionTag VCN not declared in manifest of android
08-27 15:18:40.982  2012  5444 E AppOps  : Bad call made by uid 1001. Package "com.android.phone" does not belong to uid 1000.
08-27 15:18:40.982  2012  5444 E AppOps  : Cannot noteOperation: non-application UID 1000
08-27 15:18:40.983  2012  2170 E AppOps  : Bad call made by uid 1001. Package "com.android.phone" does not belong to uid 1000.
08-27 15:18:40.983  2012  2170 E AppOps  : Cannot noteOperation: non-application UID 1000
08-27 15:18:41.174  2012  3468 E AppOps  : Bad call made by uid 1001. Package "com.android.phone" does not belong to uid 1000.
08-27 15:18:41.174  2012  3468 E AppOps  : Cannot noteOperation: non-application UID 1000
08-27 15:18:41.175  2012  3141 E AppOps  : attributionTag VCN not declared in manifest of android
08-27 15:18:41.177  2012  4540 E AppOps  : Bad call made by uid 1001. Package "com.android.phone" does not belong to uid 1000.
08-27 15:18:41.177  2012  4540 E AppOps  : Cannot noteOperation: non-application UID 1000
08-27 15:18:41.178  2012  3141 E AppOps  : attributionTag VCN not declared in manifest of android
08-27 15:18:59.588  2012  3141 E AppOps  : attributionTag VCN not declared in manifest of android
08-27 15:18:59.589  2012  2170 E AppOps  : Bad call made by uid 1001. Package "com.android.phone" does not belong to uid 1000.
08-27 15:18:59.589  2012  2170 E AppOps  : Cannot noteOperation: non-application UID 1000
08-27 15:18:59.590  2012  3141 E AppOps  : attributionTag VCN not declared in manifest of android
08-27 15:18:59.595  2012  2170 E AppOps  : Bad call made by uid 1001. Package "com.android.phone" does not belong to uid 1000.
08-27 15:18:59.595  2012  2170 E AppOps  : Cannot noteOperation: non-application UID 1000
08-27 15:20:02.326  2012  4530 E AppOps  : Bad call made by uid 1001. Package "com.android.phone" does not belong to uid 1000.
08-27 15:20:02.326  2012  4530 E AppOps  : Cannot noteOperation: non-application UID 1000
08-27 15:20:02.327  2012  5444 E AppOps  : Bad call made by uid 1001. Package "com.android.phone" does not belong to uid 1000.
08-27 15:20:02.327  2012  5444 E AppOps  : Cannot noteOperation: non-application UID 1000
08-27 15:20:02.328  2012  3141 E AppOps  : attributionTag VCN not declared in manifest of android
08-27 15:20:02.331  2012  3141 E AppOps  : attributionTag VCN not declared in manifest of android
08-27 15:20:02.497  2012  4893 E AppOps  : Bad call made by uid 1001. Package "com.android.phone" does not belong to uid 1000.
08-27 15:20:02.497  2012  4893 E AppOps  : Cannot noteOperation: non-application UID 1000
08-27 15:20:02.497  2012  4530 E AppOps  : Bad call made by uid 1001. Package "com.android.phone" does not belong to uid 1000.
08-27 15:20:02.498  2012  3141 E AppOps  : attributionTag VCN not declared in manifest of android
08-27 15:20:02.498  2012  4530 E AppOps  : Cannot noteOperation: non-application UID 1000
08-27 15:20:02.499  2012  3141 E AppOps  : attributionTag VCN not declared in manifest of android
08-27 15:20:18.551  2012  4540 E AppOps  : Bad call made by uid 1001. Package "com.android.phone" does not belong to uid 1000.
08-27 15:20:18.551  2012  4540 E AppOps  : Cannot noteOperation: non-application UID 1000
08-27 15:20:18.556  2012  3141 E AppOps  : attributionTag VCN not declared in manifest of android
08-27 15:20:18.557  2012  4893 E AppOps  : Bad call made by uid 1001. Package "com.android.phone" does not belong to uid 1000.
08-27 15:20:18.557  2012  4893 E AppOps  : Cannot noteOperation: non-application UID 1000
08-27 15:20:18.557  2012  3141 E AppOps  : attributionTag VCN not declared in manifest of android
08-27 15:20:26.686  2012  4530 E AppOps  : Bad call made by uid 1001. Package "com.android.phone" does not belong to uid 1000.
08-27 15:20:26.686  2012  4530 E AppOps  : Cannot noteOperation: non-application UID 1000
08-27 15:20:26.687  2012  4540 E AppOps  : Bad call made by uid 1001. Package "com.android.phone" does not belong to uid 1000.
08-27 15:20:26.687  2012  4540 E AppOps  : Cannot noteOperation: non-application UID 1000
08-27 15:20:26.687  2012  3141 E AppOps  : attributionTag VCN not declared in manifest of android
08-27 15:20:26.689  2012  3141 E AppOps  : attributionTag VCN not declared in manifest of android
08-27 15:20:36.446  2012  5444 E AppOps  : Bad call made by uid 1001. Package "com.android.phone" does not belong to uid 1000.
08-27 15:20:36.446  2012  5444 E AppOps  : Cannot noteOperation: non-application UID 1000
08-27 15:20:36.447  2012  4530 E AppOps  : Bad call made by uid 1001. Package "com.android.phone" does not belong to uid 1000.
08-27 15:20:36.447  2012  3141 E AppOps  : attributionTag VCN not declared in manifest of android
08-27 15:20:36.449  2012  3141 E AppOps  : attributionTag VCN not declared in manifest of android
08-27 15:20:36.450  2012  4530 E AppOps  : Cannot noteOperation: non-application UID 1000
08-27 15:21:15.333  2012  3141 E AppOps  : attributionTag VCN not declared in manifest of android
08-27 15:21:15.335  2012  3141 E AppOps  : attributionTag VCN not declared in manifest of android
08-27 15:21:15.335  2012  4540 E AppOps  : Bad call made by uid 1001. Package "com.android.phone" does not belong to uid 1000.
08-27 15:21:15.335  2012  4540 E AppOps  : Cannot noteOperation: non-application UID 1000
08-27 15:21:15.335  2012  4530 E AppOps  : Bad call made by uid 1001. Package "com.android.phone" does not belong to uid 1000.
08-27 15:21:15.336  2012  4530 E AppOps  : Cannot noteOperation: non-application UID 1000
08-27 15:21:23.616  2012  3141 E AppOps  : attributionTag VCN not declared in manifest of android
08-27 15:21:23.617  2012  4564 E AppOps  : Bad call made by uid 1001. Package "com.android.phone" does not belong to uid 1000.
08-27 15:21:23.617  2012  4564 E AppOps  : Cannot noteOperation: non-application UID 1000
08-27 15:21:23.619  2012  3141 E AppOps  : attributionTag VCN not declared in manifest of android
08-27 15:21:23.619  2012  4564 E AppOps  : Bad call made by uid 1001. Package "com.android.phone" does not belong to uid 1000.
08-27 15:21:23.619  2012  4564 E AppOps  : Cannot noteOperation: non-application UID 1000
08-27 15:21:25.963  2012  4893 E AppOps  : Bad call made by uid 1001. Package "com.android.phone" does not belong to uid 1000.
08-27 15:21:25.963  2012  4893 E AppOps  : Cannot noteOperation: non-application UID 1000
08-27 15:21:25.963  2012  4564 E AppOps  : Bad call made by uid 1001. Package "com.android.phone" does not belong to uid 1000.
08-27 15:21:25.964  2012  4564 E AppOps  : Cannot noteOperation: non-application UID 1000
08-27 15:21:25.966  2012  3141 E AppOps  : attributionTag VCN not declared in manifest of android
08-27 15:21:25.969  2012  3141 E AppOps  : attributionTag VCN not declared in manifest of android
08-27 15:21:32.781  2012  3141 E AppOps  : attributionTag VCN not declared in manifest of android
08-27 15:21:32.781  2012  5444 E AppOps  : Bad call made by uid 1001. Package "com.android.phone" does not belong to uid 1000.
08-27 15:21:32.782  2012  5444 E AppOps  : Cannot noteOperation: non-application UID 1000
08-27 15:21:32.782  2012  3141 E AppOps  : attributionTag VCN not declared in manifest of android
08-27 15:21:32.783  2012  4530 E AppOps  : Bad call made by uid 1001. Package "com.android.phone" does not belong to uid 1000.
08-27 15:21:32.783  2012  4530 E AppOps  : Cannot noteOperation: non-application UID 1000
08-27 15:21:38.297  2012  4540 E AppOps  : Bad call made by uid 1001. Package "com.android.phone" does not belong to uid 1000.
08-27 15:21:38.297  2012  4540 E AppOps  : Cannot noteOperation: non-application UID 1000
08-27 15:21:38.298  2012  4564 E AppOps  : Bad call made by uid 1001. Package "com.android.phone" does not belong to uid 1000.
08-27 15:21:38.298  2012  4564 E AppOps  : Cannot noteOperation: non-application UID 1000
08-27 15:21:38.301  2012  3141 E AppOps  : attributionTag VCN not declared in manifest of android
08-27 15:21:38.304  2012  3141 E AppOps  : attributionTag VCN not declared in manifest of android
08-27 15:21:38.451  2012  3141 E AppOps  : attributionTag VCN not declared in manifest of android
08-27 15:21:38.453  2012  3141 E AppOps  : attributionTag VCN not declared in manifest of android
08-27 15:21:38.465  2012  4564 E AppOps  : Bad call made by uid 1001. Package "com.android.phone" does not belong to uid 1000.
08-27 15:21:38.466  2012  4564 E AppOps  : Cannot noteOperation: non-application UID 1000
08-27 15:21:38.467  2012  4564 E AppOps  : Bad call made by uid 1001. Package "com.android.phone" does not belong to uid 1000.
08-27 15:21:38.467  2012  4564 E AppOps  : Cannot noteOperation: non-application UID 1000
08-27 15:21:45.584  2012  3141 E AppOps  : attributionTag VCN not declared in manifest of android
08-27 15:21:45.584  2012  5444 E AppOps  : Bad call made by uid 1001. Package "com.android.phone" does not belong to uid 1000.
08-27 15:21:45.584  2012  3141 E AppOps  : attributionTag VCN not declared in manifest of android
08-27 15:21:45.585  2012  5444 E AppOps  : Cannot noteOperation: non-application UID 1000
