08-27 16:54:35.499  1666 21573 E MetadataHelper: [operator()] [idx(1)] MTK_LOGICAL_MULTI_CAMERA_PHYSICAL_IDS are not defined (operator()){#336:vendor/mediatek/proprietary/hardware/mtkcam-core/aaa/aaahal/source/Hal3AFlowCtrl/v1.0/metadata_helper/MetadataHelper.cpp}
08-27 16:54:35.499  1666 21566 E ImgStream: Can't find the ImgInfo:2300 (queryImgsysInfo){#201:vendor/mediatek/proprietary/hardware/mtkcam-core/hw/imgstream/src/main/1.0/ImgStream.cpp}
08-27 16:54:35.505  1666 21573 E MetadataHelper: [operator()] [idx(1)] query MTK_3A_FEATURE_AE_TARGET_MODE Fail !! (operator()){#1895:vendor/mediatek/proprietary/hardware/mtkcam-core/aaa/aaahal/source/Hal3AFlowCtrl/v1.0/metadata_helper/MetadataHelper.cpp}
08-27 16:54:35.505  1666 21573 E MetadataHelper: [operator()] [idx(1)] query MTK_3A_ISP_FUS_NUM Fail !! (operator()){#1902:vendor/mediatek/proprietary/hardware/mtkcam-core/aaa/aaahal/source/Hal3AFlowCtrl/v1.0/metadata_helper/MetadataHelper.cpp}
08-27 16:54:35.505  1666 21573 E MetadataHelper: [operator()] [idx(1)] query MTK_HDR_FEATURE_HDR_HAL_MODE Fail !! (operator()){#1919:vendor/mediatek/proprietary/hardware/mtkcam-core/aaa/aaahal/source/Hal3AFlowCtrl/v1.0/metadata_helper/MetadataHelper.cpp}
08-27 16:54:35.505  1666 21573 E MetadataHelper: [operator()] [idx(1)] query MTK_3A_FEATURE_AE_VALID_EXPOSURE_NUM Fail !! (operator()){#1927:vendor/mediatek/proprietary/hardware/mtkcam-core/aaa/aaahal/source/Hal3AFlowCtrl/v1.0/metadata_helper/MetadataHelper.cpp}
08-27 16:54:35.505  1666 21573 E MetadataHelper: [operator()] [idx(1)] [operator()] query MTK_CONTROL_ZOOM_RATIO Fail !! (operator()){#2011:vendor/mediatek/proprietary/hardware/mtkcam-core/aaa/aaahal/source/Hal3AFlowCtrl/v1.0/metadata_helper/MetadataHelper.cpp}
08-27 16:54:35.505  1666 21573 E MetadataHelper: [operator()] [idx(1)] [operator()] query MTK_CONTROL_STREAMING_HINT_FOR_CUSTOM_TUNING Fail !! (operator()){#2034:vendor/mediatek/proprietary/hardware/mtkcam-core/aaa/aaahal/source/Hal3AFlowCtrl/v1.0/metadata_helper/MetadataHelper.cpp}
08-27 16:54:35.505  1666 21573 E MetadataHelper: [operator()] [idx(1)] [operator()] query MTK_CONTROL_CAPTURE_HINT_FOR_CUSTOM_TUNING Fail !! (operator()){#2052:vendor/mediatek/proprietary/hardware/mtkcam-core/aaa/aaahal/source/Hal3AFlowCtrl/v1.0/metadata_helper/MetadataHelper.cpp}
08-27 16:54:35.505  1666 21573 E MetadataHelper: [operator()] [idx(1)] [operator()] query NOTHING_CAMERA_HINT_FOR_CUSTOM_TUNING Fail !! (operator()){#2065:vendor/mediatek/proprietary/hardware/mtkcam-core/aaa/aaahal/source/Hal3AFlowCtrl/v1.0/metadata_helper/MetadataHelper.cpp}
08-27 16:54:35.505  1666 21573 E MetadataHelper: [operator()] [idx(1)] query MTK_MULTI_CAM_FEATURE_MODE Fail !! (operator()){#2087:vendor/mediatek/proprietary/hardware/mtkcam-core/aaa/aaahal/source/Hal3AFlowCtrl/v1.0/metadata_helper/MetadataHelper.cpp}
08-27 16:54:35.517  1666 21566 E top_control_mgr: [TopCtrlMgr] error : [TopCtrlMgr] contructor (TopCtrlMgr){#158:vendor/mediatek/proprietary/hardware/mtkcam-core/aaa/TopCtrlMgr/isp_70/TopCtrlMgr.cpp}
08-27 16:54:35.518  1666 21573 E ae_mgr_v4l2: [1][getAlgoDbgData] Failed to allocate memory for AlgoDebugData size(231732) is_enable_ndd(0) (getAlgoDbgData){#1809:vendor/mediatek/proprietary/hardware/libcam_hal/libmgr/ae_mgr/ae_mgr_flow.cpp}
08-27 16:54:35.524  1666 21573 E AiShutterCalc: Err:   450: vendor.debug.aishutter.iso_ratio_value_0:-1
08-27 16:54:35.524  1666 21573 E AiShutterCalc: Err:   450: vendor.debug.aishutter.iso_ratio_value_1:-1
08-27 16:54:35.524  1666 21573 E AiShutterCalc: Err:   450: vendor.debug.aishutter.iso_ratio_value_2:-1
08-27 16:54:35.524  1666 21573 E AiShutterCalc: Err:   450: vendor.debug.aishutter.iso_ratio_value_3:-1
08-27 16:54:35.524  1666 21573 E AiShutterCalc: Err:   450: vendor.debug.aishutter.iso_ratio_value_4:-1
08-27 16:54:35.524  1666 21573 E AiShutterCalc: Err:   450: vendor.debug.aishutter.iso_ratio_value_5:-1
08-27 16:54:35.524  1666 21573 E AiShutterCalc: Err:   450: vendor.debug.aishutter.iso_ratio_value_6:-1
08-27 16:54:35.524  1666 21573 E AiShutterCalc: Err:   450: vendor.debug.aishutter.iso_ratio_value_7:-1
08-27 16:54:35.524  1666 21573 E AiShutterCalc: Err:   450: vendor.debug.aishutter.iso_ratio_value_8:-1
08-27 16:54:35.524  1666 21573 E AiShutterCalc: Err:   450: vendor.debug.aishutter.iso_ratio_value_9:-1
08-27 16:54:35.524  1666 21573 E AiShutterCalc: Err:   469: vendor.debug.aishutter.prv_iso_ratio_value_0:-1
08-27 16:54:35.524  1666 21573 E AiShutterCalc: Err:   469: vendor.debug.aishutter.prv_iso_ratio_value_1:-1
08-27 16:54:35.524  1666 21573 E AiShutterCalc: Err:   469: vendor.debug.aishutter.prv_iso_ratio_value_2:-1
08-27 16:54:35.524  1666 21573 E AiShutterCalc: Err:   469: vendor.debug.aishutter.prv_iso_ratio_value_3:-1
08-27 16:54:35.524  1666 21573 E AiShutterCalc: Err:   469: vendor.debug.aishutter.prv_iso_ratio_value_4:-1
08-27 16:54:35.524  1666 21573 E AiShutterCalc: Err:   469: vendor.debug.aishutter.prv_iso_ratio_value_5:-1
08-27 16:54:35.524  1666 21573 E AiShutterCalc: Err:   469: vendor.debug.aishutter.prv_iso_ratio_value_6:-1
08-27 16:54:35.524  1666 21573 E AiShutterCalc: Err:   469: vendor.debug.aishutter.prv_iso_ratio_value_7:-1
08-27 16:54:35.524  1666 21573 E AiShutterCalc: Err:   469: vendor.debug.aishutter.prv_iso_ratio_value_8:-1
08-27 16:54:35.524  1666 21573 E AiShutterCalc: Err:   469: vendor.debug.aishutter.prv_iso_ratio_value_9:-1
08-27 16:54:35.524  1666 21573 E AiShutterCalc: Err:   488: vendor.debug.aishutter.dark_iso_ratio_value_0:-1
08-27 16:54:35.524  1666 21573 E AiShutterCalc: Err:   488: vendor.debug.aishutter.dark_iso_ratio_value_1:-1
08-27 16:54:35.524  1666 21573 E AiShutterCalc: Err:   488: vendor.debug.aishutter.dark_iso_ratio_value_2:-1
08-27 16:54:35.524  1666 21573 E AiShutterCalc: Err:   488: vendor.debug.aishutter.dark_iso_ratio_value_3:-1
08-27 16:54:35.524  1666 21573 E AiShutterCalc: Err:   488: vendor.debug.aishutter.dark_iso_ratio_value_4:-1
08-27 16:54:35.524  1666 21573 E AiShutterCalc: Err:   488: vendor.debug.aishutter.dark_iso_ratio_value_5:-1
08-27 16:54:35.524  1666 21573 E AiShutterCalc: Err:   488: vendor.debug.aishutter.dark_iso_ratio_value_6:-1
08-27 16:54:35.524  1666 21573 E AiShutterCalc: Err:   488: vendor.debug.aishutter.dark_iso_ratio_value_7:-1
08-27 16:54:35.524  1666 21573 E AiShutterCalc: Err:   488: vendor.debug.aishutter.dark_iso_ratio_value_8:-1
08-27 16:54:35.524  1666 21573 E AiShutterCalc: Err:   488: vendor.debug.aishutter.dark_iso_ratio_value_9:-1
08-27 16:54:35.524  1666 21573 E AiShutterCalc: Err:   507: vendor.debug.aishutter.dark_iso_check_thres_0:-1
08-27 16:54:35.524  1666 21573 E AiShutterCalc: Err:   507: vendor.debug.aishutter.dark_iso_check_thres_1:-1
08-27 16:54:35.524  1666 21573 E AiShutterCalc: Err:   507: vendor.debug.aishutter.dark_iso_check_thres_2:-1
08-27 16:54:35.524  1666 21573 E AiShutterCalc: Err:   507: vendor.debug.aishutter.dark_iso_check_thres_3:-1
08-27 16:54:35.524  1666 21573 E AiShutterCalc: Err:   507: vendor.debug.aishutter.dark_iso_check_thres_4:-1
08-27 16:54:35.524  1666 21573 E AiShutterCalc: Err:   507: vendor.debug.aishutter.dark_iso_check_thres_5:-1
08-27 16:54:35.524  1666 21573 E AiShutterCalc: Err:   507: vendor.debug.aishutter.dark_iso_check_thres_6:-1
08-27 16:54:35.524  1666 21573 E AiShutterCalc: Err:   507: vendor.debug.aishutter.dark_iso_check_thres_7:-1
08-27 16:54:35.524  1666 21573 E AiShutterCalc: Err:   507: vendor.debug.aishutter.dark_iso_check_thres_8:-1
08-27 16:54:35.524  1666 21573 E AiShutterCalc: Err:   507: vendor.debug.aishutter.dark_iso_check_thres_9:-1
08-27 16:54:35.549  3213  3213 E WifiHAL : handleResponse: data=0xb400007aff09f030, len=4496
08-27 16:54:35.564  4569  4812 E NfcEventLog: Failed to write to log file
08-27 16:54:35.564  4569  4812 E NfcEventLog: java.io.IOException: Failed to create directory for /data/nfc/event_log.binpb.new
08-27 16:54:35.564  4569  4812 E NfcEventLog: 	at android.util.AtomicFile.startWrite(AtomicFile.java:154)
08-27 16:54:35.564  4569  4812 E NfcEventLog: 	at android.util.AtomicFile.startWrite(AtomicFile.java:126)
08-27 16:54:35.564  4569  4812 E NfcEventLog: 	at com.android.nfc.NfcEventLog.writeLogFile(NfcEventLog.java:80)
08-27 16:54:35.564  4569  4812 E NfcEventLog: 	at com.android.nfc.NfcEventLog.writeListToLogFile(NfcEventLog.java:122)
08-27 16:54:35.564  4569  4812 E NfcEventLog: 	at com.android.nfc.NfcEventLog.addAndWriteListToLogFile(NfcEventLog.java:135)
08-27 16:54:35.564  4569  4812 E NfcEventLog: 	at com.android.nfc.NfcEventLog.lambda$logEvent$1(NfcEventLog.java:149)
08-27 16:54:35.564  4569  4812 E NfcEventLog: 	at com.android.nfc.NfcEventLog.$r8$lambda$0W8llkOAs88wXVI--MowPcdMXLk(NfcEventLog.java:0)
08-27 16:54:35.564  4569  4812 E NfcEventLog: 	at com.android.nfc.NfcEventLog$$ExternalSyntheticLambda1.run(R8$$SyntheticClass:0)
08-27 16:54:35.564  4569  4812 E NfcEventLog: 	at android.os.Handler.handleCallback(Handler.java:959)
08-27 16:54:35.564  4569  4812 E NfcEventLog: 	at android.os.Handler.dispatchMessage(Handler.java:100)
08-27 16:54:35.564  4569  4812 E NfcEventLog: 	at android.os.Looper.loopOnce(Looper.java:267)
08-27 16:54:35.564  4569  4812 E NfcEventLog: 	at android.os.Looper.loop(Looper.java:371)
08-27 16:54:35.564  4569  4812 E NfcEventLog: 	at android.os.HandlerThread.run(HandlerThread.java:94)
08-27 16:54:35.574  1666 21573 E SOISDrv : [NotifyStream] Dev(2) , ois is not supported or input param is invalid. (NotifyStream){#402:vendor/mediatek/proprietary/hardware/mtkcam-core/aaa/peripheraldriver/ois/../../../nothing/aaa/peripheraldriver/sois_drv.cpp}
08-27 16:54:35.703  1666 21600 E ae_mgr_v4l2: [1][setAEMeteringTable] AAO is null, skip. (setAEMeteringTable){#2360:vendor/mediatek/proprietary/hardware/libcam_hal/libmgr/ae_mgr/ae_mgr_ctrl.cpp}
08-27 16:54:36.961  1666  2043 E SOISDrv : [NotifyStream] Dev(2) , ois is not supported or input param is invalid. (NotifyStream){#402:vendor/mediatek/proprietary/hardware/mtkcam-core/aaa/peripheraldriver/ois/../../../nothing/aaa/peripheraldriver/sois_drv.cpp}
08-27 16:54:36.968  4569  5604 E NfcService: Reader mode Binder was never registered.
08-27 16:54:36.970  4569  4812 E NfcEventLog: Failed to write to log file
08-27 16:54:36.970  4569  4812 E NfcEventLog: java.io.IOException: Failed to create directory for /data/nfc/event_log.binpb.new
08-27 16:54:36.970  4569  4812 E NfcEventLog: 	at android.util.AtomicFile.startWrite(AtomicFile.java:154)
08-27 16:54:36.970  4569  4812 E NfcEventLog: 	at android.util.AtomicFile.startWrite(AtomicFile.java:126)
08-27 16:54:36.970  4569  4812 E NfcEventLog: 	at com.android.nfc.NfcEventLog.writeLogFile(NfcEventLog.java:80)
08-27 16:54:36.970  4569  4812 E NfcEventLog: 	at com.android.nfc.NfcEventLog.writeListToLogFile(NfcEventLog.java:122)
08-27 16:54:36.970  4569  4812 E NfcEventLog: 	at com.android.nfc.NfcEventLog.addAndWriteListToLogFile(NfcEventLog.java:135)
08-27 16:54:36.970  4569  4812 E NfcEventLog: 	at com.android.nfc.NfcEventLog.lambda$logEvent$1(NfcEventLog.java:149)
08-27 16:54:36.970  4569  4812 E NfcEventLog: 	at com.android.nfc.NfcEventLog.$r8$lambda$0W8llkOAs88wXVI--MowPcdMXLk(NfcEventLog.java:0)
08-27 16:54:36.970  4569  4812 E NfcEventLog: 	at com.android.nfc.NfcEventLog$$ExternalSyntheticLambda1.run(R8$$SyntheticClass:0)
08-27 16:54:36.970  4569  4812 E NfcEventLog: 	at android.os.Handler.handleCallback(Handler.java:959)
08-27 16:54:36.970  4569  4812 E NfcEventLog: 	at android.os.Handler.dispatchMessage(Handler.java:100)
08-27 16:54:36.970  4569  4812 E NfcEventLog: 	at android.os.Looper.loopOnce(Looper.java:267)
08-27 16:54:36.970  4569  4812 E NfcEventLog: 	at android.os.Looper.loop(Looper.java:371)
08-27 16:54:36.970  4569  4812 E NfcEventLog: 	at android.os.HandlerThread.run(HandlerThread.java:94)
08-27 16:54:38.586  3213  3213 E WifiHAL : handleResponse: data=0xb400007aff09f030, len=4496
08-27 16:54:41.624  3213  3213 E WifiHAL : handleResponse: data=0xb400007aff09f030, len=4496
08-27 16:54:43.233  2012  2050 E EventHub: Failed to read sysfs battery info: No such file or directory
08-27 16:54:43.966  2012  3174 E MultiBiometricLockoutState: getAuthMapForUser : 0 containsKey:true
08-27 16:54:43.966  2012  3174 E MultiBiometricLockoutState: getLockoutState strength:15 mPermanentlyLockedOut: false mTimedLockout:false
08-27 16:54:44.097  3260  3260 E ThemeUtils: View class com.airbnb.lottie.LottieAnimationView is an AppCompat widget that can only be used with a Theme.AppCompat theme (or descendant).
08-27 16:54:44.185  2012  2012 E ScreenIntentReceiver: notifyChange failed
08-27 16:54:44.193  3260  3806 E ThemeUtils: View class com.airbnb.lottie.LottieAnimationView is an AppCompat widget that can only be used with a Theme.AppCompat theme (or descendant).
08-27 16:54:44.193  3260  3806 E ThemeUtils: View class com.airbnb.lottie.LottieAnimationView is an AppCompat widget that can only be used with a Theme.AppCompat theme (or descendant).
08-27 16:54:44.193  3260  3806 E ThemeUtils: View class com.airbnb.lottie.LottieAnimationView is an AppCompat widget that can only be used with a Theme.AppCompat theme (or descendant).
08-27 16:54:44.273  3213  3213 E WifiHAL : handleResponse: data=0xb400007aff09f030, len=4496
08-27 16:54:44.593  1363  3542 E SurfaceFlinger: mHideCoverLayer: 1
08-27 16:54:44.625  1330  1353 E mtkpower@impl: [setMode] unknown type
08-27 16:54:44.661  2012  4893 E EventHub: Failed to read sysfs battery info: No such file or directory
08-27 16:54:44.664  2012  4526 E EventHub: Failed to read sysfs battery info: No such file or directory
08-27 16:54:45.192  2012  2012 E MBrainLocalService: notifyAppSwitch failed
08-27 16:54:45.214  3615 21664 E FA      : Task exception on worker thread: java.lang.IllegalStateException: Not initialized: m7.qw.n(:com.google.android.gms.dynamite_measurementdynamite@253133035@25.31.33 (260400-0):12)
08-27 16:54:45.214  3615 21664 E FA      : Persisted config not initialized. Not logging error/warn
08-27 16:54:45.264 21665 21665 E .media.jiobeats: Not starting debugger since process cannot load the jdwp agent.
08-27 16:54:45.323  2012  3134 E ConnectivityService: RemoteException caught trying to send a callback msg for NetworkRequest [ LISTEN id=4536, [ Capabilities: INTERNET&NOT_RESTRICTED&TRUSTED&NOT_VCN_MANAGED&NOT_BANDWIDTH_CONSTRAINED Uid: 10163 RequestorUid: 10163 RequestorPkg: com.google.android.apps.tachyon UnderlyingNetworks: Null] ]
08-27 16:54:45.323  2012  3134 E ConnectivityService: RemoteException caught trying to send a callback msg for NetworkRequest [ LISTEN id=4536, [ Capabilities: INTERNET&NOT_RESTRICTED&TRUSTED&NOT_VCN_MANAGED&NOT_BANDWIDTH_CONSTRAINED Uid: 10163 RequestorUid: 10163 RequestorPkg: com.google.android.apps.tachyon UnderlyingNetworks: Null] ]
08-27 16:54:45.720 21665 21735 E .media.jiobeats: No package ID 6a found for resource ID 0x6a0b000f.
08-27 16:54:46.635 21824 21824 E libc    : SetHeapTaggingLevel: re-enabling tagging after it was disabled is not supported
08-27 16:54:46.643 21824 21824 E ocessService0:0: Not starting debugger since process cannot load the jdwp agent.
08-27 16:54:47.209  3438  3438 E MtkPhoneIntfMgrEx: MainThreadHandler.handleMessage : 1
08-27 16:54:47.216  3615 21664 E FA      : Task exception on worker thread: java.lang.IllegalStateException: Not initialized: m7.qw.n(:com.google.android.gms.dynamite_measurementdynamite@253133035@25.31.33 (260400-0):12)
08-27 16:54:47.216  3615 21664 E FA      : Persisted config not initialized. Not logging error/warn
08-27 16:54:47.226  3438  3438 E MtkPhoneIntfMgrEx: MainThreadHandler.handleMessage : 1
08-27 16:54:47.250  3438  3438 E MtkPhoneIntfMgrEx: MainThreadHandler.handleMessage : 2
08-27 16:54:47.252  3438  3438 E MtkPhoneIntfMgrEx: MainThreadHandler.handleMessage : 2
08-27 16:54:47.280  1625  2021 E md_thermal: interval=40 temp: 36600 32900 30800 31100
08-27 16:54:50.227  1333  1333 E NtChgAidl: NtChgAidl: setChargeFccIn user:3,val = 10000
08-27 16:54:50.228  1333  1333 E NtChgAidl: NtChgAidl: write_int  /proc/charger/scenario_fcc, val = 9000
08-27 16:54:54.205  1633  1685 E flp     : mnld_screen_monitor_thread: Screen off
08-27 16:54:54.236  2012  2072 E system_server: updateValue is called with a value 86038, which is lower than the previous value 86162
08-27 16:54:54.245  3438  3438 E PhoneInterfaceManager: queryModemActivityInfo: invalid response
08-27 16:54:54.409  1330  1353 E mtkpower@impl: [setMode] unknown type
08-27 16:54:55.886  1372  1372 E ccci_rpcd: Failed to read from RPC device (-1) !! errno = 4
08-27 16:54:57.109  1372  1372 E ccci_rpcd: Failed to read from RPC device (-1) !! errno = 4
08-27 16:54:58.241  1372  1372 E ccci_rpcd: Failed to read from RPC device (-1) !! errno = 4
08-27 16:54:58.621  1372  1372 E ccci_rpcd: Failed to read from RPC device (-1) !! errno = 4
08-27 16:55:00.668  1372  1372 E ccci_rpcd: Failed to read from RPC device (-1) !! errno = 4
08-27 16:55:02.023  1372  1372 E ccci_rpcd: Failed to read from RPC device (-1) !! errno = 4
08-27 16:55:03.556  1372  1372 E ccci_rpcd: Failed to read from RPC device (-1) !! errno = 4
08-27 16:55:04.478  1372  1372 E ccci_rpcd: Failed to read from RPC device (-1) !! errno = 4
08-27 16:55:04.861  1372  1372 E ccci_rpcd: Failed to read from RPC device (-1) !! errno = 4
08-27 16:55:06.117  1372  1372 E ccci_rpcd: Failed to read from RPC device (-1) !! errno = 4
08-27 16:55:07.345  1372  1372 E ccci_rpcd: Failed to read from RPC device (-1) !! errno = 4
08-27 16:55:08.579  1372  1372 E ccci_rpcd: Failed to read from RPC device (-1) !! errno = 4
08-27 16:55:09.815  1372  1372 E ccci_rpcd: Failed to read from RPC device (-1) !! errno = 4
08-27 16:55:11.346  1372  1372 E ccci_rpcd: Failed to read from RPC device (-1) !! errno = 4
08-27 16:55:12.576  1372  1372 E ccci_rpcd: Failed to read from RPC device (-1) !! errno = 4
08-27 16:55:13.708  1372  1372 E ccci_rpcd: Failed to read from RPC device (-1) !! errno = 4
08-27 16:55:15.031  1372  1372 E ccci_rpcd: Failed to read from RPC device (-1) !! errno = 4
08-27 16:55:16.260  1372  1372 E ccci_rpcd: Failed to read from RPC device (-1) !! errno = 4
08-27 16:55:17.484  1372  1372 E ccci_rpcd: Failed to read from RPC device (-1) !! errno = 4
08-27 16:55:18.721  1372  1372 E ccci_rpcd: Failed to read from RPC device (-1) !! errno = 4
08-27 16:55:20.067  1372  1372 E ccci_rpcd: Failed to read from RPC device (-1) !! errno = 4
08-27 16:55:21.344  1372  1372 E ccci_rpcd: Failed to read from RPC device (-1) !! errno = 4
08-27 16:55:22.602  1372  1372 E ccci_rpcd: Failed to read from RPC device (-1) !! errno = 4
08-27 16:55:23.849  1372  1372 E ccci_rpcd: Failed to read from RPC device (-1) !! errno = 4
08-27 16:55:25.085  1372  1372 E ccci_rpcd: Failed to read from RPC device (-1) !! errno = 4
08-27 16:55:26.298  1372  1372 E ccci_rpcd: Failed to read from RPC device (-1) !! errno = 4
08-27 16:55:27.525  1372  1372 E ccci_rpcd: Failed to read from RPC device (-1) !! errno = 4
08-27 16:55:28.753  1372  1372 E ccci_rpcd: Failed to read from RPC device (-1) !! errno = 4
08-27 16:55:29.982  1372  1372 E ccci_rpcd: Failed to read from RPC device (-1) !! errno = 4
08-27 16:55:31.326  1372  1372 E ccci_rpcd: Failed to read from RPC device (-1) !! errno = 4
08-27 16:55:32.531  1372  1372 E ccci_rpcd: Failed to read from RPC device (-1) !! errno = 4
08-27 16:55:32.930  1372  1372 E ccci_rpcd: Failed to read from RPC device (-1) !! errno = 4
08-27 16:55:33.786  1372  1372 E ccci_rpcd: Failed to read from RPC device (-1) !! errno = 4
08-27 16:55:34.209  1372  1372 E ccci_rpcd: Failed to read from RPC device (-1) !! errno = 4
08-27 16:55:35.308  1372  1372 E ccci_rpcd: Failed to read from RPC device (-1) !! errno = 4
08-27 16:55:35.867  1372  1372 E ccci_rpcd: Failed to read from RPC device (-1) !! errno = 4
08-27 16:55:36.596  1372  1372 E ccci_rpcd: Failed to read from RPC device (-1) !! errno = 4
08-27 16:55:37.356  1372  1372 E ccci_rpcd: Failed to read from RPC device (-1) !! errno = 4
08-27 16:55:37.611  1372  1372 E ccci_rpcd: Failed to read from RPC device (-1) !! errno = 4
08-27 16:55:39.140  1372  1372 E ccci_rpcd: Failed to read from RPC device (-1) !! errno = 4
08-27 16:55:41.483  1372  1372 E ccci_rpcd: Failed to read from RPC device (-1) !! errno = 4
08-27 16:55:43.141  1372  1372 E ccci_rpcd: Failed to read from RPC device (-1) !! errno = 4
08-27 16:55:44.421  1372  1372 E ccci_rpcd: Failed to read from RPC device (-1) !! errno = 4
08-27 16:55:45.684  1372  1372 E ccci_rpcd: Failed to read from RPC device (-1) !! errno = 4
08-27 16:55:46.968  1372  1372 E ccci_rpcd: Failed to read from RPC device (-1) !! errno = 4
08-27 16:55:48.192  1372  1372 E ccci_rpcd: Failed to read from RPC device (-1) !! errno = 4
08-27 16:55:49.428  1372  1372 E ccci_rpcd: Failed to read from RPC device (-1) !! errno = 4
08-27 16:55:50.677  1372  1372 E ccci_rpcd: Failed to read from RPC device (-1) !! errno = 4
08-27 16:55:51.902  1372  1372 E ccci_rpcd: Failed to read from RPC device (-1) !! errno = 4
08-27 16:55:52.309  1372  1372 E ccci_rpcd: Failed to read from RPC device (-1) !! errno = 4
08-27 16:55:53.129  1372  1372 E ccci_rpcd: Failed to read from RPC device (-1) !! errno = 4
08-27 16:55:54.359  1372  1372 E ccci_rpcd: Failed to read from RPC device (-1) !! errno = 4
08-27 16:55:54.671  1372  1372 E ccci_rpcd: Failed to read from RPC device (-1) !! errno = 4
08-27 16:55:55.586  1372  1372 E ccci_rpcd: Failed to read from RPC device (-1) !! errno = 4
08-27 16:55:56.811  1372  1372 E ccci_rpcd: Failed to read from RPC device (-1) !! errno = 4
08-27 16:55:58.140  1372  1372 E ccci_rpcd: Failed to read from RPC device (-1) !! errno = 4
08-27 16:55:58.508  1372  1372 E ccci_rpcd: Failed to read from RPC device (-1) !! errno = 4
08-27 16:55:59.246  1330  1353 E mtkpower@impl: [setMode] unknown type
08-27 16:56:00.703  1372  1372 E ccci_rpcd: Failed to read from RPC device (-1) !! errno = 4
08-27 16:56:01.919  1372  1372 E ccci_rpcd: Failed to read from RPC device (-1) !! errno = 4
08-27 16:56:03.265  1372  1372 E ccci_rpcd: Failed to read from RPC device (-1) !! errno = 4
08-27 16:56:03.608  1372  1372 E ccci_rpcd: Failed to read from RPC device (-1) !! errno = 4
08-27 16:56:03.649  1625  2021 E md_thermal: interval=40 temp: 32800 31200 30700 30800
08-27 16:56:04.790  1372  1372 E ccci_rpcd: Failed to read from RPC device (-1) !! errno = 4
08-27 16:56:05.712  1372  1372 E ccci_rpcd: Failed to read from RPC device (-1) !! errno = 4
08-27 16:56:06.961  1372  1372 E ccci_rpcd: Failed to read from RPC device (-1) !! errno = 4
08-27 16:56:08.182  1372  1372 E ccci_rpcd: Failed to read from RPC device (-1) !! errno = 4
08-27 16:56:09.403  1372  1372 E ccci_rpcd: Failed to read from RPC device (-1) !! errno = 4
08-27 16:56:10.530  1372  1372 E ccci_rpcd: Failed to read from RPC device (-1) !! errno = 4
08-27 16:56:11.767  1372  1372 E ccci_rpcd: Failed to read from RPC device (-1) !! errno = 4
08-27 16:56:12.996  1372  1372 E ccci_rpcd: Failed to read from RPC device (-1) !! errno = 4
08-27 16:56:14.218  1372  1372 E ccci_rpcd: Failed to read from RPC device (-1) !! errno = 4
08-27 16:56:15.453  1372  1372 E ccci_rpcd: Failed to read from RPC device (-1) !! errno = 4
08-27 16:56:16.669  1372  1372 E ccci_rpcd: Failed to read from RPC device (-1) !! errno = 4
08-27 16:56:17.903  1372  1372 E ccci_rpcd: Failed to read from RPC device (-1) !! errno = 4
08-27 16:56:19.155  1372  1372 E ccci_rpcd: Failed to read from RPC device (-1) !! errno = 4
08-27 16:56:20.379  1372  1372 E ccci_rpcd: Failed to read from RPC device (-1) !! errno = 4
08-27 16:56:21.694  1372  1372 E ccci_rpcd: Failed to read from RPC device (-1) !! errno = 4
08-27 16:56:22.950  1372  1372 E ccci_rpcd: Failed to read from RPC device (-1) !! errno = 4
08-27 16:56:25.482  1372  1372 E ccci_rpcd: Failed to read from RPC device (-1) !! errno = 4
08-27 16:56:26.723  1372  1372 E ccci_rpcd: Failed to read from RPC device (-1) !! errno = 4
08-27 16:56:27.960  1372  1372 E ccci_rpcd: Failed to read from RPC device (-1) !! errno = 4
08-27 16:56:29.280  1372  1372 E ccci_rpcd: Failed to read from RPC device (-1) !! errno = 4
08-27 16:56:30.503  1372  1372 E ccci_rpcd: Failed to read from RPC device (-1) !! errno = 4
08-27 16:56:31.730  1372  1372 E ccci_rpcd: Failed to read from RPC device (-1) !! errno = 4
08-27 16:56:32.985  1372  1372 E ccci_rpcd: Failed to read from RPC device (-1) !! errno = 4
08-27 16:56:34.332  1372  1372 E ccci_rpcd: Failed to read from RPC device (-1) !! errno = 4
08-27 16:56:35.533  1372  1372 E ccci_rpcd: Failed to read from RPC device (-1) !! errno = 4
08-27 16:56:36.743  1372  1372 E ccci_rpcd: Failed to read from RPC device (-1) !! errno = 4
08-27 16:56:37.978  1372  1372 E ccci_rpcd: Failed to read from RPC device (-1) !! errno = 4
08-27 16:56:39.240  1372  1372 E ccci_rpcd: Failed to read from RPC device (-1) !! errno = 4
08-27 16:56:40.435  1372  1372 E ccci_rpcd: Failed to read from RPC device (-1) !! errno = 4
08-27 16:56:40.885  1372  1372 E ccci_rpcd: Failed to read from RPC device (-1) !! errno = 4
08-27 16:56:41.772  1372  1372 E ccci_rpcd: Failed to read from RPC device (-1) !! errno = 4
08-27 16:56:43.319  1372  1372 E ccci_rpcd: Failed to read from RPC device (-1) !! errno = 4
08-27 16:56:44.324  1372  1372 E ccci_rpcd: Failed to read from RPC device (-1) !! errno = 4
08-27 16:56:45.553  1372  1372 E ccci_rpcd: Failed to read from RPC device (-1) !! errno = 4
08-27 16:56:46.873  1372  1372 E ccci_rpcd: Failed to read from RPC device (-1) !! errno = 4
08-27 16:56:48.421  1372  1372 E ccci_rpcd: Failed to read from RPC device (-1) !! errno = 4
08-27 16:56:48.748  1372  1372 E ccci_rpcd: Failed to read from RPC device (-1) !! errno = 4
08-27 16:56:50.269  3213  3213 E WifiHAL : handleResponse: data=0xb400007aff09f030, len=4496
08-27 16:56:50.296  3438  3438 E PhoneInterfaceManager: queryModemActivityInfo: invalid response
08-27 16:56:51.002  1372  1372 E ccci_rpcd: Failed to read from RPC device (-1) !! errno = 4
08-27 16:56:52.563  1372  1372 E ccci_rpcd: Failed to read from RPC device (-1) !! errno = 4
08-27 16:56:53.744  1372  1372 E ccci_rpcd: Failed to read from RPC device (-1) !! errno = 4
08-27 16:56:54.979  1372  1372 E ccci_rpcd: Failed to read from RPC device (-1) !! errno = 4
08-27 16:56:56.229  1372  1372 E ccci_rpcd: Failed to read from RPC device (-1) !! errno = 4
08-27 16:56:57.474  1372  1372 E ccci_rpcd: Failed to read from RPC device (-1) !! errno = 4
08-27 16:56:59.582  1372  1372 E ccci_rpcd: Failed to read from RPC device (-1) !! errno = 4
08-27 16:56:59.922  1372  1372 E ccci_rpcd: Failed to read from RPC device (-1) !! errno = 4
08-27 16:57:01.395  1687  1687 E ipsec_policy_mont: xfrm state: 000000f8 00000018 00000000
08-27 16:57:01.396  1687  1687 E ipsec_policy_mont: xfrm state: 000000f8 00000018 00000000
08-27 16:57:03.059  1372  1372 E ccci_rpcd: Failed to read from RPC device (-1) !! errno = 4
08-27 16:57:04.293  1372  1372 E ccci_rpcd: Failed to read from RPC device (-1) !! errno = 4
08-27 16:57:05.830  1372  1372 E ccci_rpcd: Failed to read from RPC device (-1) !! errno = 4
08-27 16:57:07.048  1372  1372 E ccci_rpcd: Failed to read from RPC device (-1) !! errno = 4
08-27 16:57:08.299  1372  1372 E ccci_rpcd: Failed to read from RPC device (-1) !! errno = 4
08-27 16:57:09.622  1372  1372 E ccci_rpcd: Failed to read from RPC device (-1) !! errno = 4
08-27 16:57:10.850  1372  1372 E ccci_rpcd: Failed to read from RPC device (-1) !! errno = 4
08-27 16:57:11.169  1372  1372 E ccci_rpcd: Failed to read from RPC device (-1) !! errno = 4
08-27 16:57:12.497  1372  1372 E ccci_rpcd: Failed to read from RPC device (-1) !! errno = 4
08-27 16:57:22.027  1625  2021 E md_thermal: interval=40 temp: 32300 30900 30500 30600
08-27 16:57:24.234  2012  2012 E AppOps  : attributionTag DeviceIdleController not declared in manifest of android
08-27 16:57:24.782  1372  1372 E ccci_rpcd: Failed to read from RPC device (-1) !! errno = 4
08-27 16:57:24.789  2012  2012 E AppOps  : attributionTag DeviceIdleController not declared in manifest of android
08-27 16:57:24.790  2012  2012 E AppOps  : attributionTag DeviceIdleController not declared in manifest of android
08-27 16:57:24.803  1633  1671 E mnld    : [libfs_mgr]ReadFstabFromFile(): failed to access() DSU booted indicator: Permission denied
08-27 16:57:24.810  1633  1671 E gps_controlller: linux_gps_init: get COMBO_IOC_GET_GPS_LNA_PIN failed
08-27 16:57:24.990  1311  1347 E android.hardware.gnss-service.mediatek: gpsinf_inject_best_location: flags:51, speed:0.000000, bearing:0.000000, h_accuracy:13.352000, v_accuracy:1.366259, s_accuracy:0.000000, b_accuracy:0.000000, timestamp:-347858132 
08-27 16:57:24.990  1633  1684 E mnl2hal : hal2mnl_hdlr: HAL2MNL_GPS_INJECT_BEST_LOCATION h_accuracy:13.352000, timestamp:-347858132 
08-27 16:57:25.217  1692  1752 E agps    : [agps] ERR: [Utility] do_socket_connect_v6  no v6 address
08-27 16:57:25.615  1692  1752 E MtkAgpsNative: [TLS] conn(0), x509->error = 0x0, SEC_ERROR_NONE
08-27 16:57:26.105  3213  3213 E WifiHAL : handleResponse: data=0xb400007aff09f030, len=4496
08-27 16:57:26.158  2012  4530 E AppOps  : attributionTag DeviceIdleController not declared in manifest of android
08-27 16:57:26.167  2012  2047 E AppOps  : attributionTag DeviceIdleController not declared in manifest of android
08-27 16:57:26.168  1311  1347 E android.hardware.gnss-service.mediatek: gpsinf_inject_best_location: flags:51, speed:0.000000, bearing:0.000000, h_accuracy:13.218000, v_accuracy:1.476300, s_accuracy:0.000000, b_accuracy:0.000000, timestamp:-347577655 
08-27 16:57:26.168  1633  1684 E mnl2hal : hal2mnl_hdlr: HAL2MNL_GPS_INJECT_BEST_LOCATION h_accuracy:13.218000, timestamp:-347577655 
08-27 16:57:26.171  2012  2189 E AppOps  : attributionTag DeviceIdleController not declared in manifest of android
08-27 16:57:26.171  2012  2189 E AppOps  : attributionTag DeviceIdleController not declared in manifest of android
08-27 16:57:26.172  1330  1353 E mtkpower@impl: [setMode] unknown type
08-27 16:57:26.172  1330  1353 E mtkpower@impl: [setMode] unknown type
08-27 16:57:26.307  1633  1673 E qepo    : is_quarter_epo_bd_valid: Open QEPO_BD fail(No such file or directory), return
08-27 16:57:26.799  1372  1372 E ccci_rpcd: Failed to read from RPC device (-1) !! errno = 4
08-27 16:57:28.145  1372  1372 E ccci_rpcd: Failed to read from RPC device (-1) !! errno = 4
08-27 16:57:29.409  1372  1372 E ccci_rpcd: Failed to read from RPC device (-1) !! errno = 4
08-27 16:57:30.607  1372  1372 E ccci_rpcd: Failed to read from RPC device (-1) !! errno = 4
08-27 16:57:31.852  1372  1372 E ccci_rpcd: Failed to read from RPC device (-1) !! errno = 4
08-27 16:57:33.168  1372  1372 E ccci_rpcd: Failed to read from RPC device (-1) !! errno = 4
08-27 16:57:34.393  1372  1372 E ccci_rpcd: Failed to read from RPC device (-1) !! errno = 4
08-27 16:57:35.418  1372  1372 E ccci_rpcd: Failed to read from RPC device (-1) !! errno = 4
08-27 16:57:36.548  1372  1372 E ccci_rpcd: Failed to read from RPC device (-1) !! errno = 4
08-27 16:57:37.276  1372  1372 E ccci_rpcd: Failed to read from RPC device (-1) !! errno = 4
08-27 16:57:37.886  1372  1372 E ccci_rpcd: Failed to read from RPC device (-1) !! errno = 4
08-27 16:57:39.129  1372  1372 E ccci_rpcd: Failed to read from RPC device (-1) !! errno = 4
--------- beginning of kernel
08-27 16:57:36.495     0     0 E [T623103] nt_charger_pm_event: enter PM_POST_SUSPEND
08-27 16:57:36.739     0     0 E [T623103] nt_charger_pm_event: enter PM_SUSPEND_PREPARE
08-27 16:57:36.796     0     0 E [T623103] aw32280_suspend: Suspend successfully!
08-27 16:57:40.334  1372  1372 E ccci_rpcd: Failed to read from RPC device (-1) !! errno = 4
08-27 16:57:36.858     0     0 E [T123103] aw32280_resume: Resume successfully!
08-27 16:57:36.881     0     0 E [T623103] nt_charger_pm_event: enter PM_POST_SUSPEND
08-27 16:57:37.160     0     0 E [T523103] nt_charger_pm_event: enter PM_SUSPEND_PREPARE
08-27 16:57:37.236     0     0 E [T723103] aw32280_suspend: Suspend successfully!
08-27 16:57:37.299     0     0 E [T223103] aw32280_resume: Resume successfully!
08-27 16:57:41.397  1372  1372 E ccci_rpcd: Failed to read from RPC device (-1) !! errno = 4
08-27 16:57:37.332     0     0 E [T623103] nt_charger_pm_event: enter PM_POST_SUSPEND
08-27 16:57:37.792 23103 23103 E nt_charger_pm_event: enter PM_SUSPEND_PREPARE
08-27 16:57:42.050  1372  1372 E ccci_rpcd: Failed to read from RPC device (-1) !! errno = 4
08-27 16:57:37.866     0     0 E [T623103] aw32280_suspend: Suspend successfully!
08-27 16:57:37.910     0     0 E [T623103] aw32280_resume: Resume successfully!
08-27 16:57:37.928     0     0 E [T723103] nt_charger_pm_event: enter PM_POST_SUSPEND
08-27 16:57:38.406     0     0 E [T123103] nt_charger_pm_event: enter PM_SUSPEND_PREPARE
08-27 16:57:38.477     0     0 E [T723103] aw32280_suspend: Suspend successfully!
08-27 16:57:42.702  1372  1372 E ccci_rpcd: Failed to read from RPC device (-1) !! errno = 4
08-27 16:57:38.538     0     0 E [T223103] aw32280_resume: Resume successfully!
08-27 16:57:38.565     0     0 E [T623103] nt_charger_pm_event: enter PM_POST_SUSPEND
08-27 16:57:38.857     0     0 E [T323103] nt_charger_pm_event: enter PM_SUSPEND_PREPARE
08-27 16:57:38.934     0     0 E [T723103] aw32280_suspend: Suspend successfully!
08-27 16:57:43.921  1372  1372 E ccci_rpcd: Failed to read from RPC device (-1) !! errno = 4
08-27 16:57:38.994     0     0 E [T123103] aw32280_resume: Resume successfully!
08-27 16:57:39.022     0     0 E [T723103] nt_charger_pm_event: enter PM_POST_SUSPEND
08-27 16:57:39.299     0     0 E [T423103] nt_charger_pm_event: enter PM_SUSPEND_PREPARE
08-27 16:57:39.375     0     0 E [T623103] aw32280_suspend: Suspend successfully!
08-27 16:57:44.365  1372  1372 E ccci_rpcd: Failed to read from RPC device (-1) !! errno = 4
08-27 16:57:39.434     0     0 E [T123103] aw32280_resume: Resume successfully!
08-27 16:57:39.464     0     0 E [T323103] nt_charger_pm_event: enter PM_POST_SUSPEND
08-27 16:57:39.634     0     0 E [T523103] nt_charger_pm_event: enter PM_SUSPEND_PREPARE
08-27 16:57:39.711     0     0 E [T723103] aw32280_suspend: Suspend successfully!
08-27 16:57:45.149  1372  1372 E ccci_rpcd: Failed to read from RPC device (-1) !! errno = 4
08-27 16:57:39.773     0     0 E [T123103] aw32280_resume: Resume successfully!
08-27 16:57:39.799     0     0 E [T623103] nt_charger_pm_event: enter PM_POST_SUSPEND
08-27 16:57:40.067     0     0 E [T423103] nt_charger_pm_event: enter PM_SUSPEND_PREPARE
08-27 16:57:40.143     0     0 E [T723103] aw32280_suspend: Suspend successfully!
08-27 16:57:46.378  1372  1372 E ccci_rpcd: Failed to read from RPC device (-1) !! errno = 4
08-27 16:57:40.198     0     0 E [T123103] aw32280_resume: Resume successfully!
08-27 16:57:40.222     0     0 E [T723103] nt_charger_pm_event: enter PM_POST_SUSPEND
08-27 16:57:40.900 23103 23103 E nt_charger_pm_event: enter PM_SUSPEND_PREPARE
08-27 16:57:40.979     0     0 E [T623103] aw32280_suspend: Suspend successfully!
08-27 16:57:47.709  1372  1372 E ccci_rpcd: Failed to read from RPC device (-1) !! errno = 4
08-27 16:57:41.043     0     0 E [T323103] aw32280_resume: Resume successfully!
08-27 16:57:41.070     0     0 E [T723103] nt_charger_pm_event: enter PM_POST_SUSPEND
08-27 16:57:41.354     0     0 E [T223103] nt_charger_pm_event: enter PM_SUSPEND_PREPARE
08-27 16:57:41.431     0     0 E [T723103] aw32280_suspend: Suspend successfully!
08-27 16:57:49.160  1372  1372 E ccci_rpcd: Failed to read from RPC device (-1) !! errno = 4
08-27 16:57:41.490     0     0 E [T123103] aw32280_resume: Resume successfully!
08-27 16:57:41.523     0     0 E [T723103] nt_charger_pm_event: enter PM_POST_SUSPEND
08-27 16:57:41.795     0     0 E [T323103] nt_charger_pm_event: enter PM_SUSPEND_PREPARE
08-27 16:57:41.871     0     0 E [T623103] aw32280_suspend: Suspend successfully!
08-27 16:57:50.392  1372  1372 E ccci_rpcd: Failed to read from RPC device (-1) !! errno = 4
08-27 16:57:41.938     0     0 E [T423103] aw32280_resume: Resume successfully!
08-27 16:57:41.977     0     0 E [T723103] nt_charger_pm_event: enter PM_POST_SUSPEND
08-27 16:57:42.242     0     0 E [T523103] nt_charger_pm_event: enter PM_SUSPEND_PREPARE
08-27 16:57:42.318     0     0 E [T723103] aw32280_suspend: Suspend successfully!
08-27 16:57:51.603  1372  1372 E ccci_rpcd: Failed to read from RPC device (-1) !! errno = 4
08-27 16:57:42.379     0     0 E [T223103] aw32280_resume: Resume successfully!
08-27 16:57:42.409     0     0 E [T723103] nt_charger_pm_event: enter PM_POST_SUSPEND
08-27 16:57:42.697     0     0 E [T223103] nt_charger_pm_event: enter PM_SUSPEND_PREPARE
08-27 16:57:52.833  1372  1372 E ccci_rpcd: Failed to read from RPC device (-1) !! errno = 4
08-27 16:57:42.777     0     0 E [T723103] aw32280_suspend: Suspend successfully!
08-27 16:57:42.838     0     0 E [T123103] aw32280_resume: Resume successfully!
08-27 16:57:42.866     0     0 E [T723103] nt_charger_pm_event: enter PM_POST_SUSPEND
08-27 16:57:43.138 23103 23103 E nt_charger_pm_event: enter PM_SUSPEND_PREPARE
08-27 16:57:43.216     0     0 E [T623103] aw32280_suspend: Suspend successfully!
08-27 16:57:53.273  1372  1372 E ccci_rpcd: Failed to read from RPC device (-1) !! errno = 4
08-27 16:57:43.277     0     0 E [T123103] aw32280_resume: Resume successfully!
08-27 16:57:43.301     0     0 E [T623103] nt_charger_pm_event: enter PM_POST_SUSPEND
08-27 16:57:43.471     0     0 E [T523103] nt_charger_pm_event: enter PM_SUSPEND_PREPARE
08-27 16:57:43.545     0     0 E [T623103] aw32280_suspend: Suspend successfully!
08-27 16:57:54.064  1372  1372 E ccci_rpcd: Failed to read from RPC device (-1) !! errno = 4
08-27 16:57:43.605     0     0 E [T123103] aw32280_resume: Resume successfully!
08-27 16:57:43.634     0     0 E [T623103] nt_charger_pm_event: enter PM_POST_SUSPEND
08-27 16:57:43.907     0     0 E [T323103] nt_charger_pm_event: enter PM_SUSPEND_PREPARE
08-27 16:57:55.282  1372  1372 E ccci_rpcd: Failed to read from RPC device (-1) !! errno = 4
08-27 16:57:43.982     0     0 E [T723103] aw32280_suspend: Suspend successfully!
08-27 16:57:44.035     0     0 E [T423103] aw32280_resume: Resume successfully!
08-27 16:57:44.057     0     0 E [T623103] nt_charger_pm_event: enter PM_POST_SUSPEND
08-27 16:57:44.322 23103 23103 E nt_charger_pm_event: enter PM_SUSPEND_PREPARE
08-27 16:57:44.395     0     0 E [T723103] aw32280_suspend: Suspend successfully!
08-27 16:57:56.516  1372  1372 E ccci_rpcd: Failed to read from RPC device (-1) !! errno = 4
08-27 16:57:44.458     0     0 E [T223103] aw32280_resume: Resume successfully!
08-27 16:57:44.481     0     0 E [T623103] nt_charger_pm_event: enter PM_POST_SUSPEND
08-27 16:57:44.773     0     0 E [T423103] nt_charger_pm_event: enter PM_SUSPEND_PREPARE
08-27 16:57:44.847     0     0 E [T623103] aw32280_suspend: Suspend successfully!
08-27 16:57:57.745  1372  1372 E ccci_rpcd: Failed to read from RPC device (-1) !! errno = 4
08-27 16:57:44.911     0     0 E [T123103] aw32280_resume: Resume successfully!
08-27 16:57:44.935     0     0 E [T623103] nt_charger_pm_event: enter PM_POST_SUSPEND
08-27 16:57:45.225     0     0 E [T323103] nt_charger_pm_event: enter PM_SUSPEND_PREPARE
08-27 16:57:58.132  1372  1372 E ccci_rpcd: Failed to read from RPC device (-1) !! errno = 4
08-27 16:57:45.285     0     0 E [T223103] PM: dpm_run_callback(): platform_pm_suspend.cfi_jt+0x0/0x8 returns -16
08-27 16:57:45.285     0     0 E         : [T223103] alarmtimer alarmtimer.0.auto: PM: failed to suspend: error -16
08-27 16:57:45.293     0     0 E [T723103] PM: Some devices failed to suspend, or early wake event detected
08-27 16:57:45.321     0     0 E [T623103] nt_charger_pm_event: enter PM_POST_SUSPEND
08-27 16:57:47.656     0     0 E [T423103] nt_charger_pm_event: enter PM_SUSPEND_PREPARE
08-27 16:57:47.734     0     0 E [T723103] aw32280_suspend: Suspend successfully!
08-27 16:58:01.445  1372  1372 E ccci_rpcd: Failed to read from RPC device (-1) !! errno = 4
08-27 16:58:01.446  1687  1687 E ipsec_policy_mont: xfrm state: 000000f8 00000018 00000000
08-27 16:58:01.446  1687  1687 E ipsec_policy_mont: xfrm state: 000000f8 00000018 00000000
08-27 16:57:47.801     0     0 E [T323103] aw32280_resume: Resume successfully!
08-27 16:57:47.830     0     0 E [T623103] nt_charger_pm_event: enter PM_POST_SUSPEND
08-27 16:57:48.099     0     0 E [T223103] nt_charger_pm_event: enter PM_SUSPEND_PREPARE
08-27 16:57:48.174     0     0 E [T723103] aw32280_suspend: Suspend successfully!
08-27 16:58:02.567  1372  1372 E ccci_rpcd: Failed to read from RPC device (-1) !! errno = 4
08-27 16:57:48.235     0     0 E [T123103] aw32280_resume: Resume successfully!
08-27 16:57:48.265     0     0 E [T623103] nt_charger_pm_event: enter PM_POST_SUSPEND
08-27 16:57:48.546     0     0 E [T423103] nt_charger_pm_event: enter PM_SUSPEND_PREPARE
08-27 16:57:48.603     0     0 E [T623103] aw32280_suspend: Suspend successfully!
08-27 16:58:04.108  1372  1372 E ccci_rpcd: Failed to read from RPC device (-1) !! errno = 4
08-27 16:57:48.673     0     0 E [T123103] aw32280_resume: Resume successfully!
08-27 16:57:48.710     0     0 E [T723103] nt_charger_pm_event: enter PM_POST_SUSPEND
08-27 16:57:48.965     0     0 E [T723103] nt_charger_pm_event: enter PM_SUSPEND_PREPARE
08-27 16:57:49.042     0     0 E [T723103] aw32280_suspend: Suspend successfully!
08-27 16:58:04.710  1372  1372 E ccci_rpcd: Failed to read from RPC device (-1) !! errno = 4
08-27 16:57:49.109     0     0 E [T423103] aw32280_resume: Resume successfully!
08-27 16:57:49.131     0     0 E [T723103] nt_charger_pm_event: enter PM_POST_SUSPEND
08-27 16:57:49.418 23103 23103 E nt_charger_pm_event: enter PM_SUSPEND_PREPARE
08-27 16:58:05.627  1372  1372 E ccci_rpcd: Failed to read from RPC device (-1) !! errno = 4
08-27 16:57:49.491     0     0 E [T723103] aw32280_suspend: Suspend successfully!
08-27 16:57:49.553     0     0 E [T223103] aw32280_resume: Resume successfully!
08-27 16:57:49.577     0     0 E [T723103] nt_charger_pm_event: enter PM_POST_SUSPEND
08-27 16:57:49.860     0     0 E [T123103] nt_charger_pm_event: enter PM_SUSPEND_PREPARE
08-27 16:57:49.935     0     0 E [T723103] aw32280_suspend: Suspend successfully!
08-27 16:58:06.863  1372  1372 E ccci_rpcd: Failed to read from RPC device (-1) !! errno = 4
08-27 16:57:49.999     0     0 E [T423103] aw32280_resume: Resume successfully!
08-27 16:57:50.027     0     0 E [T723103] nt_charger_pm_event: enter PM_POST_SUSPEND
08-27 16:57:50.311     0     0 E [T523103] nt_charger_pm_event: enter PM_SUSPEND_PREPARE
08-27 16:57:50.386     0     0 E [T623103] aw32280_suspend: Suspend successfully!
08-27 16:58:08.105  1372  1372 E ccci_rpcd: Failed to read from RPC device (-1) !! errno = 4
08-27 16:57:50.456     0     0 E [T123103] aw32280_resume: Resume successfully!
08-27 16:57:50.480     0     0 E [T623103] nt_charger_pm_event: enter PM_POST_SUSPEND
08-27 16:57:50.760     0     0 E [T423103] nt_charger_pm_event: enter PM_SUSPEND_PREPARE
08-27 16:57:50.836     0     0 E [T623103] aw32280_suspend: Suspend successfully!
08-27 16:58:09.319  1372  1372 E ccci_rpcd: Failed to read from RPC device (-1) !! errno = 4
08-27 16:57:50.898     0     0 E [T123103] aw32280_resume: Resume successfully!
08-27 16:57:50.921     0     0 E [T723103] nt_charger_pm_event: enter PM_POST_SUSPEND
08-27 16:57:51.202     0     0 E [T423103] nt_charger_pm_event: enter PM_SUSPEND_PREPARE
08-27 16:57:51.254     0     0 E [T723103] aw32280_suspend: Suspend successfully!
08-27 16:58:10.582  1372  1372 E ccci_rpcd: Failed to read from RPC device (-1) !! errno = 4
08-27 16:57:51.319     0     0 E [T423103] aw32280_resume: Resume successfully!
08-27 16:57:51.361     0     0 E [T623103] nt_charger_pm_event: enter PM_POST_SUSPEND
08-27 16:57:51.618     0     0 E [T523103] nt_charger_pm_event: enter PM_SUSPEND_PREPARE
08-27 16:58:11.778  1372  1372 E ccci_rpcd: Failed to read from RPC device (-1) !! errno = 4
08-27 16:57:51.691     0     0 E [T723103] aw32280_suspend: Suspend successfully!
08-27 16:57:51.755     0     0 E [T223103] aw32280_resume: Resume successfully!
08-27 16:57:51.778     0     0 E [T723103] nt_charger_pm_event: enter PM_POST_SUSPEND
08-27 16:57:52.066     0     0 E [T523103] nt_charger_pm_event: enter PM_SUSPEND_PREPARE
08-27 16:57:52.140     0     0 E [T723103] aw32280_suspend: Suspend successfully!
08-27 16:58:13.017  1372  1372 E ccci_rpcd: Failed to read from RPC device (-1) !! errno = 4
08-27 16:57:52.201     0     0 E [T423103] aw32280_resume: Resume successfully!
08-27 16:57:52.228     0     0 E [T623103] nt_charger_pm_event: enter PM_POST_SUSPEND
08-27 16:57:52.514     0     0 E [T323103] nt_charger_pm_event: enter PM_SUSPEND_PREPARE
08-27 16:57:52.592     0     0 E [T723103] aw32280_suspend: Suspend successfully!
08-27 16:58:14.229  1372  1372 E ccci_rpcd: Failed to read from RPC device (-1) !! errno = 4
08-27 16:57:52.652 23103 23103 E aw32280_resume: Resume successfully!
08-27 16:57:52.675     0     0 E [T723103] nt_charger_pm_event: enter PM_POST_SUSPEND
08-27 16:57:52.967     0     0 E [T523103] nt_charger_pm_event: enter PM_SUSPEND_PREPARE
08-27 16:57:53.046     0     0 E [T723103] aw32280_suspend: Suspend successfully!
08-27 16:58:15.472  1372  1372 E ccci_rpcd: Failed to read from RPC device (-1) !! errno = 4
08-27 16:57:53.117     0     0 E [T423103] aw32280_resume: Resume successfully!
08-27 16:57:53.149     0     0 E [T623103] nt_charger_pm_event: enter PM_POST_SUSPEND
08-27 16:57:53.408     0     0 E [T323103] nt_charger_pm_event: enter PM_SUSPEND_PREPARE
08-27 16:57:53.486     0     0 E [T723103] aw32280_suspend: Suspend successfully!
08-27 16:58:17.617  1372  1372 E ccci_rpcd: Failed to read from RPC device (-1) !! errno = 4
08-27 16:57:53.550     0     0 E [T523103] aw32280_resume: Resume successfully!
08-27 16:57:53.580     0     0 E [T723103] nt_charger_pm_event: enter PM_POST_SUSPEND
08-27 16:57:53.861     0     0 E [T323103] nt_charger_pm_event: enter PM_SUSPEND_PREPARE
08-27 16:57:53.934     0     0 E [T723103] aw32280_suspend: Suspend successfully!
08-27 16:58:18.846  1372  1372 E ccci_rpcd: Failed to read from RPC device (-1) !! errno = 4
08-27 16:57:53.998     0     0 E [T423103] aw32280_resume: Resume successfully!
08-27 16:57:54.029     0     0 E [T723103] nt_charger_pm_event: enter PM_POST_SUSPEND
08-27 16:57:54.305     0     0 E [T323103] nt_charger_pm_event: enter PM_SUSPEND_PREPARE
08-27 16:57:54.380     0     0 E [T723103] aw32280_suspend: Suspend successfully!
08-27 16:58:20.075  1372  1372 E ccci_rpcd: Failed to read from RPC device (-1) !! errno = 4
08-27 16:57:54.447     0     0 E [T323103] aw32280_resume: Resume successfully!
08-27 16:57:54.475     0     0 E [T723103] nt_charger_pm_event: enter PM_POST_SUSPEND
08-27 16:57:54.759 23103 23103 E nt_charger_pm_event: enter PM_SUSPEND_PREPARE
08-27 16:57:54.814     0     0 E [T623103] aw32280_suspend: Suspend successfully!
08-27 16:58:21.357  1372  1372 E ccci_rpcd: Failed to read from RPC device (-1) !! errno = 4
08-27 16:57:54.875     0     0 E [T123103] aw32280_resume: Resume successfully!
08-27 16:57:54.902     0     0 E [T623103] nt_charger_pm_event: enter PM_POST_SUSPEND
08-27 16:57:55.169 23103 23103 E nt_charger_pm_event: enter PM_SUSPEND_PREPARE
08-27 16:57:55.223     0     0 E [T623103] aw32280_suspend: Suspend successfully!
08-27 16:58:22.639  1372  1372 E ccci_rpcd: Failed to read from RPC device (-1) !! errno = 4
08-27 16:57:55.284     0     0 E [T323103] aw32280_resume: Resume successfully!
08-27 16:57:55.320     0     0 E [T723103] nt_charger_pm_event: enter PM_POST_SUSPEND
08-27 16:57:56.159     0     0 E [T423103] nt_charger_pm_event: enter PM_SUSPEND_PREPARE
08-27 16:58:23.854  1372  1372 E ccci_rpcd: Failed to read from RPC device (-1) !! errno = 4
08-27 16:57:56.233     0     0 E [T723103] aw32280_suspend: Suspend successfully!
08-27 16:57:56.287 23103 23103 E aw32280_resume: Resume successfully!
08-27 16:57:56.309     0     0 E [T723103] nt_charger_pm_event: enter PM_POST_SUSPEND
08-27 16:57:56.576 23103 23103 E nt_charger_pm_event: enter PM_SUSPEND_PREPARE
08-27 16:57:56.611     0     0 E         : [T123103] Freezing of tasks aborted after 0.011 seconds
08-27 16:58:24.162  1372  1372 E ccci_rpcd: Failed to read from RPC device (-1) !! errno = 4
08-27 16:57:56.618     0     0 E [T723103] nt_charger_pm_event: enter PM_POST_SUSPEND
08-27 16:57:56.833     0     0 E [T123103] nt_charger_pm_event: enter PM_SUSPEND_PREPARE
08-27 16:57:56.901     0     0 E [T723103] aw32280_suspend: Suspend successfully!
08-27 16:58:24.530  1372  1372 E ccci_rpcd: Failed to read from RPC device (-1) !! errno = 4
08-27 16:57:56.960     0     0 E [T123103] aw32280_resume: Resume successfully!
08-27 16:57:56.985     0     0 E [T723103] nt_charger_pm_event: enter PM_POST_SUSPEND
08-27 16:57:57.168     0     0 E [T323103] nt_charger_pm_event: enter PM_SUSPEND_PREPARE
08-27 16:57:57.244     0     0 E [T723103] aw32280_suspend: Suspend successfully!
08-27 16:58:25.089  1372  1372 E ccci_rpcd: Failed to read from RPC device (-1) !! errno = 4
08-27 16:57:57.302     0     0 E [T323103] aw32280_resume: Resume successfully!
08-27 16:57:57.326     0     0 E [T623103] nt_charger_pm_event: enter PM_POST_SUSPEND
08-27 16:57:57.601     0     0 E [T323103] nt_charger_pm_event: enter PM_SUSPEND_PREPARE
08-27 16:58:26.327  1372  1372 E ccci_rpcd: Failed to read from RPC device (-1) !! errno = 4
08-27 16:57:57.677     0     0 E [T123103] aw32280_suspend: Suspend successfully!
08-27 16:57:57.750     0     0 E [T423103] aw32280_resume: Resume successfully!
08-27 16:57:57.782     0     0 E [T723103] nt_charger_pm_event: enter PM_POST_SUSPEND
08-27 16:57:58.051     0     0 E [T623103] nt_charger_pm_event: enter PM_SUSPEND_PREPARE
08-27 16:57:58.123     0     0 E [T723103] aw32280_suspend: Suspend successfully!
08-27 16:58:26.944  1372  1372 E ccci_rpcd: Failed to read from RPC device (-1) !! errno = 4
