--------- beginning of crash
08-26 18:47:49.696  1619  1619 I libimsma_adapt: mtk-brm-commit-id:8783a29bae0ae84a456239f3212f27bdafa94c91
08-26 18:47:49.696  1619  1619 I libimsma_adapt: mtk-brm-change-id:Iee598bb542f5de895a4b71649fbc79b2d93bc3de
08-26 18:47:49.696  1619  1619 I libimsma_adapt: mtk-brm-merge-id:none
08-26 18:47:49.773  1642  1642 I emdlogger: mtk-brm-commit-id:ed77b4169a658d6792b6b2171e763c29030f8b5d
08-26 18:47:49.774  1642  1642 I emdlogger: mtk-brm-change-id:If98466acde12144859f893a2a057c19be3ed05ed
08-26 18:47:49.774  1642  1642 I emdlogger: mtk-brm-merge-id:none
--------- beginning of system
08-26 22:34:54.123  2012  4540 I ActivityTaskManager: START u0 {act=android.intent.action.MAIN flg=0x10040000 cmp=com.google.android.dialer/com.android.dialer.incall.activity.ui.InCallActivity (has extras)} with LAUNCH_SINGLE_TASK from uid 10132 pid 30790 (BAL_ALLOW_VISIBLE_WINDOW) result code=0
08-26 22:34:54.125  2012  2012 I Telecom : CallRedirectionProcessorHelper: formatNumberToE164, formatted E164 number: ***: TSI.pC->CIP.sNOCI(cgad)@C38
08-26 22:34:54.125  2012  2012 I Telecom : CallRedirectionProcessorHelper: removePostDialDigits, number after being extracted post dial digits: ***: TSI.pC->CIP.sNOCI(cgad)@C38
08-26 22:34:54.126  2012  2012 I Telecom : CallRedirectionProcessorHelper: PackageName is empty. Not performing user-defined call redirection.: TSI.pC->CIP.sNOCI(cgad)@C38
08-26 22:34:54.142  2012  4526 W UserManagerService: Requested status bar icon for non-badged user 0
08-26 22:34:54.155  2012  2012 I Telecom : CallRedirectionProcessorHelper: Cannot get carrier componentNameString.: TSI.pC->CIP.sNOCI(cgad)@C38
08-26 22:34:54.156  2012  2012 I Telecom : CallRedirectionProcessor: Can make call redirection with any available service as user (UserHandle{0}) : false: TSI.pC->CIP.sNOCI(cgad)@C38
08-26 22:34:54.156  2012  2012 I Telecom-NewOutgoingCallIntentBroadcaster: Placing call immediately instead of waiting for OutgoingCallBroadcastReceiver: TSI.pC->CIP.sNOCI(cgad)@C38
08-26 22:34:54.157  2012  2012 I Telecom-CallsManager: Creating a new outgoing call with handle: tel:**********: TSI.pC->CIP.sNOCI(cgad)@C38
08-26 22:34:54.158  2012  2012 I Telecom : CallerInfoLookupHelper: There is a previously incomplete query for handle tel:**********. Adding to listeners for this query.: TSI.pC->CIP.sNOCI(cgad)@C38
08-26 22:34:54.158  2012  2012 I Telecom-InCallController: Unable to update call. InCallService not found for user: UserHandle{0}: TSI.pC->CIP.sNOCI(cgad)@C38
08-26 22:34:54.182  2012  4565 W WindowManager: Changing focus from Window{b6c4ea8 u0 com.google.android.dialer/com.google.android.dialer.extensions.GoogleDialtactsActivity} to null displayId=0 Callers=com.android.server.wm.RootWindowContainer.updateFocusedWindowLocked:496 com.android.server.wm.WindowManagerService.updateFocusedWindowLocked:6629 com.android.server.wm.ActivityTaskManagerService.setLastResumedActivityUncheckLocked:5133 com.android.server.wm.ActivityTaskSupervisor.updateTopResumedActivityIfNeeded:2390 
08-26 22:34:54.224  2012  2012 I Telecom-PhoneAccountRegistrar: getSimCallManager: SimCallManager for subId 1 queried, returning: null: TSI.pC->CIP.sNOCI(cgad)@C38
08-26 22:34:54.225  2012  2012 I Telecom-CreateConnectionProcessor: Trying attempt CallAttemptRecord(ComponentInfo{com.android.phone/com.android.services.telephony.TelephonyConnectionService}, 1, UserHandle{0},ComponentInfo{com.android.phone/com.android.services.telephony.TelephonyConnectionService}, 1, UserHandle{0}): TSI.pC->CIP.sNOCI(cgad)@C38
08-26 22:34:54.225  2012  2012 I Telecom-Call: setConnectionService: service=[[ConnectionServiceWrapper componentName=ComponentInfo{com.android.phone/com.android.services.telephony.TelephonyConnectionService}]]: TSI.pC->CIP.sNOCI(cgad)@C38
08-26 22:34:54.226  2012  2012 I Telecom-NewOutgoingCallIntentBroadcaster: broadcastIntent: Sending non-blocking for TC@11 to UserHandle{0}: TSI.pC->CIP.sNOCI(cgad)@C38
08-26 22:34:54.226  2012  3578 I Telecom-ConnectionServiceFocusManager: handleRequestFocus req = com.android.server.telecom.ConnectionServiceFocusManager$FocusRequest@b73e4ed: TSI.pC->CIP.sNOCI->CSFM.rF(cgad)@C38
08-26 22:34:54.226  2012  3578 I Telecom-ConnectionServiceFocusManager: updateConnectionServiceFocus connSvr = [ConnectionServiceWrapper componentName=ComponentInfo{com.android.phone/com.android.services.telephony.TelephonyConnectionService}]: TSI.pC->CIP.sNOCI->CSFM.rF(cgad)@C38
08-26 22:34:54.234  2012  3578 I Telecom : Logging.Events: Non-call EVENT: BIND_CS, ComponentInfo{com.android.phone/com.android.services.telephony.TelephonyConnectionService}: TSI.pC->CIP.sNOCI->CSFM.rF(cgad)@C38
08-26 22:34:54.271  2012  4920 W UserManagerService: Requested status bar icon for non-badged user 0
08-26 22:34:54.271  2012  4920 W UserManagerService: Requested status bar icon for non-badged user 0
08-26 22:34:54.375  2012  2047 W Looper  : Slow dispatch took 123ms when=+129ms android.fg h=android.os.Handler c=com.android.server.wm.TransitionController$Logger@9f0b934 m=0
08-26 22:34:54.396  2012  2012 W Telecom : Logging: Log.endSession was called with no session active.
08-26 22:34:54.396  2012  2012 W Looper  : Slow dispatch took 388ms when=+389ms main h=android.os.Handler c=android.telecom.Logging.Runnable$1@624e35d m=0
08-26 22:34:54.397  2012  2012 W Looper  : Slow delivery took 388ms when=+388ms main h=android.os.Handler c=<recycled PooledLambda@a7a34a0> m=0
08-26 22:34:54.398  2012  3575 I Telecom-CallAudioRouteStateMachine: setSystemAudioState: changing from [AudioState isMuted: false, route: EARPIECE, supportedRouteMask: EARPIECE, SPEAKER, activeBluetoothDevice: [], supportedBluetoothDevices: []] to [AudioState isMuted: false, route: EARPIECE, supportedRouteMask: EARPIECE, SPEAKER, activeBluetoothDevice: [], supportedBluetoothDevices: []]: TSI.pC->CM.fOCP->CM.sOCPA->CM.dSMCP->CM.dSPA->CM.pASP->CARSM.pM_UPDATE_SYSTEM_AUDIO_ROUTE(cgad)@C38
08-26 22:34:54.398  2012  3575 I Telecom : CallEndpointController: onCallAudioStateChanged, audioState: [AudioState isMuted: false, route: EARPIECE, supportedRouteMask: EARPIECE, SPEAKER, activeBluetoothDevice: [], supportedBluetoothDevices: []] -> [AudioState isMuted: false, route: EARPIECE, supportedRouteMask: EARPIECE, SPEAKER, activeBluetoothDevice: [], supportedBluetoothDevices: []]: TSI.pC->CM.fOCP->CM.sOCPA->CM.dSMCP->CM.dSPA->CM.pASP->CARSM.pM_UPDATE_SYSTEM_AUDIO_ROUTE(cgad)@C38
08-26 22:34:54.399  2012  3575 W Telecom-ConnectionServiceWrapper: onAvailableCallEndpointsChanged invoked while service is unbound: TSI.pC->CM.fOCP->CM.sOCPA->CM.dSMCP->CM.dSPA->CM.pASP->CARSM.pM_UPDATE_SYSTEM_AUDIO_ROUTE(cgad)@C38
08-26 22:34:54.399  2012  3575 W Telecom-ConnectionServiceWrapper: onCallEndpointChanged invoked while service is unbound: TSI.pC->CM.fOCP->CM.sOCPA->CM.dSMCP->CM.dSPA->CM.pASP->CARSM.pM_UPDATE_SYSTEM_AUDIO_ROUTE(cgad)@C38
08-26 22:34:54.399  2012  3575 W Telecom-ConnectionServiceWrapper: onMuteStateChanged invoked while service is unbound: TSI.pC->CM.fOCP->CM.sOCPA->CM.dSMCP->CM.dSPA->CM.pASP->CARSM.pM_UPDATE_SYSTEM_AUDIO_ROUTE(cgad)@C38
08-26 22:34:54.399  2012  3575 W Telecom-ConnectionServiceWrapper: onCallAudioStateChanged invoked while service is unbound: TSI.pC->CM.fOCP->CM.sOCPA->CM.dSMCP->CM.dSPA->CM.pASP->CARSM.pM_UPDATE_SYSTEM_AUDIO_ROUTE(cgad)@C38
08-26 22:34:54.399  2012  3578 I Telecom-ConnectionServiceFocusManager: updateConnectionServiceFocus connSvr = [ConnectionServiceWrapper componentName=ComponentInfo{com.android.phone/com.android.services.telephony.TelephonyConnectionService}]: TSI.pC->CIP.sNOCI->CSFM.rF(cgad)@C38
08-26 22:34:54.399  2012  3575 I Telecom-CallAudioRouteStateMachine: Message received: SWITCH_FOCUS=4001, arg1=2: TSI.pC->CM.fOCP->CM.sOCPA->CM.dSMCP->CM.dSPA->CM.pASP->CAMSM.pM_2001->CARSM.pM_SWITCH_FOCUS(cgad)@C38
08-26 22:34:54.399  2012  3575 I Telecom-CallAudioRouteStateMachine$QuiescentEarpieceRoute: Processing message SWITCH_FOCUS: TSI.pC->CM.fOCP->CM.sOCPA->CM.dSMCP->CM.dSPA->CM.pASP->CAMSM.pM_2001->CARSM.pM_SWITCH_FOCUS(cgad)@C38
08-26 22:34:54.399  2012  3578 I Telecom-ConnectionServiceFocusManager: updateCurrentFocusCall [Call id=TC@11, state=CONNECTING, tpac=ComponentInfo{com.android.phone/com.android.services.telephony.TelephonyConnectionService}, 1, UserHandle{0}, cmgr=ComponentInfo{com.android.phone/com.android.services.telephony.TelephonyConnectionService}, 1, UserHandle{0}, handle=tel:**********, vidst=A, childs(0), has_parent(false), mtkcap=[], mtkprop=[], cap=[], prop=[]], voip=false: TSI.pC->CIP.sNOCI->CSFM.rF(cgad)@C38
08-26 22:34:54.400  2012  3578 I Telecom-ConnectionServiceWrapper: createConnection([Call id=TC@11, state=CONNECTING, tpac=ComponentInfo{com.android.phone/com.android.services.telephony.TelephonyConnectionService}, 1, UserHandle{0}, cmgr=ComponentInfo{com.android.phone/com.android.services.telephony.TelephonyConnectionService}, 1, UserHandle{0}, handle=tel:**********, vidst=A, childs(0), has_parent(false), mtkcap=[], mtkprop=[], cap=[], prop=[]], voip=false) via ComponentInfo{com.android.phone/com.android.services.telephony.TelephonyConnectionService}.: TSI.pC->CIP.sNOCI->CSFM.rF(cgad)@C38
08-26 22:34:54.402  2012  3575 I Telecom : Event: RecordEntry TC@11: AUDIO_ROUTE, Leaving state QuiescentEarpieceRoute: TSI.pC->CM.fOCP->CM.sOCPA->CM.dSMCP->CM.dSPA->CM.pASP->CAMSM.pM_2001->CARSM.pM_SWITCH_FOCUS(cgad)@C38
08-26 22:34:54.402  2012  3575 I Telecom : Event: RecordEntry TC@11: AUDIO_ROUTE, Entering state ActiveEarpieceRoute: TSI.pC->CM.fOCP->CM.sOCPA->CM.dSMCP->CM.dSPA->CM.pASP->CAMSM.pM_2001->CARSM.pM_SWITCH_FOCUS(cgad)@C38
08-26 22:34:54.402  2012  3575 I Telecom : Event: RecordEntry TC@11: AUDIO_ROUTE_EARPIECE, null: TSI.pC->CM.fOCP->CM.sOCPA->CM.dSMCP->CM.dSPA->CM.pASP->CAMSM.pM_2001->CARSM.pM_SWITCH_FOCUS(cgad)@C38
08-26 22:34:54.402  2012  3575 I Telecom-CallAudioRouteStateMachine: turning speaker phone false: TSI.pC->CM.fOCP->CM.sOCPA->CM.dSMCP->CM.dSPA->CM.pASP->CAMSM.pM_2001->CARSM.pM_SWITCH_FOCUS(cgad)@C38
08-26 22:34:54.402  2012  3575 I Telecom : CallAudioCommunicationDeviceTracker: clearCommunicationDevice: type = 2, isBtDevice = false: TSI.pC->CM.fOCP->CM.sOCPA->CM.dSMCP->CM.dSPA->CM.pASP->CAMSM.pM_2001->CARSM.pM_SWITCH_FOCUS(cgad)@C38
08-26 22:34:54.402  2012  3575 I Telecom : CallAudioCommunicationDeviceTracker: Unable to clear communication device of type(s), 2. Device does not correspond to the locally requested device type.: TSI.pC->CM.fOCP->CM.sOCPA->CM.dSMCP->CM.dSPA->CM.pASP->CAMSM.pM_2001->CARSM.pM_SWITCH_FOCUS(cgad)@C38
08-26 22:34:54.402  2012  3575 I Telecom : CallAudioCommunicationDeviceTracker: setCommunicationDevice: type = 1, isBtDevice = false, btDevice = null: TSI.pC->CM.fOCP->CM.sOCPA->CM.dSMCP->CM.dSPA->CM.pASP->CAMSM.pM_2001->CARSM.pM_SWITCH_FOCUS(cgad)@C38
08-26 22:34:54.416  2012  2012 I Telecom-InCallController: onConnected to ComponentInfo{com.google.android.as/com.google.android.apps.miphone.aiai.captions.tulip.audiosource.impl.CIS}: ICSBC.oSC(cgaa)@C4I
08-26 22:34:54.417  2012  2012 I Telecom-InCallController: Adding 1 calls to InCallService after onConnected: ComponentInfo{com.google.android.as/com.google.android.apps.miphone.aiai.captions.tulip.audiosource.impl.CIS}, including external calls: ICSBC.oSC(cgaa)@C4I
08-26 22:34:54.420  2012  3575 I Telecom : CallAudioCommunicationDeviceTracker: Available device type: 1: TSI.pC->CM.fOCP->CM.sOCPA->CM.dSMCP->CM.dSPA->CM.pASP->CAMSM.pM_2001->CARSM.pM_SWITCH_FOCUS(cgad)@C38
08-26 22:34:54.421  2012  2012 W Telecom-ConnectionServiceWrapper: onTrackedByNonUiService invoked while service is unbound: ICSBC.oSC(cgaa)@C4I
08-26 22:34:54.422  2012  2012 I Telecom-InCallController: 1 calls sent to InCallService.: ICSBC.oSC(cgaa)@C4I
08-26 22:34:54.422  2012  2012 I Telecom-InCallController: onConnected to ComponentInfo{com.google.android.gms/com.google.android.gms.bankscamwarning.services.BankScamCallDetectionService}: ICSBC.oSC(cgag)@C4M
08-26 22:34:54.423  2012  2012 I Telecom-InCallController: Adding 1 calls to InCallService after onConnected: ComponentInfo{com.google.android.gms/com.google.android.gms.bankscamwarning.services.BankScamCallDetectionService}, including external calls: ICSBC.oSC(cgag)@C4M
08-26 22:34:54.431  2012  3575 I Telecom : CallAudioCommunicationDeviceTracker: Active device set: TSI.pC->CM.fOCP->CM.sOCPA->CM.dSMCP->CM.dSPA->CM.pASP->CAMSM.pM_2001->CARSM.pM_SWITCH_FOCUS(cgad)@C38
08-26 22:34:54.455  2012  2012 W Telecom-ConnectionServiceWrapper: onTrackedByNonUiService invoked while service is unbound: ICSBC.oSC(cgag)@C4M
08-26 22:34:54.455  2012  2012 I Telecom-InCallController: 1 calls sent to InCallService.: ICSBC.oSC(cgag)@C4M
08-26 22:34:54.457  2012  3575 I Telecom-CallAudioRouteStateMachine: setSystemAudioState: changing from [AudioState isMuted: false, route: EARPIECE, supportedRouteMask: EARPIECE, SPEAKER, activeBluetoothDevice: [], supportedBluetoothDevices: []] to [AudioState isMuted: false, route: EARPIECE, supportedRouteMask: EARPIECE, SPEAKER, activeBluetoothDevice: [], supportedBluetoothDevices: []]: TSI.pC->CM.fOCP->CM.sOCPA->CM.dSMCP->CM.dSPA->CM.pASP->CAMSM.pM_2001->CARSM.pM_SWITCH_FOCUS(cgad)@C38
08-26 22:34:54.457  2012  3575 I Telecom : CallEndpointController: onCallAudioStateChanged, audioState: [AudioState isMuted: false, route: EARPIECE, supportedRouteMask: EARPIECE, SPEAKER, activeBluetoothDevice: [], supportedBluetoothDevices: []] -> [AudioState isMuted: false, route: EARPIECE, supportedRouteMask: EARPIECE, SPEAKER, activeBluetoothDevice: [], supportedBluetoothDevices: []]: TSI.pC->CM.fOCP->CM.sOCPA->CM.dSMCP->CM.dSPA->CM.pASP->CAMSM.pM_2001->CARSM.pM_SWITCH_FOCUS(cgad)@C38
08-26 22:34:54.457  2012  3575 I Telecom-InCallController: Calling onAvailableCallEndpointsChanged: TSI.pC->CM.fOCP->CM.sOCPA->CM.dSMCP->CM.dSPA->CM.pASP->CAMSM.pM_2001->CARSM.pM_SWITCH_FOCUS(cgad)@C38
08-26 22:34:54.458  2012  3575 W Telecom-ConnectionServiceWrapper: onAvailableCallEndpointsChanged invoked while service is unbound: TSI.pC->CM.fOCP->CM.sOCPA->CM.dSMCP->CM.dSPA->CM.pASP->CAMSM.pM_2001->CARSM.pM_SWITCH_FOCUS(cgad)@C38
08-26 22:34:54.458  2012  3575 I Telecom-InCallController: Calling onCallEndpointChanged: TSI.pC->CM.fOCP->CM.sOCPA->CM.dSMCP->CM.dSPA->CM.pASP->CAMSM.pM_2001->CARSM.pM_SWITCH_FOCUS(cgad)@C38
08-26 22:34:54.462  2012  3575 W Telecom-ConnectionServiceWrapper: onCallEndpointChanged invoked while service is unbound: TSI.pC->CM.fOCP->CM.sOCPA->CM.dSMCP->CM.dSPA->CM.pASP->CAMSM.pM_2001->CARSM.pM_SWITCH_FOCUS(cgad)@C38
08-26 22:34:54.462  2012  3575 I Telecom-InCallController: Calling onMuteStateChanged: TSI.pC->CM.fOCP->CM.sOCPA->CM.dSMCP->CM.dSPA->CM.pASP->CAMSM.pM_2001->CARSM.pM_SWITCH_FOCUS(cgad)@C38
08-26 22:34:54.462  2012  3575 W Telecom-ConnectionServiceWrapper: onMuteStateChanged invoked while service is unbound: TSI.pC->CM.fOCP->CM.sOCPA->CM.dSMCP->CM.dSPA->CM.pASP->CAMSM.pM_2001->CARSM.pM_SWITCH_FOCUS(cgad)@C38
08-26 22:34:54.463  2012  3575 W Telecom-ConnectionServiceWrapper: onCallAudioStateChanged invoked while service is unbound: TSI.pC->CM.fOCP->CM.sOCPA->CM.dSMCP->CM.dSPA->CM.pASP->CAMSM.pM_2001->CARSM.pM_SWITCH_FOCUS(cgad)@C38
08-26 22:34:54.463  2012  3575 I Telecom-BluetoothRouteManager: getBluetoothAudioConnectedDevice: no service available.: TSI.pC->CM.fOCP->CM.sOCPA->CM.dSMCP->CM.dSPA->CM.pASP->CAMSM.pM_2001->CARSM.pM_SWITCH_FOCUS(cgad)@C38
08-26 22:34:54.467  2012  2012 I Telecom-InCallController: onConnected to ComponentInfo{com.google.android.dialer/com.android.incallui.InCallServiceImpl}: ICSBC.oSC(cgad)@C4Q
08-26 22:34:54.467  2012  2012 I Telecom-InCallController: trackCallingUserInterfaceStarted: com.google.android.dialer is now calling UX.: ICSBC.oSC(cgad)@C4Q
08-26 22:34:54.467  2012  2012 I Telecom-InCallController: Adding 1 calls to InCallService after onConnected: ComponentInfo{com.google.android.dialer/com.android.incallui.InCallServiceImpl}, including external calls: ICSBC.oSC(cgad)@C4Q
08-26 22:34:54.472  2012  2012 W Telecom-ConnectionServiceWrapper: onTrackedByNonUiService invoked while service is unbound: ICSBC.oSC(cgad)@C4Q
08-26 22:34:54.472  2012  2012 I Telecom-InCallController: 1 calls sent to InCallService.: ICSBC.oSC(cgad)@C4Q
08-26 22:34:54.476  2012  2012 I Telecom : CallerInfoLookupHelper: CI query for handle tel:***-***-**** has completed; notifying all listeners.: TSI.pC->CILH.sL->CILH.oQC(cgad)@C38
08-26 22:34:54.476  2012  2012 I Telecom-Call: setCallerInfo received stale caller info for an old handle. Ignoring.: TSI.pC->CILH.sL->CILH.oQC(cgad)@C38
08-26 22:34:54.478  2012  2012 I Telecom : CallerInfoLookupHelper: CI query for handle tel:********** has completed; notifying all listeners.: TSI.pC->CILH.sL->CILH.oQC(cgad)@C38
08-26 22:34:54.478  2012  2012 I Telecom-Call: CallerInfo received for tel:**********: android.telecom.CallerInfo@64103ef { name non-null, phoneNumber non-null }: TSI.pC->CILH.sL->CILH.oQC(cgad)@C38
08-26 22:34:54.493  2012  2012 I Telecom-InCallController: Components updated: [ComponentInfo{com.google.android.as/com.google.android.apps.miphone.aiai.captions.tulip.audiosource.impl.CIS}, ComponentInfo{com.google.android.dialer/com.android.incallui.InCallServiceImpl}, ComponentInfo{com.google.android.gms/com.google.android.gms.bankscamwarning.services.BankScamCallDetectionService}]; Sending updateCall [Call id=TC@11, state=CONNECTING, tpac=ComponentInfo{com.android.phone/com.android.services.telephony.TelephonyConnectionService}, 1, UserHandle{0}, cmgr=ComponentInfo{com.android.phone/com.android.services.telephony.TelephonyConnectionService}, 1, UserHandle{0}, handle=tel:**********, vidst=A, childs(0), has_parent(false), mtkcap=[], mtkprop=[], cap=[], prop=[]], voip=false: TSI.pC->CILH.sL->CILH.oQC(cgad)@C38
08-26 22:34:54.494  2012  2012 I Telecom-ServiceBinder$ServiceBinderConnection: Service bound ComponentInfo{com.android.phone/com.android.services.telephony.TelephonyConnectionService}: SBC.oSC(cap)@C4U
08-26 22:34:54.495  2012  2012 I Telecom : Logging.Events: Non-call EVENT: CS_BOUND, ComponentInfo{com.android.phone/com.android.services.telephony.TelephonyConnectionService}: SBC.oSC(cap)@C4U
08-26 22:34:54.498  2012  2012 I Telecom : Event: RecordEntry TC@11: START_CONNECTION, tel:********** via:com.android.phone: SBC.oSC(cap)@C4U
08-26 22:34:54.504  2012  2040 I Telecom-PhoneAccountRegistrar: getSimCallManager: SimCallManager for subId 1 queried, returning: null: (...->CS.aCSA->H.CS.aCSA)->CSW.qRCS(cap)@E-E-C4U
08-26 22:34:54.505  2012  2040 W Telecom-ConnectionServiceWrapper: call provider also detected as SIM call manager: [ConnectionServiceWrapper componentName=ComponentInfo{com.android.phone/com.android.services.telephony.TelephonyConnectionService}]: (...->CS.aCSA->H.CS.aCSA)->CSW.qRCS(cap)@E-E-C4U
08-26 22:34:54.509  2012  2040 I Telecom-PhoneAccountRegistrar: getSimCallManager: SimCallManager for subId 2 queried, returning: null: (...->CS.aCSA->H.CS.aCSA)->CSW.qRCS(cap)@E-E-C4U
08-26 22:34:54.509  2012  2040 W Telecom-ConnectionServiceWrapper: call provider also detected as SIM call manager: [ConnectionServiceWrapper componentName=ComponentInfo{com.android.phone/com.android.services.telephony.TelephonyConnectionService}]: (...->CS.aCSA->H.CS.aCSA)->CSW.qRCS(cap)@E-E-C4U
08-26 22:34:54.509  2012  2040 I Telecom-ConnectionServiceWrapper: queryRemoteConnectionServices, simServices = []: (...->CS.aCSA->H.CS.aCSA)->CSW.qRCS(cap)@E-E-C4U
08-26 22:34:54.511  2012  4571 W WindowManager: Changing focus from null to Window{b8c9682 u0 com.google.android.dialer/com.android.dialer.incall.activity.ui.InCallActivity} displayId=0 Callers=com.android.server.wm.RootWindowContainer.updateFocusedWindowLocked:496 com.android.server.wm.WindowManagerService.updateFocusedWindowLocked:6629 com.android.server.wm.WindowManagerService.relayoutWindowInner:2708 com.android.server.wm.WindowManagerService.relayoutWindow:2378 
08-26 22:34:54.517  2012  4571 I WindowManager: Relayout Window{b8c9682 u0 com.google.android.dialer/com.android.dialer.incall.activity.ui.InCallActivity}: oldVis=4 newVis=0 focusMayChange = true requestedWidth = 1084 requestedHeight = 2412 outFrames = ClientWindowFrames{frame=[0,0][1084,2412] display=[0,0][1084,2412] parentFrame=[0,0][0,0]} outSurfaceControl = Surface(name=com.google.android.dialer/com.android.dialer.incall.activity.ui.InCallActivity)/@0xcdbd17e
08-26 22:34:54.531  2012  2012 I Telecom : Event: RecordEntry TC@11: BIND_SCREENING, com.truecaller: TSI.pC->CILH.sL->CILH.oQC->CM.pCSB(cgad)@C38
08-26 22:34:54.531  2012 28810 I Telecom-Call: setCallerInfo received stale caller info for an old handle. Ignoring.: TSI.pC->CILH.sL->CILH.oQC->CILH.sPL->CLIH.oILC(cgad)@C38
08-26 22:34:54.532  2012  2012 W Looper  : Drained
08-26 22:34:54.533  2012  4507 I ActivityManager: Process com.nothing.smartcenter (pid 9243) has died: cch+85 CEM 
08-26 22:34:54.538  2012 28810 I Telecom-Call: CallerInfo received for tel:**********: android.telecom.CallerInfo@64103ef { name non-null, phoneNumber non-null }: TSI.pC->CILH.sL->CILH.oQC->CILH.sPL->CLIH.oILC(cgad)@C38
08-26 22:34:54.554  2012 28810 I Telecom-InCallController: Components updated: [ComponentInfo{com.google.android.as/com.google.android.apps.miphone.aiai.captions.tulip.audiosource.impl.CIS}, ComponentInfo{com.google.android.dialer/com.android.incallui.InCallServiceImpl}, ComponentInfo{com.google.android.gms/com.google.android.gms.bankscamwarning.services.BankScamCallDetectionService}]; Sending updateCall [Call id=TC@11, state=CONNECTING, tpac=ComponentInfo{com.android.phone/com.android.services.telephony.TelephonyConnectionService}, 1, UserHandle{0}, cmgr=ComponentInfo{com.android.phone/com.android.services.telephony.TelephonyConnectionService}, 1, UserHandle{0}, handle=tel:**********, vidst=A, childs(0), has_parent(false), mtkcap=[], mtkprop=[], cap=[], prop=[]], voip=false: TSI.pC->CILH.sL->CILH.oQC->CILH.sPL->CLIH.oILC(cgad)@C38
08-26 22:34:54.556  2012  2012 W TextToSpeechManagerPerUserService: Disconnected from TTS engine
08-26 22:34:54.556  2012  2012 W ActivityManager: pid 2012 system sent binder code 2 with flags 1 to frozen apps and got error -32
08-26 22:34:54.556  2012  2012 I TextToSpeechManagerPerUserService: Failed running callback method: android.os.DeadObjectException
08-26 22:34:54.592  2012  4507 W WindowManager: Failed looking up window session=Session{849c053 30790:u0a10132} callers=com.android.server.wm.WindowManagerService.windowForClientLocked:6514 com.android.server.wm.Session.setOnBackInvokedCallbackInfo:1038 android.view.IWindowSession$Stub.onTransact:1249 
08-26 22:34:54.593  2012  4507 I WindowManager: setOnBackInvokedCallback(): No window state for package:com.google.android.dialer
08-26 22:34:54.703  2012 22515 I Telecom-CallAudioModeStateMachine: onModeChanged: mode=2
08-26 22:34:54.719  2012  3172 E MR2SystemProvider: Could not map this selected device attribute type to an available route: 1
08-26 22:34:54.747  2012  4888 W PackageConfigPersister: App-specific configuration not found for packageName: com.google.android.dialer and userId: 0
08-26 22:34:54.785  2012  4888 W UserManagerService: Requested status bar icon for non-badged user 0
08-26 22:34:54.803  2012  3339 W UserManagerService: Requested status bar icon for non-badged user 0
08-26 22:34:54.813  2012  4571 W UserManagerService: Requested status bar icon for non-badged user 0
08-26 22:34:54.846  2012  4540 W PackageConfigPersister: App-specific configuration not found for packageName: com.google.android.dialer and userId: 0
08-26 22:34:54.850  2012  2084 I DisplayPowerProximityStateController[0]: No longer ignoring proximity [1]
08-26 22:34:54.858  2012  2050 I DisplayDeviceRepository: Display device changed render timings: "Built-in Screen", renderFrameRate=90.0, presentationDeadlineNanos=17100000, appVsyncOffsetNanos=633333
08-26 22:34:54.867  2012  4564 I ActivityManager: Background started FGS: Allowed [callingPackage: com.google.android.dialer; callingUid: 10132; uidState: TOP ; uidBFSL: [BFSL]; intent: Intent { act=android.telecom.InCallService cmp=com.google.android.dialer/com.android.incallui.InCallServiceImpl }; code:PROC_STATE_TOP; tempAllowListReason:<df7451f android.telecom.action.SHOW_MISSED_CALLS_NOTIFICATION/u0,reasonCode:UNKNOWN,duration:30000,callingUid:1000>; targetSdkVersion:36; callerTargetSdkVersion:36; startForegroundCount:0; bindFromPackage:null: isBindService:false]
08-26 22:34:54.882  2012  2084 I DisplayBrightnessStrategySelector: Changing the DisplayBrightnessStrategy from InvalidBrightnessStrategy to ScreenOffBrightnessStrategy for display 0
08-26 22:34:54.888  2012  2084 I DisplayPowerController2[0]: BrightnessEvent: disp=0, physDisp=local:4627039422300187648, displayState=OFF, displayPolicy=BRIGHT, brt=0.0, initBrt=0.3081631, rcmdBrt=NaN, preBrt=NaN, lux=0.0, preLux=0.0, hbmMax=0.9221001, hbmMode=off, rbcStrength=25, thrmMax=1.0, powerFactor=1.0, wasShortTermModelActive=false, flags=, reason=screen_off, autoBrightness=false, strategy=ScreenOffBrightnessStrategy, autoBrightnessMode=default
08-26 22:34:54.898  2012  6051 I ActivityManager: Background started FGS: Allowed [callingPackage: com.google.android.dialer; callingUid: 10132; uidState: TOP ; uidBFSL: [BFSL]; intent: Intent { act=android.telecom.InCallService cmp=com.google.android.dialer/com.android.incallui.InCallServiceImpl }; code:PROC_STATE_TOP; tempAllowListReason:<df7451f android.telecom.action.SHOW_MISSED_CALLS_NOTIFICATION/u0,reasonCode:UNKNOWN,duration:30000,callingUid:1000>; targetSdkVersion:36; callerTargetSdkVersion:36; startForegroundCount:1; bindFromPackage:null: isBindService:false]
08-26 22:34:54.900  2012  2050 I DisplayDeviceRepository: Display device changed state: "Built-in Screen", OFF
08-26 22:34:54.908  2012  2051 I DisplayDevice: [0] Layerstack set to -1 for local:4627039422300187648
08-26 22:34:55.148  2012  2012 W NotificationHistory: Attempted to add notif for locked/gone/disabled user 0
08-26 22:34:55.201  2012  4980 I Telecom-InCallController: Components updated: [ComponentInfo{com.google.android.as/com.google.android.apps.miphone.aiai.captions.tulip.audiosource.impl.CIS}, ComponentInfo{com.google.android.dialer/com.android.incallui.InCallServiceImpl}, ComponentInfo{com.google.android.gms/com.google.android.gms.bankscamwarning.services.BankScamCallDetectionService}]; Sending updateCall [Call id=TC@11, state=CONNECTING, tpac=ComponentInfo{com.android.phone/com.android.services.telephony.TelephonyConnectionService}, 1, UserHandle{0}, cmgr=ComponentInfo{com.android.phone/com.android.services.telephony.TelephonyConnectionService}, 1, UserHandle{0}, handle=tel:**********, vidst=A, childs(0), has_parent(false), mtkcap=[], mtkprop=[], cap=[], prop=[]], voip=false: (...->CS.crCo->H.CS.crCo->H.CS.crCo.pICR)->CSW.hCCC(cap/cast)@E-E-C4U
08-26 22:34:55.213  2012  4980 I Telecom-InCallController: Components updated: [ComponentInfo{com.google.android.as/com.google.android.apps.miphone.aiai.captions.tulip.audiosource.impl.CIS}, ComponentInfo{com.google.android.dialer/com.android.incallui.InCallServiceImpl}, ComponentInfo{com.google.android.gms/com.google.android.gms.bankscamwarning.services.BankScamCallDetectionService}]; Sending updateCall [Call id=TC@11, state=CONNECTING, tpac=ComponentInfo{com.android.phone/com.android.services.telephony.TelephonyConnectionService}, 1, UserHandle{0}, cmgr=ComponentInfo{com.android.phone/com.android.services.telephony.TelephonyConnectionService}, 1, UserHandle{0}, handle=tel:**********, vidst=A, childs(0), has_parent(false), mtkcap=[ sup_hld mut !v2a], mtkprop=[], cap=[ sup_hld mut !v2a], prop=[]], voip=false: (...->CS.crCo->H.CS.crCo->H.CS.crCo.pICR)->CSW.hCCC(cap/cast)@E-E-C4U
08-26 22:34:55.213  2012  4980 I Telecom : Event: RecordEntry TC@11: CAPABILITY_CHANGE, Current: [[ sup_hld mut !v2a]], Removed [[]], Added [[ sup_hld mut !v2a]]: (...->CS.crCo->H.CS.crCo->H.CS.crCo.pICR)->CSW.hCCC(cap/cast)@E-E-C4U
08-26 22:34:55.222  2012  4980 I Telecom-InCallController: Components updated: [ComponentInfo{com.google.android.as/com.google.android.apps.miphone.aiai.captions.tulip.audiosource.impl.CIS}, ComponentInfo{com.google.android.dialer/com.android.incallui.InCallServiceImpl}, ComponentInfo{com.google.android.gms/com.google.android.gms.bankscamwarning.services.BankScamCallDetectionService}]; Sending updateCall [Call id=TC@11, state=CONNECTING, tpac=ComponentInfo{com.android.phone/com.android.services.telephony.TelephonyConnectionService}, 1, UserHandle{0}, cmgr=ComponentInfo{com.android.phone/com.android.services.telephony.TelephonyConnectionService}, 1, UserHandle{0}, handle=tel:**********, vidst=A, childs(0), has_parent(false), mtkcap=[ sup_hld mut !v2a], mtkprop=[ m_volte], cap=[ sup_hld mut !v2a], prop=[]], voip=false: (...->CS.crCo->H.CS.crCo->H.CS.crCo.pICR)->CSW.hCCC(cap/cast)@E-E-C4U
08-26 22:34:55.223  2012  4980 I Telecom : Event: RecordEntry TC@11: PROPERTY_CHANGE, Current: [[ m_volte]], Removed [[]], Added [[ m_volte]]: (...->CS.crCo->H.CS.crCo->H.CS.crCo.pICR)->CSW.hCCC(cap/cast)@E-E-C4U
08-26 22:34:55.236  2012  4980 I Telecom-InCallController: Components updated: [ComponentInfo{com.google.android.as/com.google.android.apps.miphone.aiai.captions.tulip.audiosource.impl.CIS}, ComponentInfo{com.google.android.dialer/com.android.incallui.InCallServiceImpl}, ComponentInfo{com.google.android.gms/com.google.android.gms.bankscamwarning.services.BankScamCallDetectionService}]; Sending updateCall [Call id=TC@11, state=CONNECTING, tpac=ComponentInfo{com.android.phone/com.android.services.telephony.TelephonyConnectionService}, 1, UserHandle{0}, cmgr=ComponentInfo{com.android.phone/com.android.services.telephony.TelephonyConnectionService}, 1, UserHandle{0}, handle=tel:**********, vidst=A, childs(0), has_parent(false), mtkcap=[ sup_hld mut !v2a], mtkprop=[ m_volte], cap=[ sup_hld mut !v2a], prop=[]], voip=false: (...->CS.crCo->H.CS.crCo->H.CS.crCo.pICR)->CSW.hCCC(cap/cast)@E-E-C4U
08-26 22:34:55.237  2012  3576 I Telecom-CallAudioModeStateMachine: Message received: FOREGROUND_VOIP_MODE_CHANGE.: (...->CS.crCo->H.CS.crCo->H.CS.crCo.pICR)->CSW.hCCC->CAMSM.pM_4001(cap/cast)@E-E-C4U
08-26 22:34:55.248  2012  4980 I Telecom-InCallController: Components updated: [ComponentInfo{com.google.android.as/com.google.android.apps.miphone.aiai.captions.tulip.audiosource.impl.CIS}, ComponentInfo{com.google.android.dialer/com.android.incallui.InCallServiceImpl}, ComponentInfo{com.google.android.gms/com.google.android.gms.bankscamwarning.services.BankScamCallDetectionService}]; Sending updateCall [Call id=TC@11, state=CONNECTING, tpac=ComponentInfo{com.android.phone/com.android.services.telephony.TelephonyConnectionService}, 1, UserHandle{0}, cmgr=ComponentInfo{com.android.phone/com.android.services.telephony.TelephonyConnectionService}, 1, UserHandle{0}, handle=tel:**********, vidst=A, childs(0), has_parent(false), mtkcap=[ sup_hld mut !v2a], mtkprop=[ m_volte], cap=[ sup_hld mut !v2a], prop=[]], voip=false: (...->CS.crCo->H.CS.crCo->H.CS.crCo.pICR)->CSW.hCCC(cap/cast)@E-E-C4U
08-26 22:34:55.263  2012  4980 I Telecom-InCallController: Components updated: [ComponentInfo{com.google.android.as/com.google.android.apps.miphone.aiai.captions.tulip.audiosource.impl.CIS}, ComponentInfo{com.google.android.dialer/com.android.incallui.InCallServiceImpl}, ComponentInfo{com.google.android.gms/com.google.android.gms.bankscamwarning.services.BankScamCallDetectionService}]; Sending updateCall [Call id=TC@11, state=CONNECTING, tpac=ComponentInfo{com.android.phone/com.android.services.telephony.TelephonyConnectionService}, 1, UserHandle{0}, cmgr=ComponentInfo{com.android.phone/com.android.services.telephony.TelephonyConnectionService}, 1, UserHandle{0}, handle=tel:**********, vidst=A, childs(0), has_parent(false), mtkcap=[ sup_hld mut !v2a], mtkprop=[ m_volte], cap=[ sup_hld mut !v2a], prop=[]], voip=false: (...->CS.crCo->H.CS.crCo->H.CS.crCo.pICR)->CSW.hCCC(cap/cast)@E-E-C4U
08-26 22:34:55.276  2012  4980 I Telecom-InCallController: Components updated: [ComponentInfo{com.google.android.as/com.google.android.apps.miphone.aiai.captions.tulip.audiosource.impl.CIS}, ComponentInfo{com.google.android.dialer/com.android.incallui.InCallServiceImpl}, ComponentInfo{com.google.android.gms/com.google.android.gms.bankscamwarning.services.BankScamCallDetectionService}]; Sending updateCall [Call id=TC@11, state=CONNECTING, tpac=ComponentInfo{com.android.phone/com.android.services.telephony.TelephonyConnectionService}, 1, UserHandle{0}, cmgr=ComponentInfo{com.android.phone/com.android.services.telephony.TelephonyConnectionService}, 1, UserHandle{0}, handle=tel:**********, vidst=A, childs(0), has_parent(false), mtkcap=[ sup_hld mut !v2a], mtkprop=[ m_volte], cap=[ sup_hld mut !v2a], prop=[]], voip=false: (...->CS.crCo->H.CS.crCo->H.CS.crCo.pICR)->CSW.hCCC(cap/cast)@E-E-C4U
08-26 22:34:55.277  2012  4980 I Telecom : CallAnomalyWatchdog: maybePostCleanupTask; callId=TC@11, state=CONNECTING, createConnComplete=true: (...->CS.crCo->H.CS.crCo->H.CS.crCo.pICR)->CSW.hCCC(cap/cast)@E-E-C4U
08-26 22:34:55.287  2012  4980 I Telecom-InCallController: Components updated: [ComponentInfo{com.google.android.as/com.google.android.apps.miphone.aiai.captions.tulip.audiosource.impl.CIS}, ComponentInfo{com.google.android.dialer/com.android.incallui.InCallServiceImpl}, ComponentInfo{com.google.android.gms/com.google.android.gms.bankscamwarning.services.BankScamCallDetectionService}]; Sending updateCall [Call id=TC@11, state=CONNECTING, tpac=ComponentInfo{com.android.phone/com.android.services.telephony.TelephonyConnectionService}, 1, UserHandle{0}, cmgr=ComponentInfo{com.android.phone/com.android.services.telephony.TelephonyConnectionService}, 1, UserHandle{0}, handle=tel:**********, vidst=A, childs(0), has_parent(false), mtkcap=[ sup_hld mut !v2a], mtkprop=[ m_volte], cap=[ sup_hld mut !v2a], prop=[]], voip=false: (...->CS.crCo->H.CS.crCo->H.CS.crCo.pICR)->CSW.hCCC(cap/cast)@E-E-C4U
08-26 22:34:55.287  2012  4980 I Telecom-CallsManager: setCallState CONNECTING -> DIALING, call: [Call id=TC@11, state=CONNECTING, tpac=ComponentInfo{com.android.phone/com.android.services.telephony.TelephonyConnectionService}, 1, UserHandle{0}, cmgr=ComponentInfo{com.android.phone/com.android.services.telephony.TelephonyConnectionService}, 1, UserHandle{0}, handle=tel:**********, vidst=A, childs(0), has_parent(false), mtkcap=[ sup_hld mut !v2a], mtkprop=[ m_volte], cap=[ sup_hld mut !v2a], prop=[]], voip=false: (...->CS.crCo->H.CS.crCo->H.CS.crCo.pICR)->CSW.hCCC(cap/cast)@E-E-C4U
08-26 22:34:55.287  2012  4980 I Telecom : Event: RecordEntry TC@11: SET_DIALING, dialing set explicitly: (...->CS.crCo->H.CS.crCo->H.CS.crCo.pICR)->CSW.hCCC(cap/cast)@E-E-C4U
08-26 22:34:55.287  2012  3575 I Telecom-CallAudioRouteStateMachine: Message received: UPDATE_SYSTEM_AUDIO_ROUTE=1201, arg1=0: (...->CS.crCo->H.CS.crCo->H.CS.crCo.pICR)->CSW.hCCC->CARSM.pM_UPDATE_SYSTEM_AUDIO_ROUTE(cap/cast)@E-E-C4U
08-26 22:34:55.287  2012  3575 I Telecom-CallAudioRouteStateMachine$ActiveEarpieceRoute: Processing message UPDATE_SYSTEM_AUDIO_ROUTE: (...->CS.crCo->H.CS.crCo->H.CS.crCo.pICR)->CSW.hCCC->CARSM.pM_UPDATE_SYSTEM_AUDIO_ROUTE(cap/cast)@E-E-C4U
08-26 22:34:55.287  2012  4980 I Telecom-InCallController: onCallStateChanged: Call state changed for TC@TC@11: CONNECTING -> DIALING: (...->CS.crCo->H.CS.crCo->H.CS.crCo.pICR)->CSW.hCCC(cap/cast)@E-E-C4U
08-26 22:34:55.287  2012  3575 I Telecom-BluetoothRouteManager: getBluetoothAudioConnectedDevice: no service available.: (...->CS.crCo->H.CS.crCo->H.CS.crCo.pICR)->CSW.hCCC->CARSM.pM_UPDATE_SYSTEM_AUDIO_ROUTE(cap/cast)@E-E-C4U
08-26 22:34:55.299  2012  4980 I Telecom-InCallController: Components updated: [ComponentInfo{com.google.android.as/com.google.android.apps.miphone.aiai.captions.tulip.audiosource.impl.CIS}, ComponentInfo{com.google.android.dialer/com.android.incallui.InCallServiceImpl}, ComponentInfo{com.google.android.gms/com.google.android.gms.bankscamwarning.services.BankScamCallDetectionService}]; Sending updateCall [Call id=TC@11, state=DIALING, tpac=ComponentInfo{com.android.phone/com.android.services.telephony.TelephonyConnectionService}, 1, UserHandle{0}, cmgr=ComponentInfo{com.android.phone/com.android.services.telephony.TelephonyConnectionService}, 1, UserHandle{0}, handle=tel:**********, vidst=A, childs(0), has_parent(false), mtkcap=[ sup_hld mut !v2a], mtkprop=[ m_volte], cap=[ sup_hld mut !v2a], prop=[]], voip=false: (...->CS.crCo->H.CS.crCo->H.CS.crCo.pICR)->CSW.hCCC(cap/cast)@E-E-C4U
08-26 22:34:55.300  2012  3578 I Telecom-ConnectionServiceFocusManager: updateCurrentFocusCall [Call id=TC@11, state=DIALING, tpac=ComponentInfo{com.android.phone/com.android.services.telephony.TelephonyConnectionService}, 1, UserHandle{0}, cmgr=ComponentInfo{com.android.phone/com.android.services.telephony.TelephonyConnectionService}, 1, UserHandle{0}, handle=tel:**********, vidst=A, childs(0), has_parent(false), mtkcap=[ sup_hld mut !v2a], mtkprop=[ m_volte], cap=[ sup_hld mut !v2a], prop=[]], voip=false: (...->CS.crCo->H.CS.crCo->H.CS.crCo.pICR)->CSW.hCCC->CSFM.oCSS(cap/cast)@E-E-C4U
08-26 22:34:55.301  2012  4980 I Telecom : TelecomWakeLock: Acquiring WakeLock with id: 26: (...->CS.crCo->H.CS.crCo->H.CS.crCo.pICR)->CSW.hCCC(cap/cast)@E-E-C4U
08-26 22:34:55.301  2012  4980 I Telecom : InCallWakeLockController: Acquiring full wake lock: (...->CS.crCo->H.CS.crCo->H.CS.crCo.pICR)->CSW.hCCC(cap/cast)@E-E-C4U
08-26 22:34:55.301  2012  4980 I Telecom-CallLogManager: onCallStateChanged [TC@11, tel:**********] isNewlyDisconnected:false, DisconnectCause [ Code: (UNKNOWN) Label: () Description: () Reason: () Tone: (-1)  TelephonyCause: 36/65535 ImsReasonInfo: null], oldState:CONNECTING, newState:DIALING, isConference():false, isCallCanceled:false, hasParent:false, isExternalCall() false: (...->CS.crCo->H.CS.crCo->H.CS.crCo.pICR)->CSW.hCCC(cap/cast)@E-E-C4U
08-26 22:34:55.302  2012  4980 I Telecom-CallAudioManager: onCallStateChanged: Call state changed for TC@TC@11: CONNECTING -> DIALING: (...->CS.crCo->H.CS.crCo->H.CS.crCo.pICR)->CSW.hCCC(cap/cast)@E-E-C4U
08-26 22:34:55.302  2012  4980 I Telecom-CallAudioManager: updateForegroundCall; oldFg=TC@11, newFg=TC@11, aDC=TC@11, ring=, hold=: (...->CS.crCo->H.CS.crCo->H.CS.crCo.pICR)->CSW.hCCC(cap/cast)@E-E-C4U
08-26 22:34:55.302  2012  3576 I Telecom-CallAudioModeStateMachine: Message received: NEW_ACTIVE_OR_DIALING_CALL.: (...->CS.crCo->H.CS.crCo->H.CS.crCo.pICR)->CSW.hCCC->CAMSM.pM_2001(cap/cast)@E-E-C4U
08-26 22:34:55.302  2012  4980 I Telecom : CallAnomalyWatchdog: onCallStateChanged: call=[Call id=TC@11, state=DIALING, tpac=ComponentInfo{com.android.phone/com.android.services.telephony.TelephonyConnectionService}, 1, UserHandle{0}, cmgr=ComponentInfo{com.android.phone/com.android.services.telephony.TelephonyConnectionService}, 1, UserHandle{0}, handle=tel:**********, vidst=A, childs(0), has_parent(false), mtkcap=[ sup_hld mut !v2a], mtkprop=[ m_volte], cap=[ sup_hld mut !v2a], prop=[]], voip=false: (...->CS.crCo->H.CS.crCo->H.CS.crCo.pICR)->CSW.hCCC(cap/cast)@E-E-C4U
08-26 22:34:55.303  2012  4980 I Telecom : CallAnomalyWatchdog: maybePostCleanupTask; callId=TC@11, state=DIALING, createConnComplete=true: (...->CS.crCo->H.CS.crCo->H.CS.crCo.pICR)->CSW.hCCC(cap/cast)@E-E-C4U
08-26 22:34:55.327  2012  4980 I Telecom : PhoneStateBroadcaster: Broadcasted state change: 2: (...->CS.crCo->H.CS.crCo->H.CS.crCo.pICR)->CSW.hCCC(cap/cast)@E-E-C4U
08-26 22:34:55.327  2012  4980 I Telecom : IncomingCallNotifier: updateIncomingCall: foundIncomingcall = null: (...->CS.crCo->H.CS.crCo->H.CS.crCo.pICR)->CSW.hCCC(cap/cast)@E-E-C4U
08-26 22:34:55.328  2012  3575 I Telecom-CallAudioRouteStateMachine: setSystemAudioState: changing from [AudioState isMuted: false, route: EARPIECE, supportedRouteMask: EARPIECE, SPEAKER, activeBluetoothDevice: [], supportedBluetoothDevices: []] to [AudioState isMuted: false, route: EARPIECE, supportedRouteMask: EARPIECE, SPEAKER, activeBluetoothDevice: [], supportedBluetoothDevices: []]: (...->CS.crCo->H.CS.crCo->H.CS.crCo.pICR)->CSW.hCCC->CARSM.pM_UPDATE_SYSTEM_AUDIO_ROUTE(cap/cast)@E-E-C4U
08-26 22:34:55.328  2012  3575 I Telecom : CallEndpointController: onCallAudioStateChanged, audioState: [AudioState isMuted: false, route: EARPIECE, supportedRouteMask: EARPIECE, SPEAKER, activeBluetoothDevice: [], supportedBluetoothDevices: []] -> [AudioState isMuted: false, route: EARPIECE, supportedRouteMask: EARPIECE, SPEAKER, activeBluetoothDevice: [], supportedBluetoothDevices: []]: (...->CS.crCo->H.CS.crCo->H.CS.crCo.pICR)->CSW.hCCC->CARSM.pM_UPDATE_SYSTEM_AUDIO_ROUTE(cap/cast)@E-E-C4U
08-26 22:34:55.328  2012  3575 I Telecom-InCallController: Calling onAvailableCallEndpointsChanged: (...->CS.crCo->H.CS.crCo->H.CS.crCo.pICR)->CSW.hCCC->CARSM.pM_UPDATE_SYSTEM_AUDIO_ROUTE(cap/cast)@E-E-C4U
08-26 22:34:55.329  2012  3575 I Telecom-InCallController: Calling onCallEndpointChanged: (...->CS.crCo->H.CS.crCo->H.CS.crCo.pICR)->CSW.hCCC->CARSM.pM_UPDATE_SYSTEM_AUDIO_ROUTE(cap/cast)@E-E-C4U
08-26 22:34:55.329  2012  3575 I Telecom-InCallController: Calling onMuteStateChanged: (...->CS.crCo->H.CS.crCo->H.CS.crCo.pICR)->CSW.hCCC->CARSM.pM_UPDATE_SYSTEM_AUDIO_ROUTE(cap/cast)@E-E-C4U
08-26 22:34:55.330  2012  4097 I Telecom-TelecomServiceImpl$1: isInEmergencyCall: false: TSI.iIEC@C6A
08-26 22:34:55.333  3438  3438 I TelecomFramework: TelephonyConnectionService: notifyCreateConnectionComplete TC@11_1: (...->CSW.hCCC)->CS.crCoC->H.CS.crCoC(cap/cast)@E-E-E-C4U
08-26 22:34:55.336  3438  3438 I TelecomFramework: TelephonyConnectionService: onAvailableCallEndpointsChanged TC@11_1: (...->CSW.hCCC->CARSM.pM_UPDATE_SYSTEM_AUDIO_ROUTE)->CS.oACEC->H.CS.cASC(cap/cast/cast)@E-E-E-C4U
08-26 22:34:55.337  3438  3438 I TelecomFramework: TelephonyConnectionService: onCallEndpointChanged TC@11_1 [CallEndpoint Name: Earpiece, Type: EARPIECE, Identifier: a7510ba8-ec28-40ba-8915-09548f97ee04]: (...->CSW.hCCC->CARSM.pM_UPDATE_SYSTEM_AUDIO_ROUTE)->CS.oCEC->H.CS.cASC(cap/cast/cast)@E-E-E-C4U
08-26 22:34:55.337  3438  3438 I TelecomFramework: TelephonyConnectionService: onMuteStateChanged TC@11_1 false: (...->CSW.hCCC->CARSM.pM_UPDATE_SYSTEM_AUDIO_ROUTE)->CS.oMSC->H.CS.cASC(cap/cast/cast)@E-E-E-C4U
08-26 22:34:55.337  3438  3438 I TelecomFramework: TelephonyConnectionService: onAudioStateChanged TC@11_1 [AudioState isMuted: false, route: EARPIECE, supportedRouteMask: EARPIECE, SPEAKER, activeBluetoothDevice: [null], supportedBluetoothDevices: []]: (...->CSW.hCCC->CARSM.pM_UPDATE_SYSTEM_AUDIO_ROUTE)->CS.cASC->H.CS.cASC(cap/cast/cast)@E-E-E-C4U
08-26 22:34:55.340  2012  2012 W Looper  : Slow dispatch took 112ms when=+113ms main h=com.android.server.notification.NotificationManagerService$WorkerHandler c=com.android.server.notification.NotificationManagerService$PostNotificationRunnable@8380d4f m=0
08-26 22:34:55.340  2012  2012 E VibratorManagerService: onCallStateChanged, state=2
08-26 22:34:55.348  3260  3260 I EmergencyButton: mLocateAtNonSecureView = false
08-26 22:34:55.349  3260  3260 I EmergencyButton: show = truevisible= true, antiTheftLocked=false, mEmergencyButtonExt.showEccInNonSecureUnlock() =false, eccShouldShow=true
08-26 22:34:55.352  2012  3172 E MR2SystemProvider: Could not map this selected device attribute type to an available route: 1
08-26 22:34:55.392  2012  4980 I Telecom-PhoneAccountRegistrar: getSimCallManager: SimCallManager for subId 1 queried, returning: null: TSI.gPA(cgac)@C6Y
08-26 22:34:55.399  2012  4980 I Telecom-PhoneAccountRegistrar: getSimCallManager: SimCallManager for subId 1 queried, returning: null: TSI.gPA(cgac)@C6c
08-26 22:34:55.403  2012  4980 I Telecom-PhoneAccountRegistrar: getSimCallManager: SimCallManager for subId 2 queried, returning: null: TSI.gPA(cgac)@C6g
08-26 22:34:55.410  3260  3260 I EmergencyButton: mLocateAtNonSecureView = false
08-26 22:34:55.410  3260  3260 I EmergencyButton: show = truevisible= true, antiTheftLocked=false, mEmergencyButtonExt.showEccInNonSecureUnlock() =false, eccShouldShow=true
08-26 22:34:55.552  2012  2012 I Telecom : VoipCallMonitor$1: onNotificationPosted: could not find acall for the call notification w/ id=[1]
08-26 22:34:55.952  2012  4571 I Telecom-InCallController: Components updated: [ComponentInfo{com.google.android.as/com.google.android.apps.miphone.aiai.captions.tulip.audiosource.impl.CIS}, ComponentInfo{com.google.android.dialer/com.android.incallui.InCallServiceImpl}, ComponentInfo{com.google.android.gms/com.google.android.gms.bankscamwarning.services.BankScamCallDetectionService}]; Sending updateCall [Call id=TC@11, state=DIALING, tpac=ComponentInfo{com.android.phone/com.android.services.telephony.TelephonyConnectionService}, 1, UserHandle{0}, cmgr=ComponentInfo{com.android.phone/com.android.services.telephony.TelephonyConnectionService}, 1, UserHandle{0}, handle=tel:**********, vidst=A, childs(0), has_parent(false), mtkcap=[ sup_hld mut !v2a], mtkprop=[ m_volte], cap=[ sup_hld mut !v2a], prop=[]], voip=false: CSW.sCDN(cap)@C60
08-26 22:34:55.973  2012  4571 I Telecom-InCallController: Components updated: [ComponentInfo{com.google.android.as/com.google.android.apps.miphone.aiai.captions.tulip.audiosource.impl.CIS}, ComponentInfo{com.google.android.dialer/com.android.incallui.InCallServiceImpl}, ComponentInfo{com.google.android.gms/com.google.android.gms.bankscamwarning.services.BankScamCallDetectionService}]; Sending updateCall [Call id=TC@11, state=DIALING, tpac=ComponentInfo{com.android.phone/com.android.services.telephony.TelephonyConnectionService}, 1, UserHandle{0}, cmgr=ComponentInfo{com.android.phone/com.android.services.telephony.TelephonyConnectionService}, 1, UserHandle{0}, handle=tel:**********, vidst=A, childs(0), has_parent(false), mtkcap=[ sup_hld mut], mtkprop=[ m_volte], cap=[ sup_hld mut], prop=[]], voip=false: CSW.sCC(cap)@C64
08-26 22:34:55.974  2012  4571 I Telecom : Event: RecordEntry TC@11: CAPABILITY_CHANGE, Current: [[ sup_hld mut]], Removed [[ !v2a]], Added [[]]: CSW.sCC(cap)@C64
08-26 22:34:55.986  2012  4571 I Telecom-InCallController: Components updated: [ComponentInfo{com.google.android.as/com.google.android.apps.miphone.aiai.captions.tulip.audiosource.impl.CIS}, ComponentInfo{com.google.android.dialer/com.android.incallui.InCallServiceImpl}, ComponentInfo{com.google.android.gms/com.google.android.gms.bankscamwarning.services.BankScamCallDetectionService}]; Sending updateCall [Call id=TC@11, state=DIALING, tpac=ComponentInfo{com.android.phone/com.android.services.telephony.TelephonyConnectionService}, 1, UserHandle{0}, cmgr=ComponentInfo{com.android.phone/com.android.services.telephony.TelephonyConnectionService}, 1, UserHandle{0}, handle=tel:**********, vidst=A, childs(0), has_parent(false), mtkcap=[ sup_hld mut], mtkprop=[ m_volte], cap=[ sup_hld mut], prop=[]], voip=false: CSW.pE(cap)@C68
08-26 22:34:56.004  2012  4571 I Telecom-InCallController: Components updated: [ComponentInfo{com.google.android.as/com.google.android.apps.miphone.aiai.captions.tulip.audiosource.impl.CIS}, ComponentInfo{com.google.android.dialer/com.android.incallui.InCallServiceImpl}, ComponentInfo{com.google.android.gms/com.google.android.gms.bankscamwarning.services.BankScamCallDetectionService}]; Sending updateCall [Call id=TC@11, state=DIALING, tpac=ComponentInfo{com.android.phone/com.android.services.telephony.TelephonyConnectionService}, 1, UserHandle{0}, cmgr=ComponentInfo{com.android.phone/com.android.services.telephony.TelephonyConnectionService}, 1, UserHandle{0}, handle=tel:**********, vidst=A, childs(0), has_parent(false), mtkcap=[ sup_hld mut], mtkprop=[ HD m_volte], cap=[ sup_hld mut], prop=[ HD]], voip=false: CSW.sCP(cap)@C7A
08-26 22:34:56.005  2012  4571 I Telecom : Event: RecordEntry TC@11: PROPERTY_CHANGE, Current: [[ HD m_volte]], Removed [[]], Added [[ HD]]: CSW.sCP(cap)@C7A
08-26 22:34:56.016  2012  4571 I Telecom-InCallController: Components updated: [ComponentInfo{com.google.android.as/com.google.android.apps.miphone.aiai.captions.tulip.audiosource.impl.CIS}, ComponentInfo{com.google.android.dialer/com.android.incallui.InCallServiceImpl}, ComponentInfo{com.google.android.gms/com.google.android.gms.bankscamwarning.services.BankScamCallDetectionService}]; Sending updateCall [Call id=TC@11, state=DIALING, tpac=ComponentInfo{com.android.phone/com.android.services.telephony.TelephonyConnectionService}, 1, UserHandle{0}, cmgr=ComponentInfo{com.android.phone/com.android.services.telephony.TelephonyConnectionService}, 1, UserHandle{0}, handle=tel:**********, vidst=A, childs(0), has_parent(false), mtkcap=[ sup_hld mut], mtkprop=[ HD m_volte], cap=[ sup_hld mut], prop=[ HD]], voip=false: CSW.pE(cap)@C7E
08-26 22:34:56.029  2012  4980 I Telecom-InCallController: Components updated: [ComponentInfo{com.google.android.as/com.google.android.apps.miphone.aiai.captions.tulip.audiosource.impl.CIS}, ComponentInfo{com.google.android.dialer/com.android.incallui.InCallServiceImpl}, ComponentInfo{com.google.android.gms/com.google.android.gms.bankscamwarning.services.BankScamCallDetectionService}]; Sending updateCall [Call id=TC@11, state=DIALING, tpac=ComponentInfo{com.android.phone/com.android.services.telephony.TelephonyConnectionService}, 1, UserHandle{0}, cmgr=ComponentInfo{com.android.phone/com.android.services.telephony.TelephonyConnectionService}, 1, UserHandle{0}, handle=tel:**********, vidst=A, childs(0), has_parent(false), mtkcap=[ sup_hld mut], mtkprop=[ HD m_volte], cap=[ sup_hld mut], prop=[ HD]], voip=false: CSW.pE(cap)@C7I
08-26 22:34:56.030  2012  4980 I Telecom : Event: RecordEntry TC@11: CONNECTION_EVENT, mediatek.telecom.event.EVENT_CALL_ALERTING_NOTIFICATION: CSW.oCE(cap)@C7M
