08-26 22:34:56.030  2012  4980 I Telecom-InCallController: notifyConnectionEvent {Call: [Call id=TC@11, state=DIALING, tpac=ComponentInfo{com.android.phone/com.android.services.telephony.TelephonyConnectionService}, 1, UserHandle{0}, cmgr=ComponentInfo{com.android.phone/com.android.services.telephony.TelephonyConnectionService}, 1, UserHandle{0}, handle=tel:**********, vidst=A, childs(0), has_parent(false), mtkcap=[ sup_hld mut], mtkprop=[ HD m_volte], cap=[ sup_hld mut], prop=[ HD]], voip=false, Event: mediatek.telecom.event.EVENT_CALL_ALERTING_NOTIFICATION, Extras:[null]}: CSW.oCE(cap)@C7M
08-26 22:34:56.031  2012  4980 I Telecom-InCallController: notifyConnectionEvent {Call: [Call id=TC@11, state=DIALING, tpac=ComponentInfo{com.android.phone/com.android.services.telephony.TelephonyConnectionService}, 1, UserHandle{0}, cmgr=ComponentInfo{com.android.phone/com.android.services.telephony.TelephonyConnectionService}, 1, UserHandle{0}, handle=tel:**********, vidst=A, childs(0), has_parent(false), mtkcap=[ sup_hld mut], mtkprop=[ HD m_volte], cap=[ sup_hld mut], prop=[ HD]], voip=false, Event: mediatek.telecom.event.EVENT_CALL_ALERTING_NOTIFICATION, Extras:[null]}: CSW.oCE(cap)@C7M
08-26 22:34:56.031  2012  4980 I Telecom-InCallController: notifyConnectionEvent {Call: [Call id=TC@11, state=DIALING, tpac=ComponentInfo{com.android.phone/com.android.services.telephony.TelephonyConnectionService}, 1, UserHandle{0}, cmgr=ComponentInfo{com.android.phone/com.android.services.telephony.TelephonyConnectionService}, 1, UserHandle{0}, handle=tel:**********, vidst=A, childs(0), has_parent(false), mtkcap=[ sup_hld mut], mtkprop=[ HD m_volte], cap=[ sup_hld mut], prop=[ HD]], voip=false, Event: mediatek.telecom.event.EVENT_CALL_ALERTING_NOTIFICATION, Extras:[null]}: CSW.oCE(cap)@C7M
08-26 22:34:56.032  2012  4980 I Telecom : Event: RecordEntry TC@11: CONNECTION_EVENT, mediatek.telecom.event.EVENT_CALL_ALERTING_NOTIFICATION: CSW.oCE(cap)@C7Q
08-26 22:34:56.032  2012  4980 I Telecom-InCallController: notifyConnectionEvent {Call: [Call id=TC@11, state=DIALING, tpac=ComponentInfo{com.android.phone/com.android.services.telephony.TelephonyConnectionService}, 1, UserHandle{0}, cmgr=ComponentInfo{com.android.phone/com.android.services.telephony.TelephonyConnectionService}, 1, UserHandle{0}, handle=tel:**********, vidst=A, childs(0), has_parent(false), mtkcap=[ sup_hld mut], mtkprop=[ HD m_volte], cap=[ sup_hld mut], prop=[ HD]], voip=false, Event: mediatek.telecom.event.EVENT_CALL_ALERTING_NOTIFICATION, Extras:[null]}: CSW.oCE(cap)@C7Q
08-26 22:34:56.033  2012  4980 I Telecom-InCallController: notifyConnectionEvent {Call: [Call id=TC@11, state=DIALING, tpac=ComponentInfo{com.android.phone/com.android.services.telephony.TelephonyConnectionService}, 1, UserHandle{0}, cmgr=ComponentInfo{com.android.phone/com.android.services.telephony.TelephonyConnectionService}, 1, UserHandle{0}, handle=tel:**********, vidst=A, childs(0), has_parent(false), mtkcap=[ sup_hld mut], mtkprop=[ HD m_volte], cap=[ sup_hld mut], prop=[ HD]], voip=false, Event: mediatek.telecom.event.EVENT_CALL_ALERTING_NOTIFICATION, Extras:[null]}: CSW.oCE(cap)@C7Q
08-26 22:34:56.033  2012  4980 I Telecom-InCallController: notifyConnectionEvent {Call: [Call id=TC@11, state=DIALING, tpac=ComponentInfo{com.android.phone/com.android.services.telephony.TelephonyConnectionService}, 1, UserHandle{0}, cmgr=ComponentInfo{com.android.phone/com.android.services.telephony.TelephonyConnectionService}, 1, UserHandle{0}, handle=tel:**********, vidst=A, childs(0), has_parent(false), mtkcap=[ sup_hld mut], mtkprop=[ HD m_volte], cap=[ sup_hld mut], prop=[ HD]], voip=false, Event: mediatek.telecom.event.EVENT_CALL_ALERTING_NOTIFICATION, Extras:[null]}: CSW.oCE(cap)@C7Q
08-26 22:34:56.033  2012  4980 I Telecom : Event: RecordEntry TC@11: CONNECTION_EVENT, mediatek.telecom.event.EVENT_CALL_ALERTING_NOTIFICATION: CSW.oCE(cap)@C7U
08-26 22:34:56.034  2012  4980 I Telecom-InCallController: notifyConnectionEvent {Call: [Call id=TC@11, state=DIALING, tpac=ComponentInfo{com.android.phone/com.android.services.telephony.TelephonyConnectionService}, 1, UserHandle{0}, cmgr=ComponentInfo{com.android.phone/com.android.services.telephony.TelephonyConnectionService}, 1, UserHandle{0}, handle=tel:**********, vidst=A, childs(0), has_parent(false), mtkcap=[ sup_hld mut], mtkprop=[ HD m_volte], cap=[ sup_hld mut], prop=[ HD]], voip=false, Event: mediatek.telecom.event.EVENT_CALL_ALERTING_NOTIFICATION, Extras:[null]}: CSW.oCE(cap)@C7U
08-26 22:34:56.034  2012  4980 I Telecom-InCallController: notifyConnectionEvent {Call: [Call id=TC@11, state=DIALING, tpac=ComponentInfo{com.android.phone/com.android.services.telephony.TelephonyConnectionService}, 1, UserHandle{0}, cmgr=ComponentInfo{com.android.phone/com.android.services.telephony.TelephonyConnectionService}, 1, UserHandle{0}, handle=tel:**********, vidst=A, childs(0), has_parent(false), mtkcap=[ sup_hld mut], mtkprop=[ HD m_volte], cap=[ sup_hld mut], prop=[ HD]], voip=false, Event: mediatek.telecom.event.EVENT_CALL_ALERTING_NOTIFICATION, Extras:[null]}: CSW.oCE(cap)@C7U
08-26 22:34:56.034  2012  4980 I Telecom-InCallController: notifyConnectionEvent {Call: [Call id=TC@11, state=DIALING, tpac=ComponentInfo{com.android.phone/com.android.services.telephony.TelephonyConnectionService}, 1, UserHandle{0}, cmgr=ComponentInfo{com.android.phone/com.android.services.telephony.TelephonyConnectionService}, 1, UserHandle{0}, handle=tel:**********, vidst=A, childs(0), has_parent(false), mtkcap=[ sup_hld mut], mtkprop=[ HD m_volte], cap=[ sup_hld mut], prop=[ HD]], voip=false, Event: mediatek.telecom.event.EVENT_CALL_ALERTING_NOTIFICATION, Extras:[null]}: CSW.oCE(cap)@C7U
08-26 22:34:56.322  2012  4526 W ActivityManager: Background started FGS: Disallowed [callingPackage: com.truecaller; callingUid: 10235; uidState: CEM ; uidBFSL: n/a; intent: Intent { flg=0x20 cmp=com.truecaller/.callerid.CallerIdService }; code:DENIED; tempAllowListReason:<null>; targetSdkVersion:35; callerTargetSdkVersion:35; startForegroundCount:0; bindFromPackage:null: isBindService:false]
08-26 22:34:56.322  2012  4526 W ActivityManager: startForegroundService() not allowed due to mAllowStartForeground false: service com.truecaller/.callerid.CallerIdService
08-26 22:34:59.532  2012  2012 I Telecom : Logging: Log.continueSession was called with no session active for method CSSH.timeout
08-26 22:34:59.532  2012  2012 W Telecom : CallScreeningServiceHelper: Cancelling call id process due to timeout
08-26 22:34:59.532  2012  2012 I Telecom-CallsManager: Outgoing caller ID complete
08-26 22:34:59.533  2012  2012 I Telecom : CallScreeningServiceHelper: Exception when unbinding service com.android.server.telecom.CallScreeningServiceHelper$1@d9273da : Service not registered: com.android.server.telecom.CallScreeningServiceHelper$1@d9273da
08-26 22:34:59.533  2012  2012 W Telecom : Logging: Log.endSession was called with no session active.
08-26 22:35:02.666   798 12097 I keystore2: system/security/keystore2/watchdog/src/lib.rs:319 - Watchdog thread idle -> terminating. Have a great day.
08-26 22:35:03.505  2012  4526 I Telecom-InCallController: Components updated: [ComponentInfo{com.google.android.as/com.google.android.apps.miphone.aiai.captions.tulip.audiosource.impl.CIS}, ComponentInfo{com.google.android.dialer/com.android.incallui.InCallServiceImpl}, ComponentInfo{com.google.android.gms/com.google.android.gms.bankscamwarning.services.BankScamCallDetectionService}]; Sending updateCall [Call id=TC@11, state=DIALING, tpac=ComponentInfo{com.android.phone/com.android.services.telephony.TelephonyConnectionService}, 1, UserHandle{0}, cmgr=ComponentInfo{com.android.phone/com.android.services.telephony.TelephonyConnectionService}, 1, UserHandle{0}, handle=tel:**********, vidst=A, childs(0), has_parent(false), mtkcap=[ sup_hld mut], mtkprop=[ HD m_volte], cap=[ sup_hld mut], prop=[ HD]], voip=false: CSW.pE(cap)@C7Y
08-26 22:35:03.509  2012  4526 I Telecom : Event: RecordEntry TC@11: CONNECTION_EVENT, mediatek.telecom.event.EVENT_CALL_ALERTING_NOTIFICATION: CSW.oCE(cap)@C7c
08-26 22:35:03.510  2012  4526 I Telecom-InCallController: notifyConnectionEvent {Call: [Call id=TC@11, state=DIALING, tpac=ComponentInfo{com.android.phone/com.android.services.telephony.TelephonyConnectionService}, 1, UserHandle{0}, cmgr=ComponentInfo{com.android.phone/com.android.services.telephony.TelephonyConnectionService}, 1, UserHandle{0}, handle=tel:**********, vidst=A, childs(0), has_parent(false), mtkcap=[ sup_hld mut], mtkprop=[ HD m_volte], cap=[ sup_hld mut], prop=[ HD]], voip=false, Event: mediatek.telecom.event.EVENT_CALL_ALERTING_NOTIFICATION, Extras:[null]}: CSW.oCE(cap)@C7c
08-26 22:35:03.511  2012  4526 I Telecom-InCallController: notifyConnectionEvent {Call: [Call id=TC@11, state=DIALING, tpac=ComponentInfo{com.android.phone/com.android.services.telephony.TelephonyConnectionService}, 1, UserHandle{0}, cmgr=ComponentInfo{com.android.phone/com.android.services.telephony.TelephonyConnectionService}, 1, UserHandle{0}, handle=tel:**********, vidst=A, childs(0), has_parent(false), mtkcap=[ sup_hld mut], mtkprop=[ HD m_volte], cap=[ sup_hld mut], prop=[ HD]], voip=false, Event: mediatek.telecom.event.EVENT_CALL_ALERTING_NOTIFICATION, Extras:[null]}: CSW.oCE(cap)@C7c
08-26 22:35:03.511  2012  4526 I Telecom-InCallController: notifyConnectionEvent {Call: [Call id=TC@11, state=DIALING, tpac=ComponentInfo{com.android.phone/com.android.services.telephony.TelephonyConnectionService}, 1, UserHandle{0}, cmgr=ComponentInfo{com.android.phone/com.android.services.telephony.TelephonyConnectionService}, 1, UserHandle{0}, handle=tel:**********, vidst=A, childs(0), has_parent(false), mtkcap=[ sup_hld mut], mtkprop=[ HD m_volte], cap=[ sup_hld mut], prop=[ HD]], voip=false, Event: mediatek.telecom.event.EVENT_CALL_ALERTING_NOTIFICATION, Extras:[null]}: CSW.oCE(cap)@C7c
08-26 22:35:03.696  2012  4526 I Telecom-InCallController: Components updated: [ComponentInfo{com.google.android.as/com.google.android.apps.miphone.aiai.captions.tulip.audiosource.impl.CIS}, ComponentInfo{com.google.android.dialer/com.android.incallui.InCallServiceImpl}, ComponentInfo{com.google.android.gms/com.google.android.gms.bankscamwarning.services.BankScamCallDetectionService}]; Sending updateCall [Call id=TC@11, state=DIALING, tpac=ComponentInfo{com.android.phone/com.android.services.telephony.TelephonyConnectionService}, 1, UserHandle{0}, cmgr=ComponentInfo{com.android.phone/com.android.services.telephony.TelephonyConnectionService}, 1, UserHandle{0}, handle=tel:**********, vidst=A, childs(0), has_parent(false), mtkcap=[ sup_hld mut VTlrx VTltx VTlbi], mtkprop=[ HD m_volte], cap=[ sup_hld mut VTlrx VTltx VTlbi], prop=[ HD]], voip=false: CSW.sCC(cap)@C7k
08-26 22:35:03.697  2012  4526 I Telecom : Event: RecordEntry TC@11: CAPABILITY_CHANGE, Current: [[ sup_hld mut VTlrx VTltx VTlbi]], Removed [[]], Added [[ VTlrx VTltx VTlbi]]: CSW.sCC(cap)@C7k
08-26 22:35:03.703  2012  4526 I Telecom-InCallController: Components updated: [ComponentInfo{com.google.android.as/com.google.android.apps.miphone.aiai.captions.tulip.audiosource.impl.CIS}, ComponentInfo{com.google.android.dialer/com.android.incallui.InCallServiceImpl}, ComponentInfo{com.google.android.gms/com.google.android.gms.bankscamwarning.services.BankScamCallDetectionService}]; Sending updateCall [Call id=TC@11, state=DIALING, tpac=ComponentInfo{com.android.phone/com.android.services.telephony.TelephonyConnectionService}, 1, UserHandle{0}, cmgr=ComponentInfo{com.android.phone/com.android.services.telephony.TelephonyConnectionService}, 1, UserHandle{0}, handle=tel:**********, vidst=A, childs(0), has_parent(false), mtkcap=[ sup_hld mut VTlrx VTltx VTlbi VTrrx VTrtx VTrbi paus_VT], mtkprop=[ HD m_volte], cap=[ sup_hld mut VTlrx VTltx VTlbi VTrrx VTrtx VTrbi paus_VT], prop=[ HD]], voip=false: CSW.sCC(cap)@C7o
08-26 22:35:03.704  2012  4526 I Telecom : Event: RecordEntry TC@11: CAPABILITY_CHANGE, Current: [[ sup_hld mut VTlrx VTltx VTlbi VTrrx VTrtx VTrbi paus_VT]], Removed [[]], Added [[ VTrrx VTrtx VTrbi paus_VT]]: CSW.sCC(cap)@C7o
08-26 22:35:03.704  2012  4526 I Telecom-CallsManager: markCallAsActive, isSelfManaged: false: CSW.sA(cap)@C7s
08-26 22:35:03.704  2012  4526 I Telecom-CallsManager: setCallState DIALING -> ACTIVE, call: [Call id=TC@11, state=DIALING, tpac=ComponentInfo{com.android.phone/com.android.services.telephony.TelephonyConnectionService}, 1, UserHandle{0}, cmgr=ComponentInfo{com.android.phone/com.android.services.telephony.TelephonyConnectionService}, 1, UserHandle{0}, handle=tel:**********, vidst=A, childs(0), has_parent(false), mtkcap=[ sup_hld mut VTlrx VTltx VTlbi VTrrx VTrtx VTrbi paus_VT], mtkprop=[ HD m_volte], cap=[ sup_hld mut VTlrx VTltx VTlbi VTrrx VTrtx VTrbi paus_VT], prop=[ HD]], voip=false: CSW.sA(cap)@C7s
08-26 22:35:03.704  2012  4526 I Telecom : Event: RecordEntry TC@11: SET_ACTIVE, active set explicitly: CSW.sA(cap)@C7s
08-26 22:35:03.704  2012  4526 I Telecom-InCallController: onCanAddCallChanged : true: CSW.sA(cap)@C7s
08-26 22:35:03.705  2012  4526 I Telecom-InCallController: onCallStateChanged: Call state changed for TC@TC@11: DIALING -> ACTIVE: CSW.sA(cap)@C7s
08-26 22:35:03.709  2012  4526 I Telecom-InCallController: Components updated: [ComponentInfo{com.google.android.as/com.google.android.apps.miphone.aiai.captions.tulip.audiosource.impl.CIS}, ComponentInfo{com.google.android.dialer/com.android.incallui.InCallServiceImpl}, ComponentInfo{com.google.android.gms/com.google.android.gms.bankscamwarning.services.BankScamCallDetectionService}]; Sending updateCall [Call id=TC@11, state=ACTIVE, tpac=ComponentInfo{com.android.phone/com.android.services.telephony.TelephonyConnectionService}, 1, UserHandle{0}, cmgr=ComponentInfo{com.android.phone/com.android.services.telephony.TelephonyConnectionService}, 1, UserHandle{0}, handle=tel:**********, vidst=A, childs(0), has_parent(false), mtkcap=[ sup_hld mut VTlrx VTltx VTlbi VTrrx VTrtx VTrbi paus_VT], mtkprop=[ HD m_volte], cap=[ sup_hld mut VTlrx VTltx VTlbi VTrrx VTrtx VTrbi paus_VT], prop=[ HD]], voip=false: CSW.sA(cap)@C7s
08-26 22:35:03.709  2012  4526 I Telecom : TelecomWakeLock: Releasing WakeLock with id: 26: CSW.sA(cap)@C7s
08-26 22:35:03.709  2012  4526 I Telecom : InCallWakeLockController: Releasing full wake lock: CSW.sA(cap)@C7s
08-26 22:35:03.709  2012  4526 I Telecom-CallLogManager: onCallStateChanged [TC@11, tel:**********] isNewlyDisconnected:false, DisconnectCause [ Code: (UNKNOWN) Label: () Description: () Reason: () Tone: (-1)  TelephonyCause: 36/65535 ImsReasonInfo: null], oldState:DIALING, newState:ACTIVE, isConference():false, isCallCanceled:false, hasParent:false, isExternalCall() false: CSW.sA(cap)@C7s
08-26 22:35:03.709  2012  4526 I Telecom-CallAudioManager: onCallStateChanged: Call state changed for TC@TC@11: DIALING -> ACTIVE: CSW.sA(cap)@C7s
08-26 22:35:03.709  2012  3578 I Telecom-ConnectionServiceFocusManager: updateCurrentFocusCall [Call id=TC@11, state=ACTIVE, tpac=ComponentInfo{com.android.phone/com.android.services.telephony.TelephonyConnectionService}, 1, UserHandle{0}, cmgr=ComponentInfo{com.android.phone/com.android.services.telephony.TelephonyConnectionService}, 1, UserHandle{0}, handle=tel:**********, vidst=A, childs(0), has_parent(false), mtkcap=[ sup_hld mut VTlrx VTltx VTlbi VTrrx VTrtx VTrbi paus_VT], mtkprop=[ HD m_volte], cap=[ sup_hld mut VTlrx VTltx VTlbi VTrrx VTrtx VTrbi paus_VT], prop=[ HD]], voip=false: CSW.sA->CSFM.oCSS(cap)@C7s
08-26 22:35:03.710  2012  4526 I Telecom-CallAudioManager: updateForegroundCall; oldFg=TC@11, newFg=TC@11, aDC=TC@11, ring=, hold=: CSW.sA(cap)@C7s
08-26 22:35:03.710  2012  4526 I Telecom : CallAnomalyWatchdog: onCallStateChanged: call=[Call id=TC@11, state=ACTIVE, tpac=ComponentInfo{com.android.phone/com.android.services.telephony.TelephonyConnectionService}, 1, UserHandle{0}, cmgr=ComponentInfo{com.android.phone/com.android.services.telephony.TelephonyConnectionService}, 1, UserHandle{0}, handle=tel:**********, vidst=A, childs(0), has_parent(false), mtkcap=[ sup_hld mut VTlrx VTltx VTlbi VTrrx VTrtx VTrbi paus_VT], mtkprop=[ HD m_volte], cap=[ sup_hld mut VTlrx VTltx VTlbi VTrrx VTrtx VTrbi paus_VT], prop=[ HD]], voip=false: CSW.sA(cap)@C7s
08-26 22:35:03.710  2012  4526 I Telecom : CallAnomalyWatchdog: maybePostCleanupTask; callId=TC@11, state=ACTIVE, createConnComplete=true: CSW.sA(cap)@C7s
08-26 22:35:03.710  2012  3576 I Telecom-CallAudioModeStateMachine: Message received: NEW_ACTIVE_OR_DIALING_CALL.: CSW.sA->CAMSM.pM_2001(cap)@C7s
08-26 22:35:03.716  2012  4526 I Telecom : IncomingCallNotifier: updateIncomingCall: foundIncomingcall = null: CSW.sA(cap)@C7s
08-26 22:35:03.716  2012  4526 I Telecom : Event: RecordEntry TC@11: CONF_CALLS_CHANGED, : CSW.sCC(cap)@C7w
08-26 22:35:03.735  2012  4526 I Telecom-InCallController: Components updated: [ComponentInfo{com.google.android.as/com.google.android.apps.miphone.aiai.captions.tulip.audiosource.impl.CIS}, ComponentInfo{com.google.android.dialer/com.android.incallui.InCallServiceImpl}, ComponentInfo{com.google.android.gms/com.google.android.gms.bankscamwarning.services.BankScamCallDetectionService}]; Sending updateCall [Call id=TC@11, state=ACTIVE, tpac=ComponentInfo{com.android.phone/com.android.services.telephony.TelephonyConnectionService}, 1, UserHandle{0}, cmgr=ComponentInfo{com.android.phone/com.android.services.telephony.TelephonyConnectionService}, 1, UserHandle{0}, handle=tel:**********, vidst=A, childs(0), has_parent(false), mtkcap=[ sup_hld mut VTlrx VTltx VTlbi VTrrx VTrtx VTrbi paus_VT], mtkprop=[ HD m_volte], cap=[ sup_hld mut VTlrx VTltx VTlbi VTrrx VTrtx VTrbi paus_VT], prop=[ HD]], voip=false: CSW.sCC(cap)@C7w
08-26 22:35:03.740  2012  3254 W ProcessStats: Tracking association SourceState{2b436b com.google.android.dialer/10132 BTop #31718} whose proc state 2 is better than process ProcessState{5863ab7 com.google.android.apps.tachyon/10163 pkg=com.google.android.apps.tachyon} proc state 14 (28 skipped)
08-26 22:35:03.745  2012  4526 I Telecom-InCallController: Components updated: [ComponentInfo{com.google.android.as/com.google.android.apps.miphone.aiai.captions.tulip.audiosource.impl.CIS}, ComponentInfo{com.google.android.dialer/com.android.incallui.InCallServiceImpl}, ComponentInfo{com.google.android.gms/com.google.android.gms.bankscamwarning.services.BankScamCallDetectionService}]; Sending updateCall [Call id=TC@11, state=ACTIVE, tpac=ComponentInfo{com.android.phone/com.android.services.telephony.TelephonyConnectionService}, 1, UserHandle{0}, cmgr=ComponentInfo{com.android.phone/com.android.services.telephony.TelephonyConnectionService}, 1, UserHandle{0}, handle=tel:**********, vidst=A, childs(0), has_parent(false), mtkcap=[ hld sup_hld mut VTlrx VTltx VTlbi VTrrx VTrtx VTrbi paus_VT], mtkprop=[ HD m_volte], cap=[ hld sup_hld mut VTlrx VTltx VTlbi VTrrx VTrtx VTrbi paus_VT], prop=[ HD]], voip=false: CSW.sCC(cap)@C70
08-26 22:35:03.745  2012  4526 I Telecom : Event: RecordEntry TC@11: CAPABILITY_CHANGE, Current: [[ hld sup_hld mut VTlrx VTltx VTlbi VTrrx VTrtx VTrbi paus_VT]], Removed [[]], Added [[ hld]]: CSW.sCC(cap)@C70
08-26 22:35:07.621  2012  4571 I WindowManager: Relayout Window{37786b u0 NTPrivacyIconTopRight}: oldVis=8 newVis=0 focusMayChange = true requestedWidth = 16 requestedHeight = 16 outFrames = ClientWindowFrames{frame=[1005,55][1021,71] display=[0,0][1084,2412] parentFrame=[0,0][0,0]} outSurfaceControl = Surface(name=NTPrivacyIconTopRight)/@0xff04d86
08-26 22:35:07.650  2012  2050 I DisplayDeviceRepository: Display device changed render timings: "Built-in Screen", renderFrameRate=120.00001, presentationDeadlineNanos=13300000, appVsyncOffsetNanos=1099999
08-26 22:35:21.867  2012  2189 W ProcessStats: Tracking association SourceState{2b436b com.google.android.dialer/10132 BTop #31769} whose proc state 2 is better than process ProcessState{5863ab7 com.google.android.apps.tachyon/10163 pkg=com.google.android.apps.tachyon} proc state 14 (1 skipped)
08-26 22:35:48.340  1641  1641 W wificond: Scan is not started. Ignore abort request
08-26 22:35:48.408  2012  3127 W ContextImpl: Calling a method in the system process without a qualified user: android.app.ContextImpl.sendStickyBroadcast:1678 com.android.server.wifi.ClientModeImpl.sendNetworkChangeBroadcast:3158 com.android.server.wifi.ClientModeImpl.lambda$sendNetworkChangeBroadcastWithCurrentState$14:3135 com.android.server.wifi.ClientModeImpl.$r8$lambda$mtuS9ulugUkTxNA_sDDnAioo66w:0 com.android.server.wifi.ClientModeImpl$$ExternalSyntheticLambda13.send:0 
08-26 22:35:48.690  2012  3127 W ContextImpl: Calling a method in the system process without a qualified user: android.app.ContextImpl.sendStickyBroadcast:1678 com.android.server.wifi.ClientModeImpl.sendNetworkChangeBroadcast:3158 com.android.server.wifi.ClientModeImpl.lambda$sendNetworkChangeBroadcastWithCurrentState$14:3135 com.android.server.wifi.ClientModeImpl.$r8$lambda$mtuS9ulugUkTxNA_sDDnAioo66w:0 com.android.server.wifi.ClientModeImpl$$ExternalSyntheticLambda13.send:0 
08-26 22:35:48.765  2012  3127 W ContextImpl: Calling a method in the system process without a qualified user: android.app.ContextImpl.sendStickyBroadcast:1678 com.android.server.wifi.ClientModeImpl.sendNetworkChangeBroadcast:3158 com.android.server.wifi.ClientModeImpl.lambda$sendNetworkChangeBroadcastWithCurrentState$14:3135 com.android.server.wifi.ClientModeImpl.$r8$lambda$mtuS9ulugUkTxNA_sDDnAioo66w:0 com.android.server.wifi.ClientModeImpl$$ExternalSyntheticLambda13.send:0 
08-26 22:35:48.779  2012  3127 W ContextImpl: Calling a method in the system process without a qualified user: android.app.ContextImpl.sendStickyBroadcast:1678 com.android.server.wifi.ClientModeImpl.sendNetworkChangeBroadcast:3158 com.android.server.wifi.ClientModeImpl.lambda$sendNetworkChangeBroadcastWithCurrentState$14:3135 com.android.server.wifi.ClientModeImpl.$r8$lambda$mtuS9ulugUkTxNA_sDDnAioo66w:0 com.android.server.wifi.ClientModeImpl$$ExternalSyntheticLambda13.send:0 
08-26 22:35:48.975  2012  3127 W ContextImpl: Calling a method in the system process without a qualified user: android.app.ContextImpl.sendStickyBroadcast:1678 com.android.server.wifi.ClientModeImpl.sendNetworkChangeBroadcast:3158 com.android.server.wifi.ClientModeImpl.lambda$sendNetworkChangeBroadcastWithCurrentState$14:3135 com.android.server.wifi.ClientModeImpl.$r8$lambda$mtuS9ulugUkTxNA_sDDnAioo66w:0 com.android.server.wifi.ClientModeImpl$$ExternalSyntheticLambda13.send:0 
08-26 22:35:49.014  2012  3127 W ContextImpl: Calling a method in the system process without a qualified user: android.app.ContextImpl.sendStickyBroadcast:1678 com.android.server.wifi.ClientModeImpl.sendNetworkChangeBroadcast:3158 com.android.server.wifi.ClientModeImpl.lambda$sendNetworkChangeBroadcastWithCurrentState$14:3135 com.android.server.wifi.ClientModeImpl.$r8$lambda$mtuS9ulugUkTxNA_sDDnAioo66w:0 com.android.server.wifi.ClientModeImpl$$ExternalSyntheticLambda13.send:0 
08-26 22:35:49.084  2012  3125 W NetworkPolicy: shared quota unsupported; generating rule for each iface
08-26 22:35:49.088  1292  1540 E NetlinkEvent: NetlinkEvent::FindParam(): Parameter 'INTERFACE' not found
08-26 22:35:49.088  1292  1540 E NetlinkEvent: NetlinkEvent::FindParam(): Parameter 'STATE' not found
08-26 22:35:49.088  1292  1540 E NetlinkEvent: NetlinkEvent::FindParam(): Parameter 'TIME_NS' not found
08-26 22:35:49.088  1292  1540 E NetlinkEvent: NetlinkEvent::FindParam(): Parameter 'UID' not found
08-26 22:35:49.153  2012  3161 W NetworkPolicy: shared quota unsupported; generating rule for each iface
08-26 22:35:49.156  2012  3161 W NetworkPolicy: shared quota unsupported; generating rule for each iface
08-26 22:35:49.471  2012  3125 W NetworkPolicy: shared quota unsupported; generating rule for each iface
08-26 22:35:49.514  2012  3134 W ContextImpl: Calling a method in the system process without a qualified user: android.app.ContextImpl.sendStickyBroadcast:1678 android.net.connectivity.com.android.server.ConnectivityService.sendStickyBroadcast:4122 android.net.connectivity.com.android.server.ConnectivityService.sendLegacyNetworkBroadcast:12557 android.net.connectivity.com.android.server.ConnectivityService$LegacyTypeTracker.remove:1359 android.net.connectivity.com.android.server.ConnectivityService.updateLegacyTypeTrackerAndVpnLockdownForRematch:12017 
08-26 22:35:49.516  2012  3134 W ContextImpl: Calling a method in the system process without a qualified user: android.app.ContextImpl.sendStickyBroadcast:1678 android.net.connectivity.com.android.server.ConnectivityService.sendStickyBroadcast:4122 android.net.connectivity.com.android.server.ConnectivityService.sendGeneralBroadcast:4092 android.net.connectivity.com.android.server.ConnectivityService.sendConnectedBroadcast:4065 android.net.connectivity.com.android.server.ConnectivityService.sendLegacyNetworkBroadcast:12529 
08-26 22:35:49.547  2012  3125 W NetworkPolicy: shared quota unsupported; generating rule for each iface
08-26 22:35:49.591  2012  3125 W NetworkPolicy: shared quota unsupported; generating rule for each iface
08-26 22:35:49.595  2012  4530 I Telecom-TelecomServiceImpl$1: isInEmergencyCall: false: TSI.iIEC@C8E
08-26 22:35:49.639  2012  2170 I ActivityManager: Killing 12219:com.android.chrome:sandboxed_process0:org.chromium.content.app.SandboxedProcessService0:10/u0a150i-8980 (adj 0): isolated not needed
08-26 22:35:49.676  2012  2189 W ProcessStats: Tracking association SourceState{49305bd system/1000 ImpBg #31824} whose proc state 6 is better than process ProcessState{e6edd04 net.one97.paytm/10254 pkg=net.one97.paytm} proc state 14 (0 skipped)
08-26 22:35:49.686  2012  3161 W JobServiceContext: Sending onNetworkChanged for a job that isn't started. JobStatus{63f189f androidx.work.systemjobscheduler:u0a254/2739 @androidx.work.systemjobscheduler@net.one97.paytm/androidx.work.impl.background.systemjob.SystemJobService u=0 s=10254 TIME=-1s92ms:none NET READY}
08-26 22:35:49.686  2012  3161 W JobServiceContext: Sending onNetworkChanged for a job that isn't started. JobStatus{96b0c5a androidx.work.systemjobscheduler:u0a175/17726 @androidx.work.systemjobscheduler@com.google.android.youtube/androidx.work.impl.background.systemjob.SystemJobService u=0 s=10175 TIME=-36m36s127ms:none NET READY}
08-26 22:35:49.686  2012  3161 W JobServiceContext: Sending onNetworkChanged for a job that isn't started. JobStatus{92d629d androidx.work.systemjobscheduler:u0a175/17722 @androidx.work.systemjobscheduler@com.google.android.youtube/androidx.work.impl.background.systemjob.SystemJobService u=0 s=10175 TIME=-1h12m38s342ms:none NET READY}
08-26 22:35:49.686  2012  3161 W JobServiceContext: Sending onNetworkChanged for a job that isn't started. JobStatus{8d69be8 androidx.work.systemjobscheduler:u0a175/17728 @androidx.work.systemjobscheduler@com.google.android.youtube/androidx.work.impl.background.systemjob.SystemJobService u=0 s=10175 NET READY}
08-26 22:35:49.686  2012  3161 W JobServiceContext: Sending onNetworkChanged for a job that isn't started. JobStatus{171a423 androidx.work.systemjobscheduler:u0a132/269 @androidx.work.systemjobscheduler@com.google.android.dialer/androidx.work.impl.background.systemjob.SystemJobService u=0 s=10132 NET READY}
08-26 22:35:49.692  2012  2189 W JobServiceContext: Sending onNetworkChanged for a job that isn't started. JobStatus{96b0c5a androidx.work.systemjobscheduler:u0a175/17726 @androidx.work.systemjobscheduler@com.google.android.youtube/androidx.work.impl.background.systemjob.SystemJobService u=0 s=10175 TIME=-36m36s133ms:none NET READY}
08-26 22:35:49.692  2012  2189 W JobServiceContext: Sending onNetworkChanged for a job that isn't started. JobStatus{92d629d androidx.work.systemjobscheduler:u0a175/17722 @androidx.work.systemjobscheduler@com.google.android.youtube/androidx.work.impl.background.systemjob.SystemJobService u=0 s=10175 TIME=-1h12m38s348ms:none NET READY}
08-26 22:35:49.692  2012  2189 W JobServiceContext: Sending onNetworkChanged for a job that isn't started. JobStatus{8d69be8 androidx.work.systemjobscheduler:u0a175/17728 @androidx.work.systemjobscheduler@com.google.android.youtube/androidx.work.impl.background.systemjob.SystemJobService u=0 s=10175 NET READY}
08-26 22:35:49.718  2012  4567 I Telecom-TelecomServiceImpl$1: isInEmergencyCall: false: TSI.iIEC@C8I
08-26 22:35:49.743  2012  2063 W ActivityManager: pid 2012 system sent binder code 27 with flags 1 to frozen apps and got error -32
08-26 22:35:49.744  2012  2063 W ActivityManager: Failed to clear dns cache for: com.android.chrome
08-26 22:35:49.836  2012  4920 W ContextImpl: Calling a method in the system process without a qualified user: android.app.ContextImpl.sendBroadcastMultiplePermissions:1299 android.content.Context.sendBroadcastMultiplePermissions:2522 com.android.server.TelephonyRegistry.broadcastServiceStateChanged:3701 com.android.server.TelephonyRegistry.notifyServiceStateForPhoneId:1763 com.android.internal.telephony.ITelephonyRegistry$Stub.onTransact:546 
08-26 22:35:49.840  2012  4920 W ContextImpl: Calling a method in the system process without a qualified user: android.app.ContextImpl.sendBroadcastMultiplePermissions:1332 com.android.server.TelephonyRegistry.broadcastServiceStateChanged:3706 com.android.server.TelephonyRegistry.notifyServiceStateForPhoneId:1763 com.android.internal.telephony.ITelephonyRegistry$Stub.onTransact:546 android.os.Binder.execTransactInternal:1512 
08-26 22:35:49.841  2012  4920 W ContextImpl: Calling a method in the system process without a qualified user: android.app.ContextImpl.sendBroadcastMultiplePermissions:1332 com.android.server.TelephonyRegistry.broadcastServiceStateChanged:3715 com.android.server.TelephonyRegistry.notifyServiceStateForPhoneId:1763 com.android.internal.telephony.ITelephonyRegistry$Stub.onTransact:546 android.os.Binder.execTransactInternal:1512 
08-26 22:35:49.842  2012  4920 W ContextImpl: Calling a method in the system process without a qualified user: android.app.ContextImpl.sendBroadcastMultiplePermissions:1332 com.android.server.TelephonyRegistry.broadcastServiceStateChanged:3721 com.android.server.TelephonyRegistry.notifyServiceStateForPhoneId:1763 com.android.internal.telephony.ITelephonyRegistry$Stub.onTransact:546 android.os.Binder.execTransactInternal:1512 
08-26 22:35:49.849  3260  3260 I EmergencyButton: mLocateAtNonSecureView = false
08-26 22:35:49.849  3260  3260 I EmergencyButton: show = truevisible= true, antiTheftLocked=false, mEmergencyButtonExt.showEccInNonSecureUnlock() =false, eccShouldShow=true
08-26 22:35:49.898  2012  4530 W JobScheduler: Job didn't exist in JobStore: 171a423 {androidx.work.systemjobscheduler} #u0a132/269 @androidx.work.systemjobscheduler@com.google.android.dialer/androidx.work.impl.background.systemjob.SystemJobService
08-26 22:35:50.861  2012  4526 W ContextImpl: Calling a method in the system process without a qualified user: android.app.ContextImpl.sendBroadcastMultiplePermissions:1299 android.content.Context.sendBroadcastMultiplePermissions:2522 com.android.server.TelephonyRegistry.broadcastServiceStateChanged:3701 com.android.server.TelephonyRegistry.notifyServiceStateForPhoneId:1763 com.android.internal.telephony.ITelephonyRegistry$Stub.onTransact:546 
08-26 22:35:50.865  2012  4526 W ContextImpl: Calling a method in the system process without a qualified user: android.app.ContextImpl.sendBroadcastMultiplePermissions:1332 com.android.server.TelephonyRegistry.broadcastServiceStateChanged:3706 com.android.server.TelephonyRegistry.notifyServiceStateForPhoneId:1763 com.android.internal.telephony.ITelephonyRegistry$Stub.onTransact:546 android.os.Binder.execTransactInternal:1512 
08-26 22:35:50.869  2012  4526 W ContextImpl: Calling a method in the system process without a qualified user: android.app.ContextImpl.sendBroadcastMultiplePermissions:1332 com.android.server.TelephonyRegistry.broadcastServiceStateChanged:3715 com.android.server.TelephonyRegistry.notifyServiceStateForPhoneId:1763 com.android.internal.telephony.ITelephonyRegistry$Stub.onTransact:546 android.os.Binder.execTransactInternal:1512 
08-26 22:35:50.871  2012  4526 W ContextImpl: Calling a method in the system process without a qualified user: android.app.ContextImpl.sendBroadcastMultiplePermissions:1332 com.android.server.TelephonyRegistry.broadcastServiceStateChanged:3721 com.android.server.TelephonyRegistry.notifyServiceStateForPhoneId:1763 com.android.internal.telephony.ITelephonyRegistry$Stub.onTransact:546 android.os.Binder.execTransactInternal:1512 
08-26 22:35:50.877  3260  3260 I EmergencyButton: mLocateAtNonSecureView = false
08-26 22:35:50.877  3260  3260 I EmergencyButton: show = truevisible= true, antiTheftLocked=false, mEmergencyButtonExt.showEccInNonSecureUnlock() =false, eccShouldShow=true
08-26 22:35:50.889  2012  4526 W ContextImpl: Calling a method in the system process without a qualified user: android.app.ContextImpl.sendBroadcastMultiplePermissions:1299 android.content.Context.sendBroadcastMultiplePermissions:2522 com.android.server.TelephonyRegistry.broadcastServiceStateChanged:3701 com.android.server.TelephonyRegistry.notifyServiceStateForPhoneId:1763 com.android.internal.telephony.ITelephonyRegistry$Stub.onTransact:546 
08-26 22:35:50.890  2012  4526 W ContextImpl: Calling a method in the system process without a qualified user: android.app.ContextImpl.sendBroadcastMultiplePermissions:1332 com.android.server.TelephonyRegistry.broadcastServiceStateChanged:3706 com.android.server.TelephonyRegistry.notifyServiceStateForPhoneId:1763 com.android.internal.telephony.ITelephonyRegistry$Stub.onTransact:546 android.os.Binder.execTransactInternal:1512 
08-26 22:35:50.891  2012  4526 W ContextImpl: Calling a method in the system process without a qualified user: android.app.ContextImpl.sendBroadcastMultiplePermissions:1332 com.android.server.TelephonyRegistry.broadcastServiceStateChanged:3715 com.android.server.TelephonyRegistry.notifyServiceStateForPhoneId:1763 com.android.internal.telephony.ITelephonyRegistry$Stub.onTransact:546 android.os.Binder.execTransactInternal:1512 
08-26 22:35:50.891  2012  4526 W ContextImpl: Calling a method in the system process without a qualified user: android.app.ContextImpl.sendBroadcastMultiplePermissions:1332 com.android.server.TelephonyRegistry.broadcastServiceStateChanged:3721 com.android.server.TelephonyRegistry.notifyServiceStateForPhoneId:1763 com.android.internal.telephony.ITelephonyRegistry$Stub.onTransact:546 android.os.Binder.execTransactInternal:1512 
08-26 22:35:50.907  3260  3260 I EmergencyButton: mLocateAtNonSecureView = false
08-26 22:35:50.907  3260  3260 I EmergencyButton: show = truevisible= true, antiTheftLocked=false, mEmergencyButtonExt.showEccInNonSecureUnlock() =false, eccShouldShow=true
08-26 22:35:50.965  3260  3260 I EmergencyButton: mLocateAtNonSecureView = false
08-26 22:35:50.965  3260  3260 I EmergencyButton: show = truevisible= true, antiTheftLocked=false, mEmergencyButtonExt.showEccInNonSecureUnlock() =false, eccShouldShow=true
08-26 22:35:50.979  2012  3254 E AppOps  : Bad call made by uid 1001. Package "com.android.phone" does not belong to uid 1000.
08-26 22:35:50.981  2012  4530 E AppOps  : Bad call made by uid 1001. Package "com.android.phone" does not belong to uid 1000.
08-26 22:35:50.981  2012  3141 E AppOps  : attributionTag VCN not declared in manifest of android
08-26 22:35:50.984  2012  3141 E AppOps  : attributionTag VCN not declared in manifest of android
08-26 22:35:50.984  2012  3254 E AppOps  : Cannot noteOperation: non-application UID 1000
08-26 22:35:50.986  2012  4530 E AppOps  : Cannot noteOperation: non-application UID 1000
08-26 22:35:51.000  2012  3125 W NetworkPolicy: shared quota unsupported; generating rule for each iface
08-26 22:35:51.002  3260  3260 I EmergencyButton: mLocateAtNonSecureView = false
08-26 22:35:51.002  3260  3260 I EmergencyButton: show = truevisible= true, antiTheftLocked=false, mEmergencyButtonExt.showEccInNonSecureUnlock() =false, eccShouldShow=true
08-26 22:35:51.036  2012  4530 I Telecom-TelecomServiceImpl$1: registerPhoneAccount: account=[[ ] PhoneAccount: ComponentInfo{com.android.phone/com.android.services.telephony.TelephonyConnectionService}, 1, UserHandle{0} Capabilities: SuppVideo Video CallProvider MultiUser PlaceEmerg SimSub  Audio Routes: BESW Schemes: tel voicemail  Extras: Bundle[{android.telecom.extra.SUPPORTS_VIDEO_CALLING_FALLBACK=true, mediatek.telecom.extra.PHONE_ACCOUNT_CARRIER_CAPABILITIES=1, android.telecom.extra.SORT_ORDER=0}] GroupId: *** SC Restrictions: [ ]]: TSI.rPA(cap)@C80
08-26 22:35:51.039  2012  4530 I Telecom-PhoneAccountRegistrar: Modify account: [ComponentInfo{com.android.phone/com.android.services.telephony.TelephonyConnectionService}, 1, UserHandle{0}]: TSI.rPA(cap)@C80
08-26 22:35:51.043  2012  4530 I Telecom-CallsManager: handlePhoneAccountChanged: phoneAccount=[[X] PhoneAccount: ComponentInfo{com.android.phone/com.android.services.telephony.TelephonyConnectionService}, 1, UserHandle{0} Capabilities: SuppVideo Video CallProvider MultiUser PlaceEmerg SimSub  Audio Routes: BESW Schemes: tel voicemail  Extras: Bundle[{android.telecom.extra.SUPPORTS_VIDEO_CALLING_FALLBACK=true, mediatek.telecom.extra.PHONE_ACCOUNT_CARRIER_CAPABILITIES=1, android.telecom.extra.SORT_ORDER=0}] GroupId: *** SC Restrictions: [ ]]: TSI.rPA(cap)@C80
08-26 22:35:51.046  2012  4530 I Telecom-PhoneAccountRegistrar: getSimCallManager: SimCallManager for subId 1 queried, returning: null: TSI.rPA(cap)@C80
08-26 22:35:51.046  2012  4530 I Telecom-PhoneAccountRegistrar: Notifying telephony of voice service override change for 1 SIMs, hasService = false: TSI.rPA(cap)@C80
08-26 22:35:51.049  2012  4526 I Telecom-TelecomServiceImpl$1: registerPhoneAccount: account=[[ ] PhoneAccount: ComponentInfo{com.android.phone/com.android.services.telephony.TelephonyConnectionService}, 2, UserHandle{0} Capabilities: SuppVideo Video CallProvider MultiUser PlaceEmerg SimSub  Audio Routes: BESW Schemes: tel voicemail  Extras: Bundle[{android.telecom.extra.SUPPORTS_VIDEO_CALLING_FALLBACK=true, mediatek.telecom.extra.PHONE_ACCOUNT_CARRIER_CAPABILITIES=1, android.telecom.extra.SORT_ORDER=1}] GroupId: *** SC Restrictions: [ ]]: TSI.rPA(cap)@C88
08-26 22:35:51.050  2012  4526 I Telecom-PhoneAccountRegistrar: Modify account: [ComponentInfo{com.android.phone/com.android.services.telephony.TelephonyConnectionService}, 2, UserHandle{0}]: TSI.rPA(cap)@C88
08-26 22:35:51.052  2012  4526 I Telecom-CallsManager: handlePhoneAccountChanged: phoneAccount=[[X] PhoneAccount: ComponentInfo{com.android.phone/com.android.services.telephony.TelephonyConnectionService}, 2, UserHandle{0} Capabilities: SuppVideo Video CallProvider MultiUser PlaceEmerg SimSub  Audio Routes: BESW Schemes: tel voicemail  Extras: Bundle[{android.telecom.extra.SUPPORTS_VIDEO_CALLING_FALLBACK=true, mediatek.telecom.extra.PHONE_ACCOUNT_CARRIER_CAPABILITIES=1, android.telecom.extra.SORT_ORDER=1}] GroupId: *** SC Restrictions: [ ]]: TSI.rPA(cap)@C88
08-26 22:35:51.055  2012  4526 I Telecom-PhoneAccountRegistrar: getSimCallManager: SimCallManager for subId 2 queried, returning: null: TSI.rPA(cap)@C88
08-26 22:35:51.055  2012  4526 I Telecom-PhoneAccountRegistrar: Notifying telephony of voice service override change for 1 SIMs, hasService = false: TSI.rPA(cap)@C88
08-26 22:35:51.058  2012  4097 W NotificationService: com.android.phone:1001 trying to cancel notification for nonexistent pkg com.android.phone in user 999
08-26 22:35:51.071  2012  4526 W NotificationService: com.android.phone:1001 trying to cancel notification for nonexistent pkg com.android.phone in user 999
08-26 22:35:51.246  2012  4526 W ContextImpl: Calling a method in the system process without a qualified user: android.app.ContextImpl.sendBroadcastMultiplePermissions:1299 android.content.Context.sendBroadcastMultiplePermissions:2522 com.android.server.TelephonyRegistry.broadcastServiceStateChanged:3701 com.android.server.TelephonyRegistry.notifyServiceStateForPhoneId:1763 com.android.internal.telephony.ITelephonyRegistry$Stub.onTransact:546 
08-26 22:35:51.247  2012  4526 W ContextImpl: Calling a method in the system process without a qualified user: android.app.ContextImpl.sendBroadcastMultiplePermissions:1332 com.android.server.TelephonyRegistry.broadcastServiceStateChanged:3706 com.android.server.TelephonyRegistry.notifyServiceStateForPhoneId:1763 com.android.internal.telephony.ITelephonyRegistry$Stub.onTransact:546 android.os.Binder.execTransactInternal:1512 
08-26 22:35:51.249  2012  4526 W ContextImpl: Calling a method in the system process without a qualified user: android.app.ContextImpl.sendBroadcastMultiplePermissions:1332 com.android.server.TelephonyRegistry.broadcastServiceStateChanged:3715 com.android.server.TelephonyRegistry.notifyServiceStateForPhoneId:1763 com.android.internal.telephony.ITelephonyRegistry$Stub.onTransact:546 android.os.Binder.execTransactInternal:1512 
08-26 22:35:51.250  2012  4526 W ContextImpl: Calling a method in the system process without a qualified user: android.app.ContextImpl.sendBroadcastMultiplePermissions:1332 com.android.server.TelephonyRegistry.broadcastServiceStateChanged:3721 com.android.server.TelephonyRegistry.notifyServiceStateForPhoneId:1763 com.android.internal.telephony.ITelephonyRegistry$Stub.onTransact:546 android.os.Binder.execTransactInternal:1512 
08-26 22:35:51.254  3260  3260 I EmergencyButton: mLocateAtNonSecureView = false
08-26 22:35:51.254  3260  3260 I EmergencyButton: show = truevisible= true, antiTheftLocked=false, mEmergencyButtonExt.showEccInNonSecureUnlock() =false, eccShouldShow=true
08-26 22:35:51.265  2012  4530 W ContextImpl: Calling a method in the system process without a qualified user: android.app.ContextImpl.sendBroadcastMultiplePermissions:1299 android.content.Context.sendBroadcastMultiplePermissions:2522 com.android.server.TelephonyRegistry.broadcastServiceStateChanged:3701 com.android.server.TelephonyRegistry.notifyServiceStateForPhoneId:1763 com.android.internal.telephony.ITelephonyRegistry$Stub.onTransact:546 
08-26 22:35:51.269  2012  4530 W ContextImpl: Calling a method in the system process without a qualified user: android.app.ContextImpl.sendBroadcastMultiplePermissions:1332 com.android.server.TelephonyRegistry.broadcastServiceStateChanged:3706 com.android.server.TelephonyRegistry.notifyServiceStateForPhoneId:1763 com.android.internal.telephony.ITelephonyRegistry$Stub.onTransact:546 android.os.Binder.execTransactInternal:1512 
08-26 22:35:51.270  2012  4530 W ContextImpl: Calling a method in the system process without a qualified user: android.app.ContextImpl.sendBroadcastMultiplePermissions:1332 com.android.server.TelephonyRegistry.broadcastServiceStateChanged:3715 com.android.server.TelephonyRegistry.notifyServiceStateForPhoneId:1763 com.android.internal.telephony.ITelephonyRegistry$Stub.onTransact:546 android.os.Binder.execTransactInternal:1512 
08-26 22:35:51.271  2012  4530 W ContextImpl: Calling a method in the system process without a qualified user: android.app.ContextImpl.sendBroadcastMultiplePermissions:1332 com.android.server.TelephonyRegistry.broadcastServiceStateChanged:3721 com.android.server.TelephonyRegistry.notifyServiceStateForPhoneId:1763 com.android.internal.telephony.ITelephonyRegistry$Stub.onTransact:546 android.os.Binder.execTransactInternal:1512 
08-26 22:35:51.291  3260  3260 I EmergencyButton: mLocateAtNonSecureView = false
08-26 22:35:51.291  3260  3260 I EmergencyButton: show = truevisible= true, antiTheftLocked=false, mEmergencyButtonExt.showEccInNonSecureUnlock() =false, eccShouldShow=true
08-26 22:35:51.312  3260  3260 I EmergencyButton: mLocateAtNonSecureView = false
08-26 22:35:51.312  3260  3260 I EmergencyButton: show = truevisible= true, antiTheftLocked=false, mEmergencyButtonExt.showEccInNonSecureUnlock() =false, eccShouldShow=true
08-26 22:35:51.324  2012  4097 E AppOps  : Bad call made by uid 1001. Package "com.android.phone" does not belong to uid 1000.
08-26 22:35:51.324  2012  4097 E AppOps  : Cannot noteOperation: non-application UID 1000
08-26 22:35:51.325  2012  3254 E AppOps  : Bad call made by uid 1001. Package "com.android.phone" does not belong to uid 1000.
08-26 22:35:51.325  2012  3254 E AppOps  : Cannot noteOperation: non-application UID 1000
08-26 22:35:51.329  2012  3141 E AppOps  : attributionTag VCN not declared in manifest of android
08-26 22:35:51.330  2012  3141 E AppOps  : attributionTag VCN not declared in manifest of android
08-26 22:35:51.341  2012  4530 I Telecom-InCallController: Components updated: [ComponentInfo{com.google.android.as/com.google.android.apps.miphone.aiai.captions.tulip.audiosource.impl.CIS}, ComponentInfo{com.google.android.dialer/com.android.incallui.InCallServiceImpl}, ComponentInfo{com.google.android.gms/com.google.android.gms.bankscamwarning.services.BankScamCallDetectionService}]; Sending updateCall [Call id=TC@11, state=ACTIVE, tpac=ComponentInfo{com.android.phone/com.android.services.telephony.TelephonyConnectionService}, 1, UserHandle{0}, cmgr=ComponentInfo{com.android.phone/com.android.services.telephony.TelephonyConnectionService}, 1, UserHandle{0}, handle=tel:**********, vidst=A, childs(0), has_parent(false), mtkcap=[ hld sup_hld mut VTlrx VTltx VTlbi VTrrx VTrtx VTrbi paus_VT], mtkprop=[ HD m_volte], cap=[ hld sup_hld mut VTlrx VTltx VTlbi VTrrx VTrtx VTrbi paus_VT], prop=[ HD]], voip=false: CSW.pE(cap)@C9o
08-26 22:35:51.343  3260  3260 I EmergencyButton: mLocateAtNonSecureView = false
08-26 22:35:51.343  3260  3260 I EmergencyButton: show = truevisible= true, antiTheftLocked=false, mEmergencyButtonExt.showEccInNonSecureUnlock() =false, eccShouldShow=true
08-26 22:35:51.352  2012  4526 W NotificationService: com.android.phone:1001 trying to cancel notification for nonexistent pkg com.android.phone in user 999
08-26 22:35:51.352  2012  3125 W NetworkPolicy: shared quota unsupported; generating rule for each iface
08-26 22:35:51.354  2012  4530 I Telecom-InCallController: Components updated: [ComponentInfo{com.google.android.as/com.google.android.apps.miphone.aiai.captions.tulip.audiosource.impl.CIS}, ComponentInfo{com.google.android.dialer/com.android.incallui.InCallServiceImpl}, ComponentInfo{com.google.android.gms/com.google.android.gms.bankscamwarning.services.BankScamCallDetectionService}]; Sending updateCall [Call id=TC@11, state=ACTIVE, tpac=ComponentInfo{com.android.phone/com.android.services.telephony.TelephonyConnectionService}, 1, UserHandle{0}, cmgr=ComponentInfo{com.android.phone/com.android.services.telephony.TelephonyConnectionService}, 1, UserHandle{0}, handle=tel:**********, vidst=A, childs(0), has_parent(false), mtkcap=[ hld sup_hld mut VTlrx VTltx VTlbi VTrrx VTrtx VTrbi paus_VT], mtkprop=[ HD wifi m_volte], cap=[ hld sup_hld mut VTlrx VTltx VTlbi VTrrx VTrtx VTrbi paus_VT], prop=[ HD wifi]], voip=false: CSW.sCP(cap)@C9w
08-26 22:35:51.354  2012  4530 I Telecom : Event: RecordEntry TC@11: PROPERTY_CHANGE, Current: [[ HD wifi m_volte]], Removed [[]], Added [[ wifi]]: CSW.sCP(cap)@C9w
08-26 22:35:51.365  2012  4526 W NotificationService: com.android.phone:1001 trying to cancel notification for nonexistent pkg com.android.phone in user 999
08-26 22:35:51.367  2012  4530 I Telecom-InCallController: Components updated: [ComponentInfo{com.google.android.as/com.google.android.apps.miphone.aiai.captions.tulip.audiosource.impl.CIS}, ComponentInfo{com.google.android.dialer/com.android.incallui.InCallServiceImpl}, ComponentInfo{com.google.android.gms/com.google.android.gms.bankscamwarning.services.BankScamCallDetectionService}]; Sending updateCall [Call id=TC@11, state=ACTIVE, tpac=ComponentInfo{com.android.phone/com.android.services.telephony.TelephonyConnectionService}, 1, UserHandle{0}, cmgr=ComponentInfo{com.android.phone/com.android.services.telephony.TelephonyConnectionService}, 1, UserHandle{0}, handle=tel:**********, vidst=A, childs(0), has_parent(false), mtkcap=[ hld sup_hld mut VTlrx VTltx VTlbi VTrrx VTrtx VTrbi paus_VT], mtkprop=[ HD wifi m_volte], cap=[ hld sup_hld mut VTlrx VTltx VTlbi VTrrx VTrtx VTrbi paus_VT], prop=[ HD wifi]], voip=false: CSW.sSH(cap)@C94
08-26 22:35:51.394  2012  4097 I Telecom-TelecomServiceImpl$1: registerPhoneAccount: account=[[ ] PhoneAccount: ComponentInfo{com.android.phone/com.android.services.telephony.TelephonyConnectionService}, 1, UserHandle{0} Capabilities: SuppVideo Video CallProvider MultiUser PlaceEmerg SimSub  Audio Routes: BESW Schemes: tel voicemail  Extras: Bundle[{android.telecom.extra.SUPPORTS_VIDEO_CALLING_FALLBACK=true, mediatek.telecom.extra.PHONE_ACCOUNT_CARRIER_CAPABILITIES=1, android.telecom.extra.SORT_ORDER=0}] GroupId: *** SC Restrictions: [ ]]: TSI.rPA(cap)@C+E
08-26 22:35:51.394  2012  4097 I Telecom-PhoneAccountRegistrar: Modify account: [ComponentInfo{com.android.phone/com.android.services.telephony.TelephonyConnectionService}, 1, UserHandle{0}]: TSI.rPA(cap)@C+E
08-26 22:35:51.396  2012  4097 I Telecom-CallsManager: handlePhoneAccountChanged: phoneAccount=[[X] PhoneAccount: ComponentInfo{com.android.phone/com.android.services.telephony.TelephonyConnectionService}, 1, UserHandle{0} Capabilities: SuppVideo Video CallProvider MultiUser PlaceEmerg SimSub  Audio Routes: BESW Schemes: tel voicemail  Extras: Bundle[{android.telecom.extra.SUPPORTS_VIDEO_CALLING_FALLBACK=true, mediatek.telecom.extra.PHONE_ACCOUNT_CARRIER_CAPABILITIES=1, android.telecom.extra.SORT_ORDER=0}] GroupId: *** SC Restrictions: [ ]]: TSI.rPA(cap)@C+E
08-26 22:35:51.399  2012  4097 I Telecom-PhoneAccountRegistrar: getSimCallManager: SimCallManager for subId 1 queried, returning: null: TSI.rPA(cap)@C+E
08-26 22:35:51.399  2012  4097 I Telecom-PhoneAccountRegistrar: Notifying telephony of voice service override change for 1 SIMs, hasService = false: TSI.rPA(cap)@C+E
