08-26 22:35:51.402  2012  4526 I Telecom-TelecomServiceImpl$1: registerPhoneAccount: account=[[ ] PhoneAccount: ComponentInfo{com.android.phone/com.android.services.telephony.TelephonyConnectionService}, 2, UserHandle{0} Capabilities: SuppVideo Video CallProvider MultiUser PlaceEmerg SimSub  Audio Routes: BESW Schemes: tel voicemail  Extras: Bundle[{android.telecom.extra.SUPPORTS_VIDEO_CALLING_FALLBACK=true, mediatek.telecom.extra.PHONE_ACCOUNT_CARRIER_CAPABILITIES=1, android.telecom.extra.SORT_ORDER=1}] GroupId: *** SC Restrictions: [ ]]: TSI.rPA(cap)@C+I
08-26 22:35:51.404  2012  4526 I Telecom-PhoneAccountRegistrar: Modify account: [ComponentInfo{com.android.phone/com.android.services.telephony.TelephonyConnectionService}, 2, UserHandle{0}]: TSI.rPA(cap)@C+I
08-26 22:35:51.409  2012  4526 I Telecom-CallsManager: handlePhoneAccountChanged: phoneAccount=[[X] PhoneAccount: ComponentInfo{com.android.phone/com.android.services.telephony.TelephonyConnectionService}, 2, UserHandle{0} Capabilities: SuppVideo Video CallProvider MultiUser PlaceEmerg SimSub  Audio Routes: BESW Schemes: tel voicemail  Extras: Bundle[{android.telecom.extra.SUPPORTS_VIDEO_CALLING_FALLBACK=true, mediatek.telecom.extra.PHONE_ACCOUNT_CARRIER_CAPABILITIES=1, android.telecom.extra.SORT_ORDER=1}] GroupId: *** SC Restrictions: [ ]]: TSI.rPA(cap)@C+I
08-26 22:35:51.421  2012  4526 I Telecom-PhoneAccountRegistrar: getSimCallManager: SimCallManager for subId 2 queried, returning: null: TSI.rPA(cap)@C+I
08-26 22:35:51.421  2012  4526 I Telecom-PhoneAccountRegistrar: Notifying telephony of voice service override change for 1 SIMs, hasService = false: TSI.rPA(cap)@C+I
08-26 22:35:52.263  2012  4980 W ContextImpl: Calling a method in the system process without a qualified user: android.app.ContextImpl.sendBroadcastMultiplePermissions:1299 android.content.Context.sendBroadcastMultiplePermissions:2522 com.android.server.TelephonyRegistry.broadcastServiceStateChanged:3701 com.android.server.TelephonyRegistry.notifyServiceStateForPhoneId:1763 com.android.internal.telephony.ITelephonyRegistry$Stub.onTransact:546 
08-26 22:35:52.265  2012  4980 W ContextImpl: Calling a method in the system process without a qualified user: android.app.ContextImpl.sendBroadcastMultiplePermissions:1332 com.android.server.TelephonyRegistry.broadcastServiceStateChanged:3706 com.android.server.TelephonyRegistry.notifyServiceStateForPhoneId:1763 com.android.internal.telephony.ITelephonyRegistry$Stub.onTransact:546 android.os.Binder.execTransactInternal:1512 
08-26 22:35:52.266  2012  4980 W ContextImpl: Calling a method in the system process without a qualified user: android.app.ContextImpl.sendBroadcastMultiplePermissions:1332 com.android.server.TelephonyRegistry.broadcastServiceStateChanged:3715 com.android.server.TelephonyRegistry.notifyServiceStateForPhoneId:1763 com.android.internal.telephony.ITelephonyRegistry$Stub.onTransact:546 android.os.Binder.execTransactInternal:1512 
08-26 22:35:52.272  2012  4980 W ContextImpl: Calling a method in the system process without a qualified user: android.app.ContextImpl.sendBroadcastMultiplePermissions:1332 com.android.server.TelephonyRegistry.broadcastServiceStateChanged:3721 com.android.server.TelephonyRegistry.notifyServiceStateForPhoneId:1763 com.android.internal.telephony.ITelephonyRegistry$Stub.onTransact:546 android.os.Binder.execTransactInternal:1512 
08-26 22:35:52.280  3260  3260 I EmergencyButton: mLocateAtNonSecureView = false
08-26 22:35:52.280  3260  3260 I EmergencyButton: show = truevisible= true, antiTheftLocked=false, mEmergencyButtonExt.showEccInNonSecureUnlock() =false, eccShouldShow=true
08-26 22:35:53.324  2012  3125 W NetworkPolicy: shared quota unsupported; generating rule for each iface
08-26 22:35:55.818  2012  4920 W ContextImpl: Calling a method in the system process without a qualified user: android.app.ContextImpl.sendBroadcastMultiplePermissions:1299 android.content.Context.sendBroadcastMultiplePermissions:2522 com.android.server.TelephonyRegistry.broadcastServiceStateChanged:3701 com.android.server.TelephonyRegistry.notifyServiceStateForPhoneId:1763 com.android.internal.telephony.ITelephonyRegistry$Stub.onTransact:546 
08-26 22:35:55.819  2012  4920 W ContextImpl: Calling a method in the system process without a qualified user: android.app.ContextImpl.sendBroadcastMultiplePermissions:1332 com.android.server.TelephonyRegistry.broadcastServiceStateChanged:3706 com.android.server.TelephonyRegistry.notifyServiceStateForPhoneId:1763 com.android.internal.telephony.ITelephonyRegistry$Stub.onTransact:546 android.os.Binder.execTransactInternal:1512 
08-26 22:35:55.820  2012  4920 W ContextImpl: Calling a method in the system process without a qualified user: android.app.ContextImpl.sendBroadcastMultiplePermissions:1332 com.android.server.TelephonyRegistry.broadcastServiceStateChanged:3715 com.android.server.TelephonyRegistry.notifyServiceStateForPhoneId:1763 com.android.internal.telephony.ITelephonyRegistry$Stub.onTransact:546 android.os.Binder.execTransactInternal:1512 
08-26 22:35:55.825  2012  4920 W ContextImpl: Calling a method in the system process without a qualified user: android.app.ContextImpl.sendBroadcastMultiplePermissions:1332 com.android.server.TelephonyRegistry.broadcastServiceStateChanged:3721 com.android.server.TelephonyRegistry.notifyServiceStateForPhoneId:1763 com.android.internal.telephony.ITelephonyRegistry$Stub.onTransact:546 android.os.Binder.execTransactInternal:1512 
08-26 22:35:55.832  3260  3260 I EmergencyButton: mLocateAtNonSecureView = false
08-26 22:35:55.832  3260  3260 I EmergencyButton: show = truevisible= true, antiTheftLocked=false, mEmergencyButtonExt.showEccInNonSecureUnlock() =false, eccShouldShow=true
08-26 22:35:58.702   798 12819 I keystore2: system/security/keystore2/watchdog/src/lib.rs:319 - Watchdog thread idle -> terminating. Have a great day.
08-26 22:36:01.083  2012  4097 W AppOps  : Noting op not finished: uid 10144 pkg com.google.android.gms code 113 startTime of in progress event=1756227543180
08-26 22:36:01.088  2012  4097 W AppOps  : Noting op not finished: uid 10144 pkg com.google.android.gms code 113 startTime of in progress event=1756227543180
08-26 22:36:01.092  2012  4097 W AppOps  : Noting op not finished: uid 10144 pkg com.google.android.gms code 113 startTime of in progress event=1756227543180
08-26 22:36:01.097  2012  3254 W AppOps  : Noting op not finished: uid 10144 pkg com.google.android.gms code 79 startTime of in progress event=1756227543180
08-26 22:36:01.103  2012  4526 W AppOps  : Noting op not finished: uid 10144 pkg com.google.android.gms code 113 startTime of in progress event=1756227543180
08-26 22:36:01.105  2012  4530 W AppOps  : Noting op not finished: uid 10144 pkg com.google.android.gms code 113 startTime of in progress event=1756227949720
08-26 22:36:01.111  2012  4097 W AppOps  : Noting op not finished: uid 10144 pkg com.google.android.gms code 113 startTime of in progress event=1756227543180
08-26 22:36:01.115  2012  3254 W AppOps  : Noting op not finished: uid 10144 pkg com.google.android.gms code 113 startTime of in progress event=1756227543180
08-26 22:36:01.118  2012  3254 W AppOps  : Noting op not finished: uid 10144 pkg com.google.android.gms code 113 startTime of in progress event=1756227543180
08-26 22:36:01.122  2012  4097 W AppOps  : Noting op not finished: uid 10144 pkg com.google.android.gms code 79 startTime of in progress event=1756227543180
08-26 22:36:01.125  2012  4526 W AppOps  : Noting op not finished: uid 10144 pkg com.google.android.gms code 113 startTime of in progress event=1756227543180
08-26 22:36:01.129  2012  4097 W AppOps  : Noting op not finished: uid 10144 pkg com.google.android.gms code 113 startTime of in progress event=1756227949720
08-26 22:36:01.402  2012  2189 W ProcessStats: Tracking association SourceState{2b436b com.google.android.dialer/10132 BTop #31945} whose proc state 2 is better than process ProcessState{5863ab7 com.google.android.apps.tachyon/10163 pkg=com.google.android.apps.tachyon} proc state 14 (19 skipped)
08-26 22:36:03.877  2012  4097 W ContextImpl: Calling a method in the system process without a qualified user: android.app.ContextImpl.sendBroadcastMultiplePermissions:1299 android.content.Context.sendBroadcastMultiplePermissions:2522 com.android.server.TelephonyRegistry.broadcastServiceStateChanged:3701 com.android.server.TelephonyRegistry.notifyServiceStateForPhoneId:1763 com.android.internal.telephony.ITelephonyRegistry$Stub.onTransact:546 
08-26 22:36:03.879  2012  4097 W ContextImpl: Calling a method in the system process without a qualified user: android.app.ContextImpl.sendBroadcastMultiplePermissions:1332 com.android.server.TelephonyRegistry.broadcastServiceStateChanged:3706 com.android.server.TelephonyRegistry.notifyServiceStateForPhoneId:1763 com.android.internal.telephony.ITelephonyRegistry$Stub.onTransact:546 android.os.Binder.execTransactInternal:1512 
08-26 22:36:03.880  2012  4097 W ContextImpl: Calling a method in the system process without a qualified user: android.app.ContextImpl.sendBroadcastMultiplePermissions:1332 com.android.server.TelephonyRegistry.broadcastServiceStateChanged:3715 com.android.server.TelephonyRegistry.notifyServiceStateForPhoneId:1763 com.android.internal.telephony.ITelephonyRegistry$Stub.onTransact:546 android.os.Binder.execTransactInternal:1512 
08-26 22:36:03.881  2012  4097 W ContextImpl: Calling a method in the system process without a qualified user: android.app.ContextImpl.sendBroadcastMultiplePermissions:1332 com.android.server.TelephonyRegistry.broadcastServiceStateChanged:3721 com.android.server.TelephonyRegistry.notifyServiceStateForPhoneId:1763 com.android.internal.telephony.ITelephonyRegistry$Stub.onTransact:546 android.os.Binder.execTransactInternal:1512 
08-26 22:36:03.891  3260  3260 I EmergencyButton: mLocateAtNonSecureView = false
08-26 22:36:03.892  3260  3260 I EmergencyButton: show = truevisible= true, antiTheftLocked=false, mEmergencyButtonExt.showEccInNonSecureUnlock() =false, eccShouldShow=true
08-26 22:36:09.574  2012  4526 W ContextImpl: Calling a method in the system process without a qualified user: android.app.ContextImpl.sendBroadcastMultiplePermissions:1299 android.content.Context.sendBroadcastMultiplePermissions:2522 com.android.server.TelephonyRegistry.broadcastServiceStateChanged:3701 com.android.server.TelephonyRegistry.notifyServiceStateForPhoneId:1763 com.android.internal.telephony.ITelephonyRegistry$Stub.onTransact:546 
08-26 22:36:09.577  2012  4526 W ContextImpl: Calling a method in the system process without a qualified user: android.app.ContextImpl.sendBroadcastMultiplePermissions:1332 com.android.server.TelephonyRegistry.broadcastServiceStateChanged:3706 com.android.server.TelephonyRegistry.notifyServiceStateForPhoneId:1763 com.android.internal.telephony.ITelephonyRegistry$Stub.onTransact:546 android.os.Binder.execTransactInternal:1512 
08-26 22:36:09.579  2012  4526 W ContextImpl: Calling a method in the system process without a qualified user: android.app.ContextImpl.sendBroadcastMultiplePermissions:1332 com.android.server.TelephonyRegistry.broadcastServiceStateChanged:3715 com.android.server.TelephonyRegistry.notifyServiceStateForPhoneId:1763 com.android.internal.telephony.ITelephonyRegistry$Stub.onTransact:546 android.os.Binder.execTransactInternal:1512 
08-26 22:36:09.584  2012  4526 W ContextImpl: Calling a method in the system process without a qualified user: android.app.ContextImpl.sendBroadcastMultiplePermissions:1332 com.android.server.TelephonyRegistry.broadcastServiceStateChanged:3721 com.android.server.TelephonyRegistry.notifyServiceStateForPhoneId:1763 com.android.internal.telephony.ITelephonyRegistry$Stub.onTransact:546 android.os.Binder.execTransactInternal:1512 
08-26 22:36:09.593  3260  3260 I EmergencyButton: mLocateAtNonSecureView = false
08-26 22:36:09.593  3260  3260 I EmergencyButton: show = truevisible= true, antiTheftLocked=false, mEmergencyButtonExt.showEccInNonSecureUnlock() =false, eccShouldShow=true
08-26 22:36:46.212  2012  5605 I CameraService_proxy: updateCameraUsageInfo :1;10122
08-26 22:36:47.737  2012  2084 I DisplayPowerController2[0]: BrightnessEvent: disp=0, physDisp=local:4627039422300187648, displayState=OFF, displayPolicy=DIM, brt=0.0, initBrt=0.0, rcmdBrt=NaN, preBrt=NaN, lux=0.0, preLux=0.0, hbmMax=0.9221001, hbmMode=off, rbcStrength=25, thrmMax=1.0, powerFactor=1.0, wasShortTermModelActive=false, flags=, reason=screen_off, autoBrightness=false, strategy=ScreenOffBrightnessStrategy, autoBrightnessMode=default
08-26 22:36:47.807  2012  3254 I CameraService_proxy: updateCameraUsageInfo :0;10122
08-26 22:36:47.855  2012  3254 I CameraService_proxy: updateCameraUsageInfo :0;10122
08-26 22:36:56.378  2012  2084 I DisplayPowerProximityStateController[0]: No longer ignoring proximity [0]
08-26 22:36:56.383  2012  2084 I DisplayBrightnessStrategySelector: Changing the DisplayBrightnessStrategy from ScreenOffBrightnessStrategy to InvalidBrightnessStrategy for display 0
08-26 22:36:56.388  2012  2084 I DisplayPowerController2[0]: BrightnessEvent: disp=0, physDisp=local:4627039422300187648, displayState=ON, displayPolicy=DIM, brt=0.05, initBrt=0.0, rcmdBrt=NaN, preBrt=NaN, lux=0.0, preLux=0.0, hbmMax=0.9221001, hbmMode=off, rbcStrength=25, thrmMax=1.0, powerFactor=1.0, wasShortTermModelActive=false, flags=, reason=manual [ dim ], autoBrightness=false, strategy=InvalidBrightnessStrategy, autoBrightnessMode=default
08-26 22:36:56.399  2012  2084 I DisplayPowerController2[0]: BrightnessEvent: disp=0, physDisp=local:4627039422300187648, displayState=ON, displayPolicy=BRIGHT, brt=0.3081631, initBrt=0.05, rcmdBrt=NaN, preBrt=NaN, lux=0.0, preLux=0.0, hbmMax=0.9221001, hbmMode=off, rbcStrength=25, thrmMax=1.0, powerFactor=1.0, wasShortTermModelActive=false, flags=, reason=manual, autoBrightness=false, strategy=InvalidBrightnessStrategy, autoBrightnessMode=default
08-26 22:36:56.400  2012  2050 I DisplayDeviceRepository: Display device changed state: "Built-in Screen", ON
08-26 22:36:56.412  2012  2048 I DisplayDevice: [0] Layerstack set to 0 for local:4627039422300187648
08-26 22:36:56.501  2012  4567 W ContextImpl: Calling a method in the system process without a qualified user: android.app.ContextImpl.sendBroadcastMultiplePermissions:1299 android.content.Context.sendBroadcastMultiplePermissions:2522 com.android.server.TelephonyRegistry.broadcastServiceStateChanged:3701 com.android.server.TelephonyRegistry.notifyServiceStateForPhoneId:1763 com.android.internal.telephony.ITelephonyRegistry$Stub.onTransact:546 
08-26 22:36:56.503  2012  4567 W ContextImpl: Calling a method in the system process without a qualified user: android.app.ContextImpl.sendBroadcastMultiplePermissions:1332 com.android.server.TelephonyRegistry.broadcastServiceStateChanged:3706 com.android.server.TelephonyRegistry.notifyServiceStateForPhoneId:1763 com.android.internal.telephony.ITelephonyRegistry$Stub.onTransact:546 android.os.Binder.execTransactInternal:1512 
08-26 22:36:56.505  2012  4567 W ContextImpl: Calling a method in the system process without a qualified user: android.app.ContextImpl.sendBroadcastMultiplePermissions:1332 com.android.server.TelephonyRegistry.broadcastServiceStateChanged:3715 com.android.server.TelephonyRegistry.notifyServiceStateForPhoneId:1763 com.android.internal.telephony.ITelephonyRegistry$Stub.onTransact:546 android.os.Binder.execTransactInternal:1512 
08-26 22:36:56.507  2012  4567 W ContextImpl: Calling a method in the system process without a qualified user: android.app.ContextImpl.sendBroadcastMultiplePermissions:1332 com.android.server.TelephonyRegistry.broadcastServiceStateChanged:3721 com.android.server.TelephonyRegistry.notifyServiceStateForPhoneId:1763 com.android.internal.telephony.ITelephonyRegistry$Stub.onTransact:546 android.os.Binder.execTransactInternal:1512 
08-26 22:36:56.510  3260  3260 I EmergencyButton: mLocateAtNonSecureView = false
08-26 22:36:56.510  3260  3260 I EmergencyButton: show = truevisible= true, antiTheftLocked=false, mEmergencyButtonExt.showEccInNonSecureUnlock() =false, eccShouldShow=true
08-26 22:36:56.531  2012  3307 W ContextImpl: Calling a method in the system process without a qualified user: android.app.ContextImpl.sendBroadcastMultiplePermissions:1299 android.content.Context.sendBroadcastMultiplePermissions:2522 com.android.server.TelephonyRegistry.broadcastServiceStateChanged:3701 com.android.server.TelephonyRegistry.notifyServiceStateForPhoneId:1763 com.android.internal.telephony.ITelephonyRegistry$Stub.onTransact:546 
08-26 22:36:56.532  2012  3307 W ContextImpl: Calling a method in the system process without a qualified user: android.app.ContextImpl.sendBroadcastMultiplePermissions:1332 com.android.server.TelephonyRegistry.broadcastServiceStateChanged:3706 com.android.server.TelephonyRegistry.notifyServiceStateForPhoneId:1763 com.android.internal.telephony.ITelephonyRegistry$Stub.onTransact:546 android.os.Binder.execTransactInternal:1512 
08-26 22:36:56.532  2012  3307 W ContextImpl: Calling a method in the system process without a qualified user: android.app.ContextImpl.sendBroadcastMultiplePermissions:1332 com.android.server.TelephonyRegistry.broadcastServiceStateChanged:3715 com.android.server.TelephonyRegistry.notifyServiceStateForPhoneId:1763 com.android.internal.telephony.ITelephonyRegistry$Stub.onTransact:546 android.os.Binder.execTransactInternal:1512 
08-26 22:36:56.534  2012  3307 W ContextImpl: Calling a method in the system process without a qualified user: android.app.ContextImpl.sendBroadcastMultiplePermissions:1332 com.android.server.TelephonyRegistry.broadcastServiceStateChanged:3721 com.android.server.TelephonyRegistry.notifyServiceStateForPhoneId:1763 com.android.internal.telephony.ITelephonyRegistry$Stub.onTransact:546 android.os.Binder.execTransactInternal:1512 
08-26 22:36:56.537  3260  3260 I EmergencyButton: mLocateAtNonSecureView = false
08-26 22:36:56.537  3260  3260 I EmergencyButton: show = truevisible= true, antiTheftLocked=false, mEmergencyButtonExt.showEccInNonSecureUnlock() =false, eccShouldShow=true
08-26 22:36:56.544  2012  3307 W ContextImpl: Calling a method in the system process without a qualified user: android.app.ContextImpl.sendBroadcastMultiplePermissions:1299 android.content.Context.sendBroadcastMultiplePermissions:2522 com.android.server.TelephonyRegistry.broadcastServiceStateChanged:3701 com.android.server.TelephonyRegistry.notifyServiceStateForPhoneId:1763 com.android.internal.telephony.ITelephonyRegistry$Stub.onTransact:546 
08-26 22:36:56.544  2012  3307 W ContextImpl: Calling a method in the system process without a qualified user: android.app.ContextImpl.sendBroadcastMultiplePermissions:1332 com.android.server.TelephonyRegistry.broadcastServiceStateChanged:3706 com.android.server.TelephonyRegistry.notifyServiceStateForPhoneId:1763 com.android.internal.telephony.ITelephonyRegistry$Stub.onTransact:546 android.os.Binder.execTransactInternal:1512 
08-26 22:36:56.545  2012  3307 W ContextImpl: Calling a method in the system process without a qualified user: android.app.ContextImpl.sendBroadcastMultiplePermissions:1332 com.android.server.TelephonyRegistry.broadcastServiceStateChanged:3715 com.android.server.TelephonyRegistry.notifyServiceStateForPhoneId:1763 com.android.internal.telephony.ITelephonyRegistry$Stub.onTransact:546 android.os.Binder.execTransactInternal:1512 
08-26 22:36:56.546  2012  3307 W ContextImpl: Calling a method in the system process without a qualified user: android.app.ContextImpl.sendBroadcastMultiplePermissions:1332 com.android.server.TelephonyRegistry.broadcastServiceStateChanged:3721 com.android.server.TelephonyRegistry.notifyServiceStateForPhoneId:1763 com.android.internal.telephony.ITelephonyRegistry$Stub.onTransact:546 android.os.Binder.execTransactInternal:1512 
08-26 22:36:56.561  3260  3260 I EmergencyButton: mLocateAtNonSecureView = false
08-26 22:36:56.561  3260  3260 I EmergencyButton: show = truevisible= true, antiTheftLocked=false, mEmergencyButtonExt.showEccInNonSecureUnlock() =false, eccShouldShow=true
08-26 22:36:56.967  2012  2084 I DisplayPowerProximityStateController[0]: No longer ignoring proximity [1]
08-26 22:36:56.973  2012  2084 I DisplayBrightnessStrategySelector: Changing the DisplayBrightnessStrategy from InvalidBrightnessStrategy to ScreenOffBrightnessStrategy for display 0
08-26 22:36:56.984  2012  2084 I DisplayPowerController2[0]: BrightnessEvent: disp=0, physDisp=local:4627039422300187648, displayState=OFF, displayPolicy=BRIGHT, brt=0.0, initBrt=0.3081631, rcmdBrt=NaN, preBrt=NaN, lux=0.0, preLux=0.0, hbmMax=0.9221001, hbmMode=off, rbcStrength=25, thrmMax=1.0, powerFactor=1.0, wasShortTermModelActive=false, flags=, reason=screen_off, autoBrightness=false, strategy=ScreenOffBrightnessStrategy, autoBrightnessMode=default
08-26 22:36:56.987  2012  2050 I DisplayDeviceRepository: Display device changed state: "Built-in Screen", OFF
08-26 22:36:56.992  2012  2048 I DisplayDevice: [0] Layerstack set to -1 for local:4627039422300187648
08-26 22:37:16.540  2012  2084 I DisplayPowerProximityStateController[0]: No longer ignoring proximity [0]
08-26 22:37:16.546  2012  2084 I DisplayBrightnessStrategySelector: Changing the DisplayBrightnessStrategy from ScreenOffBrightnessStrategy to InvalidBrightnessStrategy for display 0
08-26 22:37:16.550  2012  2084 I DisplayPowerController2[0]: BrightnessEvent: disp=0, physDisp=local:4627039422300187648, displayState=ON, displayPolicy=BRIGHT, brt=0.3081631, initBrt=0.0, rcmdBrt=NaN, preBrt=NaN, lux=0.0, preLux=0.0, hbmMax=0.9221001, hbmMode=off, rbcStrength=25, thrmMax=1.0, powerFactor=1.0, wasShortTermModelActive=false, flags=, reason=manual, autoBrightness=false, strategy=InvalidBrightnessStrategy, autoBrightnessMode=default
08-26 22:37:16.557  2012  2050 I DisplayDeviceRepository: Display device changed state: "Built-in Screen", ON
08-26 22:37:16.563  2012  2048 I DisplayDevice: [0] Layerstack set to 0 for local:4627039422300187648
08-26 22:37:16.915  2012  2084 I DisplayPowerProximityStateController[0]: No longer ignoring proximity [1]
08-26 22:37:16.921  2012  2084 I DisplayBrightnessStrategySelector: Changing the DisplayBrightnessStrategy from InvalidBrightnessStrategy to ScreenOffBrightnessStrategy for display 0
08-26 22:37:16.926  2012  2084 I DisplayPowerController2[0]: BrightnessEvent: disp=0, physDisp=local:4627039422300187648, displayState=OFF, displayPolicy=BRIGHT, brt=0.0, initBrt=0.3081631, rcmdBrt=NaN, preBrt=NaN, lux=0.0, preLux=0.0, hbmMax=0.9221001, hbmMode=off, rbcStrength=25, thrmMax=1.0, powerFactor=1.0, wasShortTermModelActive=false, flags=, reason=screen_off, autoBrightness=false, strategy=ScreenOffBrightnessStrategy, autoBrightnessMode=default
08-26 22:37:16.934  2012  2050 I DisplayDeviceRepository: Display device changed state: "Built-in Screen", OFF
08-26 22:37:16.945  2012  2048 I DisplayDevice: [0] Layerstack set to -1 for local:4627039422300187648
08-26 22:37:28.901  2012  2189 W JobServiceContext: Sending onNetworkChanged for a job that isn't started. JobStatus{ef0c6d3 androidx.work.systemjobscheduler:u0a175/17730 @androidx.work.systemjobscheduler@com.google.android.youtube/androidx.work.impl.background.systemjob.SystemJobService u=0 s=10175 TIME=-38s979ms:none NET READY}
08-26 22:37:28.901  2012  2189 W JobServiceContext: Sending onNetworkChanged for a job that isn't started. JobStatus{4ca5841 androidx.work.systemjobscheduler:u0a175/17731 @androidx.work.systemjobscheduler@com.google.android.youtube/androidx.work.impl.background.systemjob.SystemJobService u=0 s=10175 TIME=-38s921ms:none NET READY}
08-26 22:37:28.979  2012  5444 W ProcessStats: Tracking association SourceState{b5006d5 system/1000 ImpBg #32005} whose proc state 6 is better than process ProcessState{2e73e7d com.google.android.youtube/10175 pkg=com.google.android.youtube} proc state 14 (0 skipped)
08-26 22:37:48.291  2012  4567 W ActivityManager: Unable to start service Intent { act=com.nothing.search.searchui pkg=com.nothing.universal.search } U=0: not found
08-26 22:38:01.332  2012  4526 W BatteryExternalStatsWorker: error reading Bluetooth stats: 11
08-26 22:38:30.845  2012  2084 I DisplayPowerProximityStateController[0]: No longer ignoring proximity [0]
08-26 22:38:30.850  2012  2084 I DisplayBrightnessStrategySelector: Changing the DisplayBrightnessStrategy from ScreenOffBrightnessStrategy to InvalidBrightnessStrategy for display 0
08-26 22:38:30.855  2012  2084 I DisplayPowerController2[0]: BrightnessEvent: disp=0, physDisp=local:4627039422300187648, displayState=ON, displayPolicy=BRIGHT, brt=0.3081631, initBrt=0.0, rcmdBrt=NaN, preBrt=NaN, lux=0.0, preLux=0.0, hbmMax=0.9221001, hbmMode=off, rbcStrength=25, thrmMax=1.0, powerFactor=1.0, wasShortTermModelActive=false, flags=, reason=manual, autoBrightness=false, strategy=InvalidBrightnessStrategy, autoBrightnessMode=default
08-26 22:38:30.874  2012  2050 I DisplayDeviceRepository: Display device changed state: "Built-in Screen", ON
08-26 22:38:30.885  2012  2048 I DisplayDevice: [0] Layerstack set to 0 for local:4627039422300187648
08-26 22:38:30.970  2012  5605 W ContextImpl: Calling a method in the system process without a qualified user: android.app.ContextImpl.sendBroadcastMultiplePermissions:1299 android.content.Context.sendBroadcastMultiplePermissions:2522 com.android.server.TelephonyRegistry.broadcastServiceStateChanged:3701 com.android.server.TelephonyRegistry.notifyServiceStateForPhoneId:1763 com.android.internal.telephony.ITelephonyRegistry$Stub.onTransact:546 
08-26 22:38:30.971  2012  5605 W ContextImpl: Calling a method in the system process without a qualified user: android.app.ContextImpl.sendBroadcastMultiplePermissions:1332 com.android.server.TelephonyRegistry.broadcastServiceStateChanged:3706 com.android.server.TelephonyRegistry.notifyServiceStateForPhoneId:1763 com.android.internal.telephony.ITelephonyRegistry$Stub.onTransact:546 android.os.Binder.execTransactInternal:1512 
08-26 22:38:30.972  2012  5605 W ContextImpl: Calling a method in the system process without a qualified user: android.app.ContextImpl.sendBroadcastMultiplePermissions:1332 com.android.server.TelephonyRegistry.broadcastServiceStateChanged:3715 com.android.server.TelephonyRegistry.notifyServiceStateForPhoneId:1763 com.android.internal.telephony.ITelephonyRegistry$Stub.onTransact:546 android.os.Binder.execTransactInternal:1512 
08-26 22:38:30.972  2012  5605 W ContextImpl: Calling a method in the system process without a qualified user: android.app.ContextImpl.sendBroadcastMultiplePermissions:1332 com.android.server.TelephonyRegistry.broadcastServiceStateChanged:3721 com.android.server.TelephonyRegistry.notifyServiceStateForPhoneId:1763 com.android.internal.telephony.ITelephonyRegistry$Stub.onTransact:546 android.os.Binder.execTransactInternal:1512 
08-26 22:38:30.982  3260  3260 I EmergencyButton: mLocateAtNonSecureView = false
08-26 22:38:30.982  3260  3260 I EmergencyButton: show = truevisible= true, antiTheftLocked=false, mEmergencyButtonExt.showEccInNonSecureUnlock() =false, eccShouldShow=true
08-26 22:38:32.203  2012  2084 I DisplayPowerProximityStateController[0]: No longer ignoring proximity [1]
08-26 22:38:32.210  2012  2084 I DisplayBrightnessStrategySelector: Changing the DisplayBrightnessStrategy from InvalidBrightnessStrategy to ScreenOffBrightnessStrategy for display 0
08-26 22:38:32.215  2012  2084 I DisplayPowerController2[0]: BrightnessEvent: disp=0, physDisp=local:4627039422300187648, displayState=OFF, displayPolicy=BRIGHT, brt=0.0, initBrt=0.3081631, rcmdBrt=NaN, preBrt=NaN, lux=0.0, preLux=0.0, hbmMax=0.9221001, hbmMode=off, rbcStrength=25, thrmMax=1.0, powerFactor=1.0, wasShortTermModelActive=false, flags=, reason=screen_off, autoBrightness=false, strategy=ScreenOffBrightnessStrategy, autoBrightnessMode=default
08-26 22:38:32.220  2012  2050 I DisplayDeviceRepository: Display device changed state: "Built-in Screen", OFF
08-26 22:38:32.235  2012  2048 I DisplayDevice: [0] Layerstack set to -1 for local:4627039422300187648
08-26 22:40:10.728  2012  5605 W BatteryExternalStatsWorker: error reading Bluetooth stats: 11
08-26 22:40:25.227  2012  2084 I DisplayPowerProximityStateController[0]: No longer ignoring proximity [0]
08-26 22:40:25.234  2012  2084 I DisplayBrightnessStrategySelector: Changing the DisplayBrightnessStrategy from ScreenOffBrightnessStrategy to InvalidBrightnessStrategy for display 0
08-26 22:40:25.238  2012  2084 I DisplayPowerController2[0]: BrightnessEvent: disp=0, physDisp=local:4627039422300187648, displayState=ON, displayPolicy=BRIGHT, brt=0.3081631, initBrt=0.0, rcmdBrt=NaN, preBrt=NaN, lux=0.0, preLux=0.0, hbmMax=0.9221001, hbmMode=off, rbcStrength=25, thrmMax=1.0, powerFactor=1.0, wasShortTermModelActive=false, flags=, reason=manual, autoBrightness=false, strategy=InvalidBrightnessStrategy, autoBrightnessMode=default
08-26 22:40:25.251  2012  2050 I DisplayDeviceRepository: Display device changed state: "Built-in Screen", ON
08-26 22:40:25.263  2012  2048 I DisplayDevice: [0] Layerstack set to 0 for local:4627039422300187648
08-26 22:40:25.334  2012  4888 W ContextImpl: Calling a method in the system process without a qualified user: android.app.ContextImpl.sendBroadcastMultiplePermissions:1299 android.content.Context.sendBroadcastMultiplePermissions:2522 com.android.server.TelephonyRegistry.broadcastServiceStateChanged:3701 com.android.server.TelephonyRegistry.notifyServiceStateForPhoneId:1763 com.android.internal.telephony.ITelephonyRegistry$Stub.onTransact:546 
08-26 22:40:25.337  2012  4888 W ContextImpl: Calling a method in the system process without a qualified user: android.app.ContextImpl.sendBroadcastMultiplePermissions:1332 com.android.server.TelephonyRegistry.broadcastServiceStateChanged:3706 com.android.server.TelephonyRegistry.notifyServiceStateForPhoneId:1763 com.android.internal.telephony.ITelephonyRegistry$Stub.onTransact:546 android.os.Binder.execTransactInternal:1512 
08-26 22:40:25.339  2012  4888 W ContextImpl: Calling a method in the system process without a qualified user: android.app.ContextImpl.sendBroadcastMultiplePermissions:1332 com.android.server.TelephonyRegistry.broadcastServiceStateChanged:3715 com.android.server.TelephonyRegistry.notifyServiceStateForPhoneId:1763 com.android.internal.telephony.ITelephonyRegistry$Stub.onTransact:546 android.os.Binder.execTransactInternal:1512 
08-26 22:40:25.339  2012  4888 W ContextImpl: Calling a method in the system process without a qualified user: android.app.ContextImpl.sendBroadcastMultiplePermissions:1332 com.android.server.TelephonyRegistry.broadcastServiceStateChanged:3721 com.android.server.TelephonyRegistry.notifyServiceStateForPhoneId:1763 com.android.internal.telephony.ITelephonyRegistry$Stub.onTransact:546 android.os.Binder.execTransactInternal:1512 
08-26 22:40:25.342  3260  3260 I EmergencyButton: mLocateAtNonSecureView = false
08-26 22:40:25.342  3260  3260 I EmergencyButton: show = truevisible= true, antiTheftLocked=false, mEmergencyButtonExt.showEccInNonSecureUnlock() =false, eccShouldShow=true
08-26 22:40:25.965  2012  3307 I Telecom : Event: RecordEntry TC@11: REQUEST_DISCONNECT, internal: ICA.dC(cgad)@DAU
08-26 22:40:25.966  2012  3307 I Telecom-Call: Send disconnect to connection service for call: [Call id=TC@11, state=DISCONNECTING, tpac=ComponentInfo{com.android.phone/com.android.services.telephony.TelephonyConnectionService}, 1, UserHandle{0}, cmgr=ComponentInfo{com.android.phone/com.android.services.telephony.TelephonyConnectionService}, 1, UserHandle{0}, handle=tel:**********, vidst=A, childs(0), has_parent(false), mtkcap=[ hld sup_hld mut VTlrx VTltx VTlbi VTrrx VTrtx VTrbi paus_VT], mtkprop=[ HD wifi m_volte], cap=[ hld sup_hld mut VTlrx VTltx VTlbi VTrrx VTrtx VTrbi paus_VT], prop=[ HD wifi]], voip=false: ICA.dC(cgad)@DAU
08-26 22:40:25.966  2012  3307 I Telecom-InCallController: onCallStateChanged: Call state changed for TC@TC@11: ACTIVE -> ACTIVE: ICA.dC(cgad)@DAU
08-26 22:40:25.966  2012  3578 I Telecom-ConnectionServiceFocusManager: updateCurrentFocusCall [Call id=TC@11, state=DISCONNECTING, tpac=ComponentInfo{com.android.phone/com.android.services.telephony.TelephonyConnectionService}, 1, UserHandle{0}, cmgr=ComponentInfo{com.android.phone/com.android.services.telephony.TelephonyConnectionService}, 1, UserHandle{0}, handle=tel:**********, vidst=A, childs(0), has_parent(false), mtkcap=[ hld sup_hld mut VTlrx VTltx VTlbi VTrrx VTrtx VTrbi paus_VT], mtkprop=[ HD wifi m_volte], cap=[ hld sup_hld mut VTlrx VTltx VTlbi VTrrx VTrtx VTrbi paus_VT], prop=[ HD wifi]], voip=false: ICA.dC->CSFM.oCSS(cgad)@DAU
08-26 22:40:25.967  3438  3438 I TelecomFramework: TelephonyConnectionService: disconnect TC@11_1: (ICA.dC)->CS.d->H.CS.d(cgad/cast)@E-DAU
08-26 22:40:25.976  2012  3307 I Telecom-InCallController: Components updated: [ComponentInfo{com.google.android.as/com.google.android.apps.miphone.aiai.captions.tulip.audiosource.impl.CIS}, ComponentInfo{com.google.android.dialer/com.android.incallui.InCallServiceImpl}, ComponentInfo{com.google.android.gms/com.google.android.gms.bankscamwarning.services.BankScamCallDetectionService}]; Sending updateCall [Call id=TC@11, state=DISCONNECTING, tpac=ComponentInfo{com.android.phone/com.android.services.telephony.TelephonyConnectionService}, 1, UserHandle{0}, cmgr=ComponentInfo{com.android.phone/com.android.services.telephony.TelephonyConnectionService}, 1, UserHandle{0}, handle=tel:**********, vidst=A, childs(0), has_parent(false), mtkcap=[ hld sup_hld mut VTlrx VTltx VTlbi VTrrx VTrtx VTrbi paus_VT], mtkprop=[ HD wifi m_volte], cap=[ hld sup_hld mut VTlrx VTltx VTlbi VTrrx VTrtx VTrbi paus_VT], prop=[ HD wifi]], voip=false: ICA.dC(cgad)@DAU
08-26 22:40:25.976  2012  3307 I Telecom : TelecomWakeLock: WakeLock already released with id: 26: ICA.dC(cgad)@DAU
08-26 22:40:25.976  2012  3307 I Telecom : InCallWakeLockController: Releasing full wake lock: ICA.dC(cgad)@DAU
08-26 22:40:25.976  2012  3307 I Telecom-CallLogManager: onCallStateChanged [TC@11, tel:**********] isNewlyDisconnected:false, DisconnectCause [ Code: (UNKNOWN) Label: () Description: () Reason: () Tone: (-1)  TelephonyCause: 36/65535 ImsReasonInfo: null], oldState:ACTIVE, newState:ACTIVE, isConference():false, isCallCanceled:false, hasParent:false, isExternalCall() false: ICA.dC(cgad)@DAU
08-26 22:40:25.977  2012  3307 I Telecom : CallAnomalyWatchdog: onCallStateChanged: call=[Call id=TC@11, state=DISCONNECTING, tpac=ComponentInfo{com.android.phone/com.android.services.telephony.TelephonyConnectionService}, 1, UserHandle{0}, cmgr=ComponentInfo{com.android.phone/com.android.services.telephony.TelephonyConnectionService}, 1, UserHandle{0}, handle=tel:**********, vidst=A, childs(0), has_parent(false), mtkcap=[ hld sup_hld mut VTlrx VTltx VTlbi VTrrx VTrtx VTrbi paus_VT], mtkprop=[ HD wifi m_volte], cap=[ hld sup_hld mut VTlrx VTltx VTlbi VTrrx VTrtx VTrbi paus_VT], prop=[ HD wifi]], voip=false: ICA.dC(cgad)@DAU
08-26 22:40:25.977  2012  3307 I Telecom : IncomingCallNotifier: updateIncomingCall: foundIncomingcall = null: ICA.dC(cgad)@DAU
08-26 22:40:26.011  2012  3307 W ProcessStats: Tracking association SourceState{2b436b com.google.android.dialer/10132 BTop #32030} whose proc state 2 is better than process ProcessState{5863ab7 com.google.android.apps.tachyon/10163 pkg=com.google.android.apps.tachyon} proc state 14 (0 skipped)
08-26 22:40:26.087  2012  5444 I Telecom-InCallController: Components updated: [ComponentInfo{com.google.android.as/com.google.android.apps.miphone.aiai.captions.tulip.audiosource.impl.CIS}, ComponentInfo{com.google.android.dialer/com.android.incallui.InCallServiceImpl}, ComponentInfo{com.google.android.gms/com.google.android.gms.bankscamwarning.services.BankScamCallDetectionService}]; Sending updateCall [Call id=TC@11, state=DISCONNECTING, tpac=ComponentInfo{com.android.phone/com.android.services.telephony.TelephonyConnectionService}, 1, UserHandle{0}, cmgr=ComponentInfo{com.android.phone/com.android.services.telephony.TelephonyConnectionService}, 1, UserHandle{0}, handle=tel:**********, vidst=A, childs(0), has_parent(false), mtkcap=[ hld sup_hld mut VTrrx VTrtx VTrbi], mtkprop=[ HD wifi m_volte], cap=[ hld sup_hld mut VTrrx VTrtx VTrbi], prop=[ HD wifi]], voip=false: CSW.sCC(cap)@DAY
08-26 22:40:26.088  2012  5444 I Telecom : Event: RecordEntry TC@11: CAPABILITY_CHANGE, Current: [[ hld sup_hld mut VTrrx VTrtx VTrbi]], Removed [[ VTlrx VTltx VTlbi paus_VT]], Added [[]]: CSW.sCC(cap)@DAY
08-26 22:40:26.088  2012  3307 I Telecom-VideoProviderProxy: VP->IC (callId=TC@11): handleCallSessionEvent: UNKNOWN 1008
08-26 22:40:26.090  2012  5444 I Telecom-CallsManager: markCallAsDisconnected: call=[Call id=TC@11, state=DISCONNECTING, tpac=ComponentInfo{com.android.phone/com.android.services.telephony.TelephonyConnectionService}, 1, UserHandle{0}, cmgr=ComponentInfo{com.android.phone/com.android.services.telephony.TelephonyConnectionService}, 1, UserHandle{0}, handle=tel:**********, vidst=A, childs(0), has_parent(false), mtkcap=[ hld sup_hld mut VTrrx VTrtx VTrbi], mtkprop=[ HD wifi m_volte], cap=[ hld sup_hld mut VTrrx VTrtx VTrbi], prop=[ HD wifi]], voip=false; disconnectCause=DisconnectCause [ Code: (LOCAL) Label: () Description: () Reason: (LOCAL) Tone: (27)  TelephonyCause: 3/-1 ImsReasonInfo: ImsReasonInfo :: {504 : CODE_USER_DECLINE, 0, null}]: CSW.sDc(cap)@DAc
08-26 22:40:26.090  2012  5444 I Telecom-CallsManager: setCallState DISCONNECTING -> DISCONNECTED, call: [Call id=TC@11, state=DISCONNECTING, tpac=ComponentInfo{com.android.phone/com.android.services.telephony.TelephonyConnectionService}, 1, UserHandle{0}, cmgr=ComponentInfo{com.android.phone/com.android.services.telephony.TelephonyConnectionService}, 1, UserHandle{0}, handle=tel:**********, vidst=A, childs(0), has_parent(false), mtkcap=[ hld sup_hld mut VTrrx VTrtx VTrbi], mtkprop=[ HD wifi m_volte], cap=[ hld sup_hld mut VTrrx VTrtx VTrbi], prop=[ HD wifi]], voip=false: CSW.sDc(cap)@DAc
08-26 22:40:26.090  2012  5444 I Telecom : Event: RecordEntry TC@11: SET_DISCONNECTED, disconnected set explicitly> DisconnectCause [ Code: (LOCAL) Label: () Description: () Reason: (LOCAL) Tone: (27)  TelephonyCause: 3/-1 ImsReasonInfo: ImsReasonInfo :: {504 : CODE_USER_DECLINE, 0, null}]: CSW.sDc(cap)@DAc
08-26 22:40:26.091  2012  5444 W ActivityTaskManager: callingPackage for (uid=1000, pid=2012) is ambiguous: [android, com.android.providers.settings, com.android.server.telecom, com.android.location.fused, com.mediatek.location.lppe.main]
08-26 22:40:26.092  2012  5444 W OptProp : Cannot read opt property android.window.PROPERTY_COMPAT_ALLOW_ORIENTATION_OVERRIDE
08-26 22:40:26.094  2012  5444 W OptProp : Cannot read opt property android.window.PROPERTY_COMPAT_ALLOW_RESIZEABLE_ACTIVITY_OVERRIDES
08-26 22:40:26.095  2012  5444 W OptProp : Cannot read opt property android.window.PROPERTY_COMPAT_ALLOW_MIN_ASPECT_RATIO_OVERRIDE
08-26 22:40:26.110  2012  5444 I ActivityTaskManager: START u0 {act=android.telecom.action.POST_CALL flg=0x10000000 pkg=com.truecaller cmp=com.truecaller/.callerid.PostCallActivity (has extras)} with LAUNCH_MULTIPLE from uid 1000 pid 2012 (BAL_ALLOW_ALLOWLISTED_UID) result code=0
08-26 22:40:26.110  2012  5444 I Telecom-InCallController: onCallStateChanged: Call state changed for TC@TC@11: ACTIVE -> DISCONNECTED: CSW.sDc(cap)@DAc
08-26 22:40:26.117  2012  3307 W WindowManager: Changing focus from Window{b8c9682 u0 com.google.android.dialer/com.android.dialer.incall.activity.ui.InCallActivity} to null displayId=0 Callers=com.android.server.wm.RootWindowContainer.updateFocusedWindowLocked:496 com.android.server.wm.WindowManagerService.updateFocusedWindowLocked:6629 com.android.server.wm.ActivityTaskManagerService.setLastResumedActivityUncheckLocked:5133 com.android.server.wm.ActivityTaskSupervisor.updateTopResumedActivityIfNeeded:2390 
08-26 22:40:26.119  2012  5444 I Telecom-InCallController: Components updated: [ComponentInfo{com.google.android.as/com.google.android.apps.miphone.aiai.captions.tulip.audiosource.impl.CIS}, ComponentInfo{com.google.android.dialer/com.android.incallui.InCallServiceImpl}, ComponentInfo{com.google.android.gms/com.google.android.gms.bankscamwarning.services.BankScamCallDetectionService}]; Sending updateCall [Call id=TC@11, state=DISCONNECTED, tpac=ComponentInfo{com.android.phone/com.android.services.telephony.TelephonyConnectionService}, 1, UserHandle{0}, cmgr=ComponentInfo{com.android.phone/com.android.services.telephony.TelephonyConnectionService}, 1, UserHandle{0}, handle=tel:**********, vidst=A, childs(0), has_parent(false), mtkcap=[ hld sup_hld mut VTrrx VTrtx VTrbi], mtkprop=[ HD wifi m_volte], cap=[ hld sup_hld mut VTrrx VTrtx VTrbi], prop=[ HD wifi]], voip=false: CSW.sDc(cap)@DAc
08-26 22:40:26.120  2012  3578 I Telecom-ConnectionServiceFocusManager: updateCurrentFocusCall = null: CSW.sDc->CSFM.oCSS(cap)@DAc
08-26 22:40:26.123  2012  5444 I Telecom : TelecomWakeLock: WakeLock already released with id: 26: CSW.sDc(cap)@DAc
08-26 22:40:26.123  2012  5444 I Telecom : InCallWakeLockController: Releasing full wake lock: CSW.sDc(cap)@DAc
08-26 22:40:26.124  2012  5444 I Telecom-CallLogManager: onCallStateChanged [TC@11, tel:**********] isNewlyDisconnected:true, DisconnectCause [ Code: (LOCAL) Label: () Description: () Reason: (LOCAL) Tone: (27)  TelephonyCause: 3/-1 ImsReasonInfo: ImsReasonInfo :: {504 : CODE_USER_DECLINE, 0, null}], oldState:ACTIVE, newState:DISCONNECTED, isConference():false, isCallCanceled:false, hasParent:false, isExternalCall() false: CSW.sDc(cap)@DAc
08-26 22:40:26.124  2012  5444 I Telecom-CallLogManager: shouldLogDisconnectedCall !isSelfManaged() true shouldCallSelfManagedLogged true: CSW.sDc(cap)@DAc
08-26 22:40:26.125  2012  5444 W ContextImpl: Calling a method in the system process without a qualified user: android.app.ContextImpl.sendBroadcast:1264 android.content.ContextWrapper.sendBroadcast:511 com.android.server.telecom.CallLogManager.sendAddCallBroadcast:723 com.android.server.telecom.CallLogManager.logCall:525 com.android.server.telecom.CallLogManager.logCall:355 
08-26 22:40:26.125  2012  2012 E MBrainLocalService: notifyAppSwitch failed
08-26 22:40:26.148  2012  5444 I Telecom : Event: RecordEntry TC@11: LOG_CALL, number=**********,postDial=,pres=1: CSW.sDc(cap)@DAc
08-26 22:40:26.148  2012  5444 I Telecom-CallAudioManager: onCallStateChanged: Call state changed for TC@TC@11: ACTIVE -> DISCONNECTED: CSW.sDc(cap)@DAc
08-26 22:40:26.149  2012  5444 I Telecom-CallAudioManager: updateForegroundCall; oldFg=TC@11, newFg=none, aDC=, ring=, hold=: CSW.sDc(cap)@DAc
08-26 22:40:26.150  2012  3575 I Telecom-CallAudioRouteStateMachine: Message received: UPDATE_SYSTEM_AUDIO_ROUTE=1201, arg1=0: CSW.sDc->CARSM.pM_UPDATE_SYSTEM_AUDIO_ROUTE(cap)@DAc
08-26 22:40:26.150  2012  3575 I Telecom-CallAudioRouteStateMachine$ActiveEarpieceRoute: Processing message UPDATE_SYSTEM_AUDIO_ROUTE: CSW.sDc->CARSM.pM_UPDATE_SYSTEM_AUDIO_ROUTE(cap)@DAc
08-26 22:40:26.150  2012  3575 I Telecom-BluetoothRouteManager: getBluetoothAudioConnectedDevice: no service available.: CSW.sDc->CARSM.pM_UPDATE_SYSTEM_AUDIO_ROUTE(cap)@DAc
08-26 22:40:26.151  2012  5444 W Telecom-CallsManager: [getCallForVoiceRecord] no call is recording: CSW.sDc(cap)@DAc
08-26 22:40:26.153  2012  5444 I Telecom-CallAudioManager: setIsTonePlaying; isTonePlaying=true: CSW.sDc(cap)@DAc
08-26 22:40:26.155  2012  3576 I Telecom-CallAudioModeStateMachine: Message received: TONE_STARTED_PLAYING.: CSW.sDc->CAMSM.pM_3001(cap)@DAc
08-26 22:40:26.156  2012  5444 I Telecom-InCallController: onDisconnectedTonePlaying: [Call id=TC@11, state=DISCONNECTED, tpac=ComponentInfo{com.android.phone/com.android.services.telephony.TelephonyConnectionService}, 1, UserHandle{0}, cmgr=ComponentInfo{com.android.phone/com.android.services.telephony.TelephonyConnectionService}, 1, UserHandle{0}, handle=tel:**********, vidst=A, childs(0), has_parent(false), mtkcap=[ hld sup_hld mut VTrrx VTrtx VTrbi], mtkprop=[ HD wifi m_volte], cap=[ hld sup_hld mut VTrrx VTrtx VTrbi], prop=[ HD wifi]], voip=false -> true: CSW.sDc(cap)@DAc
08-26 22:40:26.157  2012  3576 I Telecom-CallAudioModeStateMachine: Message received: NO_MORE_ACTIVE_OR_DIALING_CALLS.: CSW.sDc->CAMSM.pM_1001(cap)@DAc
08-26 22:40:26.157  2012  3574 I Telecom-BluetoothRouteManager: AudioOff received message: GET_CURRENT_STATE.: CSW.sDc->ICTP.r->BRM.pM_400(cap)@DAc
08-26 22:40:26.157  2012  3576 I Telecom-CallAudioModeStateMachine: Audio focus entering TONE/HOLDING state: CSW.sDc->CAMSM.pM_1001(cap)@DAc
08-26 22:40:26.157  2012  5444 I Telecom : CallAnomalyWatchdog: onCallStateChanged: call=[Call id=TC@11, state=DISCONNECTED, tpac=ComponentInfo{com.android.phone/com.android.services.telephony.TelephonyConnectionService}, 1, UserHandle{0}, cmgr=ComponentInfo{com.android.phone/com.android.services.telephony.TelephonyConnectionService}, 1, UserHandle{0}, handle=tel:**********, vidst=A, childs(0), has_parent(false), mtkcap=[ hld sup_hld mut VTrrx VTrtx VTrbi], mtkprop=[ HD wifi m_volte], cap=[ hld sup_hld mut VTrrx VTrtx VTrbi], prop=[ HD wifi]], voip=false: CSW.sDc(cap)@DAc
08-26 22:40:26.157  2012  5444 I Telecom : CallAnomalyWatchdog: maybePostCleanupTask; callId=TC@11, state=DISCONNECTED, createConnComplete=true: CSW.sDc(cap)@DAc
08-26 22:40:26.158  2012  2012 E VibratorManagerService: onCallStateChanged, state=0
08-26 22:40:26.159  2012 13123 I Telecom-InCallTonePlayer: playMediaTone: toneResourceId=2131492865: CSW.sDc->ICTP.r(cap)@DAc
08-26 22:40:26.213  2012  2064 W ActivityManager: Slow operation: 51ms so far, now at startProcess: building log message
08-26 22:40:26.213  2012  2064 I ActivityManager: Start proc 13125:com.microsoft.teams/u0a279 for service {com.microsoft.teams/androidx.work.impl.background.systemjob.SystemJobService}
08-26 22:40:26.213  2012  2064 W ActivityManager: Slow operation: 51ms so far, now at startProcess: starting to update pids map
08-26 22:40:26.215  2012  2064 W ActivityManager: Slow operation: 52ms so far, now at startProcess: done updating pids map
08-26 22:40:26.225  2012  4980 W ForegroundServiceTypeLoggerModule: Logger should be tracking FGS types correctly for UID 10132 in package com.google.android.dialer
08-26 22:40:26.225  2012  4980 W ForegroundServiceTypeLoggerModule: Logger should be tracking FGS types correctly for UID 10132 in package com.google.android.dialer
08-26 22:40:26.279  2012  5444 I Telecom : PhoneStateBroadcaster: Broadcasted state change: 0: CSW.sDc(cap)@DAc
08-26 22:40:26.279  2012  5444 I Telecom : IncomingCallNotifier: updateIncomingCall: foundIncomingcall = null: CSW.sDc(cap)@DAc
08-26 22:40:26.279  2012  5444 I Telecom-CallsManager: markCallAsRemoved; callid=TC@11, immediate.: CSW.rC(cap)@DA0
08-26 22:40:26.280  2012  3575 I Telecom-CallAudioRouteStateMachine: setSystemAudioState: changing from [AudioState isMuted: false, route: EARPIECE, supportedRouteMask: EARPIECE, SPEAKER, activeBluetoothDevice: [], supportedBluetoothDevices: []] to [AudioState isMuted: false, route: EARPIECE, supportedRouteMask: EARPIECE, SPEAKER, activeBluetoothDevice: [], supportedBluetoothDevices: []]: CSW.sDc->CARSM.pM_UPDATE_SYSTEM_AUDIO_ROUTE(cap)@DAc
08-26 22:40:26.282  2012  3575 I Telecom : CallEndpointController: onCallAudioStateChanged, audioState: [AudioState isMuted: false, route: EARPIECE, supportedRouteMask: EARPIECE, SPEAKER, activeBluetoothDevice: [], supportedBluetoothDevices: []] -> [AudioState isMuted: false, route: EARPIECE, supportedRouteMask: EARPIECE, SPEAKER, activeBluetoothDevice: [], supportedBluetoothDevices: []]: CSW.sDc->CARSM.pM_UPDATE_SYSTEM_AUDIO_ROUTE(cap)@DAc
08-26 22:40:26.282  2012  3575 I Telecom-InCallController: Calling onAvailableCallEndpointsChanged: CSW.sDc->CARSM.pM_UPDATE_SYSTEM_AUDIO_ROUTE(cap)@DAc
08-26 22:40:26.284  2012  3575 I Telecom-InCallController: Calling onCallEndpointChanged: CSW.sDc->CARSM.pM_UPDATE_SYSTEM_AUDIO_ROUTE(cap)@DAc
08-26 22:40:26.287  3438  3438 I TelecomFramework: TelephonyConnectionService: onAvailableCallEndpointsChanged TC@11_1: (CSW.sDc->CARSM.pM_UPDATE_SYSTEM_AUDIO_ROUTE)->CS.oACEC->H.CS.cASC(cap/cast)@E-DAc
08-26 22:40:26.287  3438  3438 W TelecomFramework: TelephonyConnectionService: onAvailableCallEndpointsChanged - Cannot find conference TC@11_1: (CSW.sDc->CARSM.pM_UPDATE_SYSTEM_AUDIO_ROUTE)->CS.oACEC->H.CS.cASC(cap/cast)@E-DAc
08-26 22:40:26.288  2012  3575 I Telecom-InCallController: Calling onMuteStateChanged: CSW.sDc->CARSM.pM_UPDATE_SYSTEM_AUDIO_ROUTE(cap)@DAc
08-26 22:40:26.289  2012  3575 I Telecom-CallAudioRouteStateMachine: Message received: SWITCH_FOCUS=4001, arg1=2: CSW.sDc->CAMSM.pM_1001->CARSM.pM_SWITCH_FOCUS(cap)@DAc
08-26 22:40:26.289  2012  3575 I Telecom-CallAudioRouteStateMachine$ActiveEarpieceRoute: Processing message SWITCH_FOCUS: CSW.sDc->CAMSM.pM_1001->CARSM.pM_SWITCH_FOCUS(cap)@DAc
08-26 22:40:26.291  3438  3438 I TelecomFramework: TelephonyConnectionService: onCallEndpointChanged TC@11_1 [CallEndpoint Name: Earpiece, Type: EARPIECE, Identifier: a7510ba8-ec28-40ba-8915-09548f97ee04]: (CSW.sDc->CARSM.pM_UPDATE_SYSTEM_AUDIO_ROUTE)->CS.oCEC->H.CS.cASC(cap/cast)@E-DAc
08-26 22:40:26.291  3438  3438 W TelecomFramework: TelephonyConnectionService: onCallEndpointChanged - Cannot find conference TC@11_1: (CSW.sDc->CARSM.pM_UPDATE_SYSTEM_AUDIO_ROUTE)->CS.oCEC->H.CS.cASC(cap/cast)@E-DAc
08-26 22:40:26.294  2012  7829 I Telecom-PhoneAccountRegistrar: getSimCallManager: SimCallManager for subId 1 queried, returning: null: TSI.gPA(cast)@DAg
08-26 22:40:26.295  3438  3438 I TelecomFramework: TelephonyConnectionService: onMuteStateChanged TC@11_1 false: (CSW.sDc->CARSM.pM_UPDATE_SYSTEM_AUDIO_ROUTE)->CS.oMSC->H.CS.cASC(cap/cast)@E-DAc
