08-26 23:03:33.415  2012  5605 I Telecom-CallsManager: markCallAsDisconnected: call=[Call id=TC@12, state=DISCONNECTING, tpac=ComponentInfo{com.android.phone/com.android.services.telephony.TelephonyConnectionService}, 1, UserHandle{0}, cmgr=ComponentInfo{com.android.phone/com.android.services.telephony.TelephonyConnectionService}, 1, UserHandle{0}, handle=tel:*************, vidst=A, childs(0), has_parent(false), mtkcap=[ hld sup_hld mut spd_aud], mtkprop=[ wifi m_volte], cap=[ hld sup_hld mut spd_aud], prop=[ wifi]], voip=false; disconnectCause=DisconnectCause [ Code: (LOCAL) Label: () Description: () Reason: (LOCAL) Tone: (27)  TelephonyCause: 3/-1 ImsReasonInfo: ImsReasonInfo :: {504 : CODE_USER_DECLINE, 0, null}]: CSW.sDc(cap)@DJo
08-26 23:03:33.415  2012  5605 I Telecom-CallsManager: setCallState DISCONNECTING -> DISCONNECTED, call: [Call id=TC@12, state=DISCONNECTING, tpac=ComponentInfo{com.android.phone/com.android.services.telephony.TelephonyConnectionService}, 1, UserHandle{0}, cmgr=ComponentInfo{com.android.phone/com.android.services.telephony.TelephonyConnectionService}, 1, UserHandle{0}, handle=tel:*************, vidst=A, childs(0), has_parent(false), mtkcap=[ hld sup_hld mut spd_aud], mtkprop=[ wifi m_volte], cap=[ hld sup_hld mut spd_aud], prop=[ wifi]], voip=false: CSW.sDc(cap)@DJo
08-26 23:03:33.415  2012  5605 I Telecom : Event: RecordEntry TC@12: SET_DISCONNECTED, disconnected set explicitly> DisconnectCause [ Code: (LOCAL) Label: () Description: () Reason: (LOCAL) Tone: (27)  TelephonyCause: 3/-1 ImsReasonInfo: ImsReasonInfo :: {504 : CODE_USER_DECLINE, 0, null}]: CSW.sDc(cap)@DJo
08-26 23:03:33.417  2012  5605 W ActivityTaskManager: callingPackage for (uid=1000, pid=2012) is ambiguous: [android, com.android.providers.settings, com.android.server.telecom, com.android.location.fused, com.mediatek.location.lppe.main]
08-26 23:03:33.419  2012  5605 W OptProp : Cannot read opt property android.window.PROPERTY_COMPAT_ALLOW_ORIENTATION_OVERRIDE
08-26 23:03:33.419  2012  5605 W OptProp : Cannot read opt property android.window.PROPERTY_COMPAT_ALLOW_RESIZEABLE_ACTIVITY_OVERRIDES
08-26 23:03:33.420  2012  5605 W OptProp : Cannot read opt property android.window.PROPERTY_COMPAT_ALLOW_MIN_ASPECT_RATIO_OVERRIDE
08-26 23:03:33.434  2012  5605 I ActivityTaskManager: START u0 {act=android.telecom.action.POST_CALL flg=0x10000000 pkg=com.truecaller cmp=com.truecaller/.callerid.PostCallActivity (has extras)} with LAUNCH_MULTIPLE from uid 1000 pid 2012 (BAL_ALLOW_ALLOWLISTED_UID) result code=0
08-26 23:03:33.434  2012  5605 I Telecom-InCallController: onCallStateChanged: Call state changed for TC@TC@12: ACTIVE -> DISCONNECTED: CSW.sDc(cap)@DJo
08-26 23:03:33.442  2012  5605 I Telecom-InCallController: Components updated: [ComponentInfo{com.google.android.as/com.google.android.apps.miphone.aiai.captions.tulip.audiosource.impl.CIS}, ComponentInfo{com.google.android.dialer/com.android.incallui.InCallServiceImpl}, ComponentInfo{com.google.android.gms/com.google.android.gms.bankscamwarning.services.BankScamCallDetectionService}]; Sending updateCall [Call id=TC@12, state=DISCONNECTED, tpac=ComponentInfo{com.android.phone/com.android.services.telephony.TelephonyConnectionService}, 1, UserHandle{0}, cmgr=ComponentInfo{com.android.phone/com.android.services.telephony.TelephonyConnectionService}, 1, UserHandle{0}, handle=tel:*************, vidst=A, childs(0), has_parent(false), mtkcap=[ hld sup_hld mut spd_aud], mtkprop=[ wifi m_volte], cap=[ hld sup_hld mut spd_aud], prop=[ wifi]], voip=false: CSW.sDc(cap)@DJo
08-26 23:03:33.442  2012  5605 I Telecom : TelecomWakeLock: WakeLock already released with id: 26: CSW.sDc(cap)@DJo
08-26 23:03:33.442  2012  5605 I Telecom : InCallWakeLockController: Releasing full wake lock: CSW.sDc(cap)@DJo
08-26 23:03:33.442  2012  5605 I Telecom-CallLogManager: onCallStateChanged [TC@12, tel:*************] isNewlyDisconnected:true, DisconnectCause [ Code: (LOCAL) Label: () Description: () Reason: (LOCAL) Tone: (27)  TelephonyCause: 3/-1 ImsReasonInfo: ImsReasonInfo :: {504 : CODE_USER_DECLINE, 0, null}], oldState:ACTIVE, newState:DISCONNECTED, isConference():false, isCallCanceled:false, hasParent:false, isExternalCall() false: CSW.sDc(cap)@DJo
08-26 23:03:33.442  2012  5605 I Telecom-CallLogManager: shouldLogDisconnectedCall !isSelfManaged() true shouldCallSelfManagedLogged true: CSW.sDc(cap)@DJo
08-26 23:03:33.442  2012  3578 I Telecom-ConnectionServiceFocusManager: updateCurrentFocusCall = null: CSW.sDc->CSFM.oCSS(cap)@DJo
08-26 23:03:33.444  2012  5605 W ContextImpl: Calling a method in the system process without a qualified user: android.app.ContextImpl.sendBroadcast:1264 android.content.ContextWrapper.sendBroadcast:511 com.android.server.telecom.CallLogManager.sendAddCallBroadcast:723 com.android.server.telecom.CallLogManager.logCall:525 com.android.server.telecom.CallLogManager.logCall:355 
08-26 23:03:33.450  2012  5605 I Telecom : Event: RecordEntry TC@12: LOG_CALL, number=*************,postDial=,pres=1: CSW.sDc(cap)@DJo
08-26 23:03:33.450  2012  5605 I Telecom-CallAudioManager: onCallStateChanged: Call state changed for TC@TC@12: ACTIVE -> DISCONNECTED: CSW.sDc(cap)@DJo
08-26 23:03:33.450  2012  5605 I Telecom-CallAudioManager: updateForegroundCall; oldFg=TC@12, newFg=none, aDC=, ring=, hold=: CSW.sDc(cap)@DJo
08-26 23:03:33.450  2012  3575 I Telecom-CallAudioRouteStateMachine: Message received: UPDATE_SYSTEM_AUDIO_ROUTE=1201, arg1=0: CSW.sDc->CARSM.pM_UPDATE_SYSTEM_AUDIO_ROUTE(cap)@DJo
08-26 23:03:33.450  2012  3575 I Telecom-CallAudioRouteStateMachine$ActiveEarpieceRoute: Processing message UPDATE_SYSTEM_AUDIO_ROUTE: CSW.sDc->CARSM.pM_UPDATE_SYSTEM_AUDIO_ROUTE(cap)@DJo
08-26 23:03:33.451  2012  3575 I Telecom-BluetoothRouteManager: getBluetoothAudioConnectedDevice: no service available.: CSW.sDc->CARSM.pM_UPDATE_SYSTEM_AUDIO_ROUTE(cap)@DJo
08-26 23:03:33.451  2012  5605 W Telecom-CallsManager: [getCallForVoiceRecord] no call is recording: CSW.sDc(cap)@DJo
08-26 23:03:33.452  2012  5605 I Telecom-CallAudioManager: setIsTonePlaying; isTonePlaying=true: CSW.sDc(cap)@DJo
08-26 23:03:33.452  2012  3576 I Telecom-CallAudioModeStateMachine: Message received: TONE_STARTED_PLAYING.: CSW.sDc->CAMSM.pM_3001(cap)@DJo
08-26 23:03:33.453  2012  5605 I Telecom-InCallController: onDisconnectedTonePlaying: [Call id=TC@12, state=DISCONNECTED, tpac=ComponentInfo{com.android.phone/com.android.services.telephony.TelephonyConnectionService}, 1, UserHandle{0}, cmgr=ComponentInfo{com.android.phone/com.android.services.telephony.TelephonyConnectionService}, 1, UserHandle{0}, handle=tel:*************, vidst=A, childs(0), has_parent(false), mtkcap=[ hld sup_hld mut spd_aud], mtkprop=[ wifi m_volte], cap=[ hld sup_hld mut spd_aud], prop=[ wifi]], voip=false -> true: CSW.sDc(cap)@DJo
08-26 23:03:33.453  2012  5605 I Telecom : CallAnomalyWatchdog: onCallStateChanged: call=[Call id=TC@12, state=DISCONNECTED, tpac=ComponentInfo{com.android.phone/com.android.services.telephony.TelephonyConnectionService}, 1, UserHandle{0}, cmgr=ComponentInfo{com.android.phone/com.android.services.telephony.TelephonyConnectionService}, 1, UserHandle{0}, handle=tel:*************, vidst=A, childs(0), has_parent(false), mtkcap=[ hld sup_hld mut spd_aud], mtkprop=[ wifi m_volte], cap=[ hld sup_hld mut spd_aud], prop=[ wifi]], voip=false: CSW.sDc(cap)@DJo
08-26 23:03:33.453  2012  5605 I Telecom : CallAnomalyWatchdog: maybePostCleanupTask; callId=TC@12, state=DISCONNECTED, createConnComplete=true: CSW.sDc(cap)@DJo
08-26 23:03:33.453  2012  3576 I Telecom-CallAudioModeStateMachine: Message received: NO_MORE_ACTIVE_OR_DIALING_CALLS.: CSW.sDc->CAMSM.pM_1001(cap)@DJo
08-26 23:03:33.453  2012  3576 I Telecom-CallAudioModeStateMachine: Audio focus entering TONE/HOLDING state: CSW.sDc->CAMSM.pM_1001(cap)@DJo
08-26 23:03:33.453  2012  2012 E VibratorManagerService: onCallStateChanged, state=0
08-26 23:03:33.454  2012  3468 W WindowManager: Changing focus from Window{f267af6 u0 com.google.android.dialer/com.android.dialer.incall.activity.ui.InCallActivity} to null displayId=0 Callers=com.android.server.wm.RootWindowContainer.updateFocusedWindowLocked:496 com.android.server.wm.WindowManagerService.updateFocusedWindowLocked:6629 com.android.server.wm.ActivityTaskManagerService.setLastResumedActivityUncheckLocked:5133 com.android.server.wm.ActivityTaskSupervisor.updateTopResumedActivityIfNeeded:2390 
08-26 23:03:33.457  2012  3574 I Telecom-BluetoothRouteManager: AudioOff received message: GET_CURRENT_STATE.: CSW.sDc->ICTP.r->BRM.pM_400(cap)@DJo
08-26 23:03:33.457  2012 13715 I Telecom-InCallTonePlayer: playMediaTone: toneResourceId=2131492865: CSW.sDc->ICTP.r(cap)@DJo
08-26 23:03:33.463  2012  5605 I Telecom : PhoneStateBroadcaster: Broadcasted state change: 0: CSW.sDc(cap)@DJo
08-26 23:03:33.463  2012  5605 I Telecom : IncomingCallNotifier: updateIncomingCall: foundIncomingcall = null: CSW.sDc(cap)@DJo
08-26 23:03:33.463  2012  2012 E MBrainLocalService: notifyAppSwitch failed
08-26 23:03:33.463  2012  5605 I Telecom-CallsManager: markCallAsRemoved; callid=TC@12, immediate.: CSW.rC(cap)@DJ4
08-26 23:03:33.463  2012  4571 I Telecom-VideoProviderProxy: VP->IC (callId=TC@12): handleCallSessionEvent: UNKNOWN 1008
08-26 23:03:33.464  2012  4567 I Telecom : Event: RecordEntry TC@12: REQUEST_DISCONNECT, internal: ICA.dC(cgad)@DJk
08-26 23:03:33.464  2012  4567 I Telecom-InCallController: onCallStateChanged: Call state changed for TC@TC@12: DISCONNECTED -> DISCONNECTED: ICA.dC(cgad)@DJk
08-26 23:03:33.465  2012  3578 I Telecom-ConnectionServiceFocusManager: updateCurrentFocusCall = null: ICA.dC->CSFM.oCSS(cgad)@DJk
08-26 23:03:33.475  2012  4567 I Telecom-InCallController: Components updated: [ComponentInfo{com.google.android.as/com.google.android.apps.miphone.aiai.captions.tulip.audiosource.impl.CIS}, ComponentInfo{com.google.android.dialer/com.android.incallui.InCallServiceImpl}, ComponentInfo{com.google.android.gms/com.google.android.gms.bankscamwarning.services.BankScamCallDetectionService}]; Sending updateCall [Call id=TC@12, state=DISCONNECTED, tpac=ComponentInfo{com.android.phone/com.android.services.telephony.TelephonyConnectionService}, 1, UserHandle{0}, cmgr=ComponentInfo{com.android.phone/com.android.services.telephony.TelephonyConnectionService}, 1, UserHandle{0}, handle=tel:*************, vidst=A, childs(0), has_parent(false), mtkcap=[ hld sup_hld mut spd_aud], mtkprop=[ wifi m_volte], cap=[ hld sup_hld mut spd_aud], prop=[ wifi]], voip=false: ICA.dC(cgad)@DJk
08-26 23:03:33.475  2012  4567 I Telecom : TelecomWakeLock: WakeLock already released with id: 26: ICA.dC(cgad)@DJk
08-26 23:03:33.476  2012  4567 I Telecom : InCallWakeLockController: Releasing full wake lock: ICA.dC(cgad)@DJk
08-26 23:03:33.476  2012  4567 I Telecom-CallLogManager: onCallStateChanged [TC@12, tel:*************] isNewlyDisconnected:true, DisconnectCause [ Code: (LOCAL) Label: () Description: () Reason: (LOCAL) Tone: (27)  TelephonyCause: 3/-1 ImsReasonInfo: ImsReasonInfo :: {504 : CODE_USER_DECLINE, 0, null}], oldState:DISCONNECTED, newState:DISCONNECTED, isConference():false, isCallCanceled:false, hasParent:false, isExternalCall() false: ICA.dC(cgad)@DJk
08-26 23:03:33.476  2012  4567 I Telecom-CallLogManager: shouldLogDisconnectedCall !isSelfManaged() true shouldCallSelfManagedLogged true: ICA.dC(cgad)@DJk
08-26 23:03:33.478  2012  4567 W ContextImpl: Calling a method in the system process without a qualified user: android.app.ContextImpl.sendBroadcast:1264 android.content.ContextWrapper.sendBroadcast:511 com.android.server.telecom.CallLogManager.sendAddCallBroadcast:723 com.android.server.telecom.CallLogManager.logCall:525 com.android.server.telecom.CallLogManager.logCall:355 
08-26 23:03:33.482  2012  4567 I Telecom : Event: RecordEntry TC@12: LOG_CALL, number=*************,postDial=,pres=1: ICA.dC(cgad)@DJk
08-26 23:03:33.482  2012  4567 I Telecom : CallAnomalyWatchdog: onCallStateChanged: call=[Call id=TC@12, state=DISCONNECTED, tpac=ComponentInfo{com.android.phone/com.android.services.telephony.TelephonyConnectionService}, 1, UserHandle{0}, cmgr=ComponentInfo{com.android.phone/com.android.services.telephony.TelephonyConnectionService}, 1, UserHandle{0}, handle=tel:*************, vidst=A, childs(0), has_parent(false), mtkcap=[ hld sup_hld mut spd_aud], mtkprop=[ wifi m_volte], cap=[ hld sup_hld mut spd_aud], prop=[ wifi]], voip=false: ICA.dC(cgad)@DJk
08-26 23:03:33.482  2012  4567 I Telecom : IncomingCallNotifier: updateIncomingCall: foundIncomingcall = null: ICA.dC(cgad)@DJk
08-26 23:03:33.483  2012  3575 I Telecom-CallAudioRouteStateMachine: setSystemAudioState: changing from [AudioState isMuted: false, route: EARPIECE, supportedRouteMask: EARPIECE, SPEAKER, activeBluetoothDevice: [], supportedBluetoothDevices: []] to [AudioState isMuted: false, route: EARPIECE, supportedRouteMask: EARPIECE, SPEAKER, activeBluetoothDevice: [], supportedBluetoothDevices: []]: CSW.sDc->CARSM.pM_UPDATE_SYSTEM_AUDIO_ROUTE(cap)@DJo
08-26 23:03:33.484  2012  3575 I Telecom : CallEndpointController: onCallAudioStateChanged, audioState: [AudioState isMuted: false, route: EARPIECE, supportedRouteMask: EARPIECE, SPEAKER, activeBluetoothDevice: [], supportedBluetoothDevices: []] -> [AudioState isMuted: false, route: EARPIECE, supportedRouteMask: EARPIECE, SPEAKER, activeBluetoothDevice: [], supportedBluetoothDevices: []]: CSW.sDc->CARSM.pM_UPDATE_SYSTEM_AUDIO_ROUTE(cap)@DJo
08-26 23:03:33.484  2012  3575 I Telecom-InCallController: Calling onAvailableCallEndpointsChanged: CSW.sDc->CARSM.pM_UPDATE_SYSTEM_AUDIO_ROUTE(cap)@DJo
08-26 23:03:33.484  2012  3575 I Telecom-InCallController: Calling onCallEndpointChanged: CSW.sDc->CARSM.pM_UPDATE_SYSTEM_AUDIO_ROUTE(cap)@DJo
08-26 23:03:33.485  2012  3575 I Telecom-InCallController: Calling onMuteStateChanged: CSW.sDc->CARSM.pM_UPDATE_SYSTEM_AUDIO_ROUTE(cap)@DJo
08-26 23:03:33.486  2012  3575 I Telecom-CallAudioRouteStateMachine: Message received: SWITCH_FOCUS=4001, arg1=2: CSW.sDc->CAMSM.pM_1001->CARSM.pM_SWITCH_FOCUS(cap)@DJo
08-26 23:03:33.486  2012  3575 I Telecom-CallAudioRouteStateMachine$ActiveEarpieceRoute: Processing message SWITCH_FOCUS: CSW.sDc->CAMSM.pM_1001->CARSM.pM_SWITCH_FOCUS(cap)@DJo
08-26 23:03:33.486  2012  2012 I Telecom-ConnectionServiceWrapper: Service unbound ComponentInfo{com.android.phone/com.android.services.telephony.TelephonyConnectionService}, from unbind.: CSW.rC->CM.pR(cap)@DJ4
08-26 23:03:33.486  3438  3438 I TelecomFramework: TelephonyConnectionService: onAvailableCallEndpointsChanged TC@12_1: (CSW.sDc->CARSM.pM_UPDATE_SYSTEM_AUDIO_ROUTE)->CS.oACEC->H.CS.cASC(cap/cast)@E-DJo
08-26 23:03:33.486  3438  3438 W TelecomFramework: TelephonyConnectionService: onAvailableCallEndpointsChanged - Cannot find conference TC@12_1: (CSW.sDc->CARSM.pM_UPDATE_SYSTEM_AUDIO_ROUTE)->CS.oACEC->H.CS.cASC(cap/cast)@E-DJo
08-26 23:03:33.487  3438  3438 I TelecomFramework: TelephonyConnectionService: onCallEndpointChanged TC@12_1 [CallEndpoint Name: Earpiece, Type: EARPIECE, Identifier: a7510ba8-ec28-40ba-8915-09548f97ee04]: (CSW.sDc->CARSM.pM_UPDATE_SYSTEM_AUDIO_ROUTE)->CS.oCEC->H.CS.cASC(cap/cast)@E-DJo
08-26 23:03:33.487  3438  3438 W TelecomFramework: TelephonyConnectionService: onCallEndpointChanged - Cannot find conference TC@12_1: (CSW.sDc->CARSM.pM_UPDATE_SYSTEM_AUDIO_ROUTE)->CS.oCEC->H.CS.cASC(cap/cast)@E-DJo
08-26 23:03:33.487  3438  3438 I TelecomFramework: TelephonyConnectionService: onMuteStateChanged TC@12_1 false: (CSW.sDc->CARSM.pM_UPDATE_SYSTEM_AUDIO_ROUTE)->CS.oMSC->H.CS.cASC(cap/cast)@E-DJo
08-26 23:03:33.487  3438  3438 W TelecomFramework: TelephonyConnectionService: onMuteStateChanged - Cannot find conference TC@12_1: (CSW.sDc->CARSM.pM_UPDATE_SYSTEM_AUDIO_ROUTE)->CS.oMSC->H.CS.cASC(cap/cast)@E-DJo
08-26 23:03:33.488  3438  3438 I TelecomFramework: TelephonyConnectionService: onAudioStateChanged TC@12_1 [AudioState isMuted: false, route: EARPIECE, supportedRouteMask: EARPIECE, SPEAKER, activeBluetoothDevice: [null], supportedBluetoothDevices: []]: (CSW.sDc->CARSM.pM_UPDATE_SYSTEM_AUDIO_ROUTE)->CS.cASC->H.CS.cASC(cap/cast)@E-DJo
08-26 23:03:33.488  3438  3438 W TelecomFramework: TelephonyConnectionService: onCallAudioStateChanged - Cannot find conference TC@12_1: (CSW.sDc->CARSM.pM_UPDATE_SYSTEM_AUDIO_ROUTE)->CS.cASC->H.CS.cASC(cap/cast)@E-DJo
08-26 23:03:33.489  2012  2012 I Telecom-CallsManager: handleConnectionServiceDeath: service [ConnectionServiceWrapper componentName=ComponentInfo{com.android.phone/com.android.services.telephony.TelephonyConnectionService}] died: CSW.rC->CM.pR(cap)@DJ4
08-26 23:03:33.489  2012  2012 I Telecom : Event: RecordEntry TC@12: DESTROYED, null: CSW.rC->CM.pR(cap)@DJ4
08-26 23:03:33.489  2012  2012 I Telecom-InCallController: onCallRemoved: [Call id=TC@12, state=DISCONNECTED, tpac=ComponentInfo{com.android.phone/com.android.services.telephony.TelephonyConnectionService}, 1, UserHandle{0}, cmgr=ComponentInfo{com.android.phone/com.android.services.telephony.TelephonyConnectionService}, 1, UserHandle{0}, handle=tel:*************, vidst=A, childs(0), has_parent(false), mtkcap=[ hld sup_hld mut spd_aud], mtkprop=[ wifi m_volte], cap=[ hld sup_hld mut spd_aud], prop=[ wifi]], voip=false: CSW.rC->CM.pR(cap)@DJ4
08-26 23:03:33.490  2012  2012 I Telecom-InCallController: onSetCamera callId=TC@12, cameraId=null: CSW.rC->CM.pR(cap)@DJ4
08-26 23:03:33.490  2012  2012 I Telecom : TelecomWakeLock: WakeLock already released with id: 26: CSW.rC->CM.pR(cap)@DJ4
08-26 23:03:33.490  2012  2012 I Telecom : InCallWakeLockController: Releasing full wake lock: CSW.rC->CM.pR(cap)@DJ4
08-26 23:03:33.490  2012  2012 W Telecom : CallDiagnosticServiceController: maybeUnbindCallScreeningService - already unbound: CSW.rC->CM.pR(cap)@DJ4
08-26 23:03:33.490  2012  2012 I Telecom-CallAudioManager: updateForegroundCall; oldFg=none, newFg=none, aDC=, ring=, hold=: CSW.rC->CM.pR(cap)@DJ4
08-26 23:03:33.490  2012  2012 I Telecom : ProximitySensorManager: All calls removed, resetting proximity sensor to default state: CSW.rC->CM.pR(cap)@DJ4
08-26 23:03:33.491  2012  2012 I Telecom : TelecomWakeLock: WakeLock already released with id: 32: CSW.rC->CM.pR(cap)@DJ4
08-26 23:03:33.492  2012  3578 I Telecom-ConnectionServiceFocusManager: updateConnectionServiceFocus connSvr = null: CSW.rC->CM.pR->CSFM.oCSD(cap)@DJ4
08-26 23:03:33.492  2012  3578 I Telecom-ConnectionServiceFocusManager: updateConnectionServiceFocus connSvr = null: CSW.rC->CM.pR->CSFM.oCSD(cap)@DJ4
08-26 23:03:33.492  2012  3578 I Telecom-ConnectionServiceFocusManager: updateCurrentFocusCall: mCurrentFocus is null: CSW.rC->CM.pR->CSFM.oCSD(cap)@DJ4
08-26 23:03:33.495  2012  2050 I ActivityManager: Killing 10076:org.telegram.messenger/u0a252 (adj 985): empty #33
08-26 23:03:33.496  2012  2012 I Telecom : CallAnomalyWatchdog: onCallRemoved: call=[Call id=TC@12, state=DISCONNECTED, tpac=ComponentInfo{com.android.phone/com.android.services.telephony.TelephonyConnectionService}, 1, UserHandle{0}, cmgr=ComponentInfo{com.android.phone/com.android.services.telephony.TelephonyConnectionService}, 1, UserHandle{0}, handle=tel:*************, vidst=A, childs(0), has_parent(false), mtkcap=[ hld sup_hld mut spd_aud], mtkprop=[ wifi m_volte], cap=[ hld sup_hld mut spd_aud], prop=[ wifi]], voip=false: CSW.rC->CM.pR(cap)@DJ4
08-26 23:03:33.496  2012  2012 I Telecom : IncomingCallNotifier: updateIncomingCall: foundIncomingcall = null: CSW.rC->CM.pR(cap)@DJ4
08-26 23:03:33.496  2012  2050 I ActivityManager: Killing 10010:com.ge.capital.konysbiapp/u0a295 (adj 985): empty #34
08-26 23:03:33.497  2012  2012 E MBrainLocalService: notifyAppSwitch failed
08-26 23:03:33.503  2012  7829 I Telecom-PhoneAccountRegistrar: getSimCallManager: SimCallManager for subId 1 queried, returning: null: TSI.gPA(cast)@DJs
08-26 23:03:33.534  2012  2050 W ProcessStats: Tracking association SourceState{37d50bd system/1000 ImpFg #32631} whose proc state 5 is better than process ProcessState{ed9e17c com.google.android.tts/10164 pkg=com.google.android.tts} proc state 14 (16 skipped)
08-26 23:03:33.537  2012  5605 W UserManagerService: Requested status bar icon for non-badged user 0
08-26 23:03:33.541  2012  3339 W ForegroundServiceTypeLoggerModule: Logger should be tracking FGS types correctly for UID 10132 in package com.google.android.dialer
08-26 23:03:33.541  2012  3339 W ForegroundServiceTypeLoggerModule: Logger should be tracking FGS types correctly for UID 10132 in package com.google.android.dialer
08-26 23:03:33.547  2012  4980 W WindowManager: Changing focus from null to Window{bbc2706 u0 NotificationShade} displayId=0 Callers=com.android.server.wm.RootWindowContainer.updateFocusedWindowLocked:496 com.android.server.wm.WindowManagerService.updateFocusedWindowLocked:6629 com.android.server.wm.WindowManagerService.relayoutWindowInner:2708 com.android.server.wm.WindowManagerService.relayoutWindow:2378 
08-26 23:03:33.552  2012  4980 I WindowManager: Relayout Window{bbc2706 u0 NotificationShade}: oldVis=4 newVis=0 focusMayChange = true requestedWidth = 1084 requestedHeight = 2412 outFrames = ClientWindowFrames{frame=[0,0][1084,2412] display=[0,0][1084,2412] parentFrame=[0,0][0,0]} outSurfaceControl = Surface(name=NotificationShade)/@0x2d4bf19
08-26 23:03:33.555  2012  4888 W UserManagerService: Requested status bar icon for non-badged user 0
08-26 23:03:33.603  3260  3260 I EmergencyButton: mLocateAtNonSecureView = false
08-26 23:03:33.603  3260  3260 I EmergencyButton: show = truevisible= true, antiTheftLocked=false, mEmergencyButtonExt.showEccInNonSecureUnlock() =false, eccShouldShow=true
08-26 23:03:33.673  2012  7829 I Telecom-CallLogManager: LogCall; logged callId=TC@12, uri=content://0@call_log/calls/10104
08-26 23:03:33.708  2012 13734 I Telecom-PhoneAccountRegistrar: getSimCallManager: SimCallManager for subId 1 queried, returning: null: TSI.gPA(cast)@DKQ
08-26 23:03:33.713  2012  2063 W ActivityManager: ProcessRecord{7051a4b 10010:com.ge.capital.konysbiapp/u0a295} is attached to a previous process
08-26 23:03:33.717  2012  2063 W ActivityManager: Existing proc ProcessRecord{7051a4b 10010:com.ge.capital.konysbiapp/u0a295} was killed 219ms ago when adding ProcessRecord{3d682bb 0:com.ge.capital.konysbiapp/u0a295}
08-26 23:03:33.749  2012  5605 E TransitionController: Set visible without transition ActivityRecord{3649541 u0 com.google.android.dialer/com.android.dialer.incall.activity.ui.InCallActivity t3371} playing=true caller=com.android.server.wm.TaskFragment.resumeTopActivity:1670 
08-26 23:03:33.752  2012  2012 E MBrainLocalService: notifyAppSwitch failed
08-26 23:03:33.807  2012  4542 I WindowManager: Relayout Window{361ac95 u0 UdfpsControllerOverlay}: oldVis=4 newVis=0 focusMayChange = true requestedWidth = 400 requestedHeight = 400 outFrames = ClientWindowFrames{frame=[342,1972][742,2372] display=[0,0][1084,2412] parentFrame=[0,0][0,0]} outSurfaceControl = Surface(name=UdfpsControllerOverlay)/@0x1a1d11c
08-26 23:03:33.814  3260  3260 I EmergencyButton: mLocateAtNonSecureView = false
08-26 23:03:33.814  3260  3260 I EmergencyButton: show = truevisible= true, antiTheftLocked=false, mEmergencyButtonExt.showEccInNonSecureUnlock() =false, eccShouldShow=true
08-26 23:03:33.815  2012  2064 W ActivityManager: Slow operation: 98ms so far, now at startProcess: asking zygote to start proc
08-26 23:03:33.851  2012  3339 E TransitionController: DisplayArea became visible outside of a transition: DefaultTaskDisplayArea@145174240
08-26 23:03:33.855  2012  2064 W ActivityManager: Slow operation: 138ms so far, now at startProcess: returned from zygote!
08-26 23:03:33.866  2012  2064 W ActivityManager: Slow operation: 148ms so far, now at startProcess: done updating battery stats
08-26 23:03:33.867  2012  2064 W ActivityManager: Slow operation: 149ms so far, now at startProcess: building log message
08-26 23:03:33.867  2012  2064 I ActivityManager: Start proc 13738:com.ge.capital.konysbiapp/u0a295 for broadcast {com.ge.capital.konysbiapp/com.comviva.konyffi.CallReceiver}
08-26 23:03:33.867  2012  2064 W ActivityManager: Slow operation: 149ms so far, now at startProcess: starting to update pids map
08-26 23:03:33.881  2012  2064 W ActivityManager: Slow operation: 163ms so far, now at startProcess: done updating pids map
08-26 23:03:33.882  2012  3339 W UserManagerService: Requested status bar icon for non-badged user 0
08-26 23:03:33.909  2012  2012 E MBrainLocalService: notifyAppSwitch failed
08-26 23:03:33.916  2012  3649 W UserManagerService: Requested status bar icon for non-badged user 0
08-26 23:03:33.964  2012  6013 W ActivityManager: Slow operation: 74ms so far, now at attachApplicationLocked: immediately before bindApplication
08-26 23:03:33.965  2012  6013 W ActivityManager: Slow operation: 76ms so far, now at attachApplicationLocked: immediately after bindApplication
08-26 23:03:33.965  2012  6013 W ActivityManager: Slow operation: 76ms so far, now at attachApplicationLocked: after updateLruProcessLocked
08-26 23:03:33.976  2012  3649 W UserManagerService: Requested status bar icon for non-badged user 0
08-26 23:03:33.982  2012  6013 W ActivityManager: Slow operation: 92ms so far, now at attachApplicationLocked: after updateOomAdjLocked
08-26 23:03:34.033  2012  3468 W UserManagerService: Requested status bar icon for non-badged user 0
08-26 23:03:34.038  2012  2012 W AutofillInlineSuggestionsRequestSession: Never received an InlineSuggestionsRequest from the IME for 1073742277@422255864
08-26 23:03:34.048  2012  5605 I WindowManager: Relayout Window{b6c4ea8 u0 com.google.android.dialer/com.google.android.dialer.extensions.GoogleDialtactsActivity}: oldVis=8 newVis=0 focusMayChange = true requestedWidth = 1084 requestedHeight = 2412 outFrames = ClientWindowFrames{frame=[0,0][1084,2412] display=[0,0][1084,2412] parentFrame=[0,0][0,0]} outSurfaceControl = Surface(name=com.google.android.dialer/com.google.android.dialer.extensions.GoogleDialtactsActivity)/@0xcc2419d
08-26 23:03:34.051  2012  4888 W ForegroundServiceTypeLoggerModule: Logger should be tracking FGS types correctly for UID 10235 in package com.truecaller
08-26 23:03:34.051  2012  5444 W WindowManager: Changing focus from Window{bbc2706 u0 NotificationShade} to null displayId=0 Callers=com.android.server.wm.RootWindowContainer.updateFocusedWindowLocked:496 com.android.server.wm.WindowManagerService.updateFocusedWindowLocked:6629 com.android.server.wm.WindowManagerService.relayoutWindowInner:2708 com.android.server.wm.WindowManagerService.relayoutWindow:2378 
08-26 23:03:34.077  2012  4920 W UserManagerService: Requested status bar icon for non-badged user 0
08-26 23:03:34.101  2012  3649 W UserManagerService: Requested status bar icon for non-badged user 0
08-26 23:03:34.143  2012 13734 I Telecom-CallLogManager: LogCall; logged callId=TC@12, uri=content://0@call_log/calls/10105
08-26 23:03:34.157  2012  3125 W NetworkPolicy: shared quota unsupported; generating rule for each iface
08-26 23:03:34.173  2012  3125 W NetworkPolicy: shared quota unsupported; generating rule for each iface
08-26 23:03:34.212  2012  6013 W UserManagerService: Requested status bar icon for non-badged user 0
08-26 23:03:34.244  2012  4530 W WindowManager: Changing focus from null to Window{bbc2706 u0 NotificationShade} displayId=0 Callers=com.android.server.wm.RootWindowContainer.updateFocusedWindowLocked:496 com.android.server.wm.WindowManagerService.updateFocusedWindowLocked:6629 com.android.server.wm.WindowManagerService.relayoutWindowInner:2708 com.android.server.wm.WindowManagerService.relayoutWindow:2378 
08-26 23:03:34.249  2012  4530 I WindowManager: Relayout Window{bbc2706 u0 NotificationShade}: oldVis=4 newVis=0 focusMayChange = true requestedWidth = 1084 requestedHeight = 2412 outFrames = ClientWindowFrames{frame=[0,0][1084,2412] display=[0,0][1084,2412] parentFrame=[0,0][0,0]} outSurfaceControl = Surface(name=NotificationShade)/@0x157b704
08-26 23:03:34.252  2012  4507 W ContextImpl: Calling a method in the system process without a qualified user: android.app.ContextImpl.sendBroadcastMultiplePermissions:1299 android.content.Context.sendBroadcastMultiplePermissions:2522 com.android.server.TelephonyRegistry.broadcastServiceStateChanged:3701 com.android.server.TelephonyRegistry.notifyServiceStateForPhoneId:1763 com.android.internal.telephony.ITelephonyRegistry$Stub.onTransact:546 
08-26 23:03:34.255  2012  4507 W ContextImpl: Calling a method in the system process without a qualified user: android.app.ContextImpl.sendBroadcastMultiplePermissions:1332 com.android.server.TelephonyRegistry.broadcastServiceStateChanged:3706 com.android.server.TelephonyRegistry.notifyServiceStateForPhoneId:1763 com.android.internal.telephony.ITelephonyRegistry$Stub.onTransact:546 android.os.Binder.execTransactInternal:1512 
08-26 23:03:34.264  2012  4507 W ContextImpl: Calling a method in the system process without a qualified user: android.app.ContextImpl.sendBroadcastMultiplePermissions:1332 com.android.server.TelephonyRegistry.broadcastServiceStateChanged:3715 com.android.server.TelephonyRegistry.notifyServiceStateForPhoneId:1763 com.android.internal.telephony.ITelephonyRegistry$Stub.onTransact:546 android.os.Binder.execTransactInternal:1512 
08-26 23:03:34.267  2012  4507 W ContextImpl: Calling a method in the system process without a qualified user: android.app.ContextImpl.sendBroadcastMultiplePermissions:1332 com.android.server.TelephonyRegistry.broadcastServiceStateChanged:3721 com.android.server.TelephonyRegistry.notifyServiceStateForPhoneId:1763 com.android.internal.telephony.ITelephonyRegistry$Stub.onTransact:546 android.os.Binder.execTransactInternal:1512 
08-26 23:03:34.289  2012  2012 I NotificationService: Cannot find enqueued record for key: 0|com.truecaller|2131362718|null|10235
08-26 23:03:34.440  2012  4507 W ContextImpl: Calling a method in the system process without a qualified user: android.app.ContextImpl.sendBroadcastMultiplePermissions:1299 android.content.Context.sendBroadcastMultiplePermissions:2522 com.android.server.TelephonyRegistry.broadcastServiceStateChanged:3701 com.android.server.TelephonyRegistry.notifyServiceStateForPhoneId:1763 com.android.internal.telephony.ITelephonyRegistry$Stub.onTransact:546 
08-26 23:03:34.442  2012  4526 I WindowManager: Relayout Window{361ac95 u0 UdfpsControllerOverlay}: oldVis=4 newVis=0 focusMayChange = true requestedWidth = 400 requestedHeight = 400 outFrames = ClientWindowFrames{frame=[342,1972][742,2372] display=[0,0][1084,2412] parentFrame=[0,0][0,0]} outSurfaceControl = Surface(name=UdfpsControllerOverlay)/@0xacca3a6
08-26 23:03:34.443  2012  4507 W ContextImpl: Calling a method in the system process without a qualified user: android.app.ContextImpl.sendBroadcastMultiplePermissions:1332 com.android.server.TelephonyRegistry.broadcastServiceStateChanged:3706 com.android.server.TelephonyRegistry.notifyServiceStateForPhoneId:1763 com.android.internal.telephony.ITelephonyRegistry$Stub.onTransact:546 android.os.Binder.execTransactInternal:1512 
08-26 23:03:34.445  2012  4507 W ContextImpl: Calling a method in the system process without a qualified user: android.app.ContextImpl.sendBroadcastMultiplePermissions:1332 com.android.server.TelephonyRegistry.broadcastServiceStateChanged:3715 com.android.server.TelephonyRegistry.notifyServiceStateForPhoneId:1763 com.android.internal.telephony.ITelephonyRegistry$Stub.onTransact:546 android.os.Binder.execTransactInternal:1512 
08-26 23:03:34.448  2012  4507 W ContextImpl: Calling a method in the system process without a qualified user: android.app.ContextImpl.sendBroadcastMultiplePermissions:1332 com.android.server.TelephonyRegistry.broadcastServiceStateChanged:3721 com.android.server.TelephonyRegistry.notifyServiceStateForPhoneId:1763 com.android.internal.telephony.ITelephonyRegistry$Stub.onTransact:546 android.os.Binder.execTransactInternal:1512 
08-26 23:03:34.462  2012  2048 I PowerGroup: Powering off display group due to power_button (groupId= 0, uid= 1000, millisSinceLastUserActivity=835, lastUserActivityEvent=touch)...
08-26 23:03:34.462  2012  2048 I PowerManagerService: Going to sleep due to power_button (uid 1000, screenOffTimeout=120000, activityTimeoutWM=10000, maxDimRatio=0.20000005, maxDimDur=7000)...
08-26 23:03:34.466  2012  2084 I DreamManagerService: Entering dreamland.
08-26 23:03:34.467  2012  2084 I PowerManagerService: Dozing...
08-26 23:03:34.475  2012  2047 I DreamController: Starting dream: name=ComponentInfo{com.android.systemui/com.android.systemui.doze.DozeService}, isPreviewMode=false, canDoze=true, userId=0, reason='power manager request'
08-26 23:03:34.482  2012  2012 I Telecom-InCallTonePlayer: playMediaTone: toneResourceId=2131492865 completed.
08-26 23:03:34.484  2012 13715 I Telecom-InCallTonePlayer: playMediaTone: tone playback stopped.: CSW.sDc->ICTP.r(cap)@DJo
08-26 23:03:34.518  2012  2012 I Telecom-InCallTonePlayer: cleanUpTonePlayer(): tonesPlaying=0, tone completed: CSW.sDc->ICTP.r->ICTP.cUTP(cap)@DJo
08-26 23:03:34.518  2012  2012 I Telecom-CallAudioManager: setIsTonePlaying; isTonePlaying=false: CSW.sDc->ICTP.r->ICTP.cUTP(cap)@DJo
08-26 23:03:34.518  2012  2012 I Telecom-InCallController: onDisconnectedTonePlaying: [Call id=TC@12, state=DISCONNECTED, tpac=ComponentInfo{com.android.phone/com.android.services.telephony.TelephonyConnectionService}, 1, UserHandle{0}, cmgr=ComponentInfo{com.android.phone/com.android.services.telephony.TelephonyConnectionService}, 1, UserHandle{0}, handle=tel:*************, vidst=A, childs(0), has_parent(false), mtkcap=[ hld sup_hld mut spd_aud], mtkprop=[ wifi m_volte], cap=[ hld sup_hld mut spd_aud], prop=[ wifi]], voip=false -> false: CSW.sDc->ICTP.r->ICTP.cUTP(cap)@DJo
08-26 23:03:34.520  2012  3576 I Telecom-CallAudioModeStateMachine: Message received: TONE_STOPPED_PLAYING.: CSW.sDc->ICTP.r->ICTP.cUTP->CAMSM.pM_3002(cap)@DJo
08-26 23:03:34.520  2012  3576 I Telecom-CallAudioModeStateMachine: Audio focus entering UNFOCUSED state: CSW.sDc->ICTP.r->ICTP.cUTP->CAMSM.pM_3002(cap)@DJo
08-26 23:03:34.521  2012  3575 I Telecom-CallAudioRouteStateMachine: Message received: SWITCH_FOCUS=4001, arg1=1: CSW.sDc->ICTP.r->ICTP.cUTP->CAMSM.pM_3002->CARSM.pM_SWITCH_FOCUS(cap)@DJo
08-26 23:03:34.521  2012  3575 I Telecom-CallAudioRouteStateMachine$ActiveEarpieceRoute: Processing message SWITCH_FOCUS: CSW.sDc->ICTP.r->ICTP.cUTP->CAMSM.pM_3002->CARSM.pM_SWITCH_FOCUS(cap)@DJo
08-26 23:03:34.526  2012  3575 I Telecom-CallAudioRouteStateMachine: turning speaker phone false: CSW.sDc->ICTP.r->ICTP.cUTP->CAMSM.pM_3002->CARSM.pM_SWITCH_FOCUS(cap)@DJo
08-26 23:03:34.526  2012  3575 I Telecom : CallAudioCommunicationDeviceTracker: clearCommunicationDevice: type = 2, isBtDevice = false: CSW.sDc->ICTP.r->ICTP.cUTP->CAMSM.pM_3002->CARSM.pM_SWITCH_FOCUS(cap)@DJo
08-26 23:03:34.526  2012  3575 I Telecom : CallAudioCommunicationDeviceTracker: Unable to clear communication device of type(s), 2. Device does not correspond to the locally requested device type.: CSW.sDc->ICTP.r->ICTP.cUTP->CAMSM.pM_3002->CARSM.pM_SWITCH_FOCUS(cap)@DJo
08-26 23:03:34.526  2012  3575 I Telecom : Logging.Events: Non-call EVENT: UNMUTE, null: CSW.sDc->ICTP.r->ICTP.cUTP->CAMSM.pM_3002->CARSM.pM_SWITCH_FOCUS(cap)@DJo
08-26 23:03:34.528  2012  3575 I Telecom : Logging.Events: Non-call EVENT: AUDIO_ROUTE, Leaving state ActiveEarpieceRoute: CSW.sDc->ICTP.r->ICTP.cUTP->CAMSM.pM_3002->CARSM.pM_SWITCH_FOCUS(cap)@DJo
08-26 23:03:34.528  2012  3575 I Telecom : Logging.Events: Non-call EVENT: AUDIO_ROUTE, Entering state QuiescentEarpieceRoute: CSW.sDc->ICTP.r->ICTP.cUTP->CAMSM.pM_3002->CARSM.pM_SWITCH_FOCUS(cap)@DJo
08-26 23:03:34.528  2012  3575 I Telecom-BluetoothRouteManager: getBluetoothAudioConnectedDevice: no service available.: CSW.sDc->ICTP.r->ICTP.cUTP->CAMSM.pM_3002->CARSM.pM_SWITCH_FOCUS(cap)@DJo
08-26 23:03:34.530  2012  3576 I Telecom-CallAudioModeStateMachine: Message received: AUDIO_OPERATIONS_COMPLETE.: CSW.sDc->ICTP.r->ICTP.cUTP->CAMSM.pM_3002->CARSM.pM_SWITCH_FOCUS->CAMSM.pM_6001(cap)@DJo
08-26 23:03:34.531  2012  3576 I Telecom-CallAudioModeStateMachine: Abandoning audio focus: now UNFOCUSED: CSW.sDc->ICTP.r->ICTP.cUTP->CAMSM.pM_3002->CARSM.pM_SWITCH_FOCUS->CAMSM.pM_6001(cap)@DJo
08-26 23:03:34.531  2012  3576 I Telecom-CallAudioModeStateMachine: Pending abandon audio focus:2: CSW.sDc->ICTP.r->ICTP.cUTP->CAMSM.pM_3002->CARSM.pM_SWITCH_FOCUS->CAMSM.pM_6001(cap)@DJo
08-26 23:03:34.531  2012  3576 I Telecom : CallAudioCommunicationDeviceTracker: clearCommunicationDevice: type = 1, isBtDevice = false: CSW.sDc->ICTP.r->ICTP.cUTP->CAMSM.pM_3002->CARSM.pM_SWITCH_FOCUS->CAMSM.pM_6001(cap)@DJo
08-26 23:03:34.531  2012  4526 W UserManagerService: Requested status bar icon for non-badged user 0
08-26 23:03:34.542  2012  4538 W UserManagerService: Requested status bar icon for non-badged user 0
08-26 23:03:34.544  2012  4920 W PresentationStatsEventLogger: Shouldn't be logging AutofillPresentationEventReported again for same event
08-26 23:03:34.621  2012  2084 I DisplayBrightnessStrategySelector: Changing the DisplayBrightnessStrategy from InvalidBrightnessStrategy to DozeBrightnessStrategy for display 0
08-26 23:03:34.621  2012  2084 I DisplayPowerController2[0]: BrightnessEvent: disp=0, physDisp=local:4627039422300187648, displayState=ON, displayPolicy=DOZE, brt=0.3081631, initBrt=0.3081631, rcmdBrt=NaN, preBrt=NaN, lux=0.0, preLux=0.0, hbmMax=0.9221001, hbmMode=off, rbcStrength=25, thrmMax=1.0, powerFactor=1.0, wasShortTermModelActive=false, flags=, reason=doze, autoBrightness=false, strategy=DozeBrightnessStrategy, autoBrightnessMode=default
08-26 23:03:34.631   798   798 I keystore2: system/security/keystore2/src/authorization.rs:155 - on_device_locked(user_id=10, unlocking_sids=[-8707107709813623287], weak_unlock_enabled=false)
08-26 23:03:34.631   798   798 I keystore2: system/security/keystore2/src/super_key.rs:976 - UnlockedDeviceRequired super keys for user 10 are fully protected.
08-26 23:03:34.653  2012  2012 E ScreenIntentReceiver: notifyChange failed
08-26 23:03:34.660  2012  2012 I PowerManagerService: onFlip(): Face up.
08-26 23:03:34.771  2012  3172 I MR2ServiceImpl: Updating composite discovery preference | preference: RouteDiscoveryRequest{ preferredFeatures={}, activeScan=false }, active routers: []
08-26 23:03:34.771  2012  2064 I ActivityManager: Start proc 13821:org.telegram.messenger/u0a252 for broadcast {org.telegram.messenger/org.telegram.messenger.CallReceiver}
08-26 23:03:34.834  2012  4507 I Telecom-PhoneAccountRegistrar: getSimCallManager: SimCallManager for subId 1 queried, returning: null: TSI.gPA(cgac)@DLU
08-26 23:03:34.863  2012  3468 I Telecom-PhoneAccountRegistrar: getSimCallManager: SimCallManager for subId 1 queried, returning: null: TSI.gPA(cgac)@DLY
08-26 23:03:34.875  2012  2084 I DisplayPowerController2[0]: BrightnessEvent: disp=0, physDisp=local:4627039422300187648, displayState=ON, displayPolicy=DOZE, brt=0.2913386, initBrt=0.3081631, rcmdBrt=NaN, preBrt=NaN, lux=0.0, preLux=0.0, hbmMax=0.9221001, hbmMode=off, rbcStrength=25, thrmMax=1.0, powerFactor=1.0, wasShortTermModelActive=false, flags=, reason=doze, autoBrightness=false, strategy=DozeBrightnessStrategy, autoBrightnessMode=default
08-26 23:03:34.885  2012 22515 I Telecom-CallAudioModeStateMachine: onModeChanged: mode=0
08-26 23:03:34.885  2012 22515 I Telecom-CallAudioModeStateMachine: onModeChanged, resend PENDED_AUDIO_OPERATIONS_COMPLETE
08-26 23:03:34.885  2012  3576 I Telecom-CallAudioModeStateMachine: Message received: PENDED_AUDIO_OPERATIONS_COMPLETE.
08-26 23:03:34.885  2012  3576 I Telecom-CallAudioModeStateMachine: Waiting audio Mode(0) success
08-26 23:03:34.886  2012  3576 I AS.FadeOutManager: unfadeOutUid() uid:10175
08-26 23:03:34.886  2012  3576 I Telecom : CallAudioCommunicationDeviceTracker: clearCommunicationDevice: Skip clearing communication devicefor invalid audio type (-1).
08-26 23:03:34.886  2012  3576 W Telecom : Logging: Log.endSession was called with no session active.
08-26 23:03:34.914  2012  3649 I Telecom-PhoneAccountRegistrar: getSimCallManager: SimCallManager for subId 2 queried, returning: null: TSI.gPA(cgac)@DLc
08-26 23:03:34.966  2012  6013 W UserManagerService: Requested status bar icon for non-badged user 0
08-26 23:03:34.973 32766 32766 W ContextImpl: Calling a method in the system process without a qualified user: android.app.ContextImpl.bindService:2040 android.content.ContextWrapper.bindService:884 cb.o.e:24 com.nothing.settings.glyphs.timer.GlyphTimerTileService.onCreate:27 android.app.ActivityThread.handleCreateService:5086 
08-26 23:03:35.010  3260  3260 I EmergencyButton: mLocateAtNonSecureView = false
08-26 23:03:35.010  3260  3260 I EmergencyButton: show = truevisible= true, antiTheftLocked=false, mEmergencyButtonExt.showEccInNonSecureUnlock() =false, eccShouldShow=true
08-26 23:03:35.028  3260  3260 I EmergencyButton: mLocateAtNonSecureView = false
08-26 23:03:35.028  3260  3260 I EmergencyButton: show = truevisible= true, antiTheftLocked=false, mEmergencyButtonExt.showEccInNonSecureUnlock() =false, eccShouldShow=true
08-26 23:03:35.031  2012  4507 W Transition: Transition already started id=247 state=2
08-26 23:03:35.490  2012  2012 I Telecom-InCallController: Unbinding from services for user UserHandle{0}: CSW.rC->CM.pR->ICC.oCR(cap)@DJ4
08-26 23:03:35.490  2012  2012 I Telecom-InCallController: CSICSC: disconnect com.android.server.telecom.InCallController$EmergencyInCallServiceConnection@47f197d: CSW.rC->CM.pR->ICC.oCR(cap)@DJ4
08-26 23:03:35.490  2012  2012 I Telecom-InCallController$EmergencyInCallServiceConnection: Disconnecting from InCallService: CSW.rC->CM.pR->ICC.oCR(cap)@DJ4
08-26 23:03:35.490  2012  2012 I Telecom-InCallController: ICSBC#disconnect: unbinding after 110947 ms;[ComponentInfo{com.google.android.dialer/com.android.incallui.InCallServiceImpl} supportsExternal? false supportsSelfMg?false]. isCrashed: false: CSW.rC->CM.pR->ICC.oCR(cap)@DJ4
08-26 23:03:35.494  2012  2012 W Telecom-Call: maybeOnInCallServiceTrackingChanged() request on a call without a connection service.: CSW.rC->CM.pR->ICC.oCR(cap)@DJ4
08-26 23:03:35.494  2012  2012 I Telecom-InCallController: onDisconnected from ComponentInfo{com.google.android.dialer/com.android.incallui.InCallServiceImpl}: CSW.rC->CM.pR->ICC.oCR(cap)@DJ4
08-26 23:03:35.494  2012  2012 I Telecom-InCallController: trackCallingUserInterfaceStopped: com.google.android.dialer is no longer calling UX: CSW.rC->CM.pR->ICC.oCR(cap)@DJ4
08-26 23:03:35.494  2012  2012 I Telecom-InCallController: ICSBC#disconnect: unbinding after 110943 ms;[ComponentInfo{com.google.android.as/com.google.android.apps.miphone.aiai.captions.tulip.audiosource.impl.CIS} supportsExternal? false supportsSelfMg?false]. isCrashed: false: CSW.rC->CM.pR->ICC.oCR(cap)@DJ4
08-26 23:03:35.498  2012  2012 W Telecom-Call: maybeOnInCallServiceTrackingChanged() request on a call without a connection service.: CSW.rC->CM.pR->ICC.oCR(cap)@DJ4
08-26 23:03:35.498  2012  2012 I Telecom-InCallController: onDisconnected from ComponentInfo{com.google.android.as/com.google.android.apps.miphone.aiai.captions.tulip.audiosource.impl.CIS}: CSW.rC->CM.pR->ICC.oCR(cap)@DJ4
08-26 23:03:35.498  2012  2012 I Telecom-InCallController: ICSBC#disconnect: unbinding after 110945 ms;[ComponentInfo{com.google.android.gms/com.google.android.gms.bankscamwarning.services.BankScamCallDetectionService} supportsExternal? false supportsSelfMg?false]. isCrashed: false: CSW.rC->CM.pR->ICC.oCR(cap)@DJ4
08-26 23:03:35.499  2012  2012 W Telecom-Call: maybeOnInCallServiceTrackingChanged() request on a call without a connection service.: CSW.rC->CM.pR->ICC.oCR(cap)@DJ4
08-26 23:03:35.499  2012  2012 I Telecom-InCallController: onDisconnected from ComponentInfo{com.google.android.gms/com.google.android.gms.bankscamwarning.services.BankScamCallDetectionService}: CSW.rC->CM.pR->ICC.oCR(cap)@DJ4
08-26 23:03:35.574  2012  3468 W ActivityManager: Background start not allowed: service Intent { cmp=org.telegram.messenger/.NotificationsService } to org.telegram.messenger/.NotificationsService from pid=13821 uid=10252 pkg=org.telegram.messenger startFg?=false
08-26 23:03:36.304  2012  4567 W BatteryExternalStatsWorker: error reading Bluetooth stats: 11
08-26 23:03:37.438  2012  7263 E TaskPersister: File error accessing recents directory (directory doesn't exist?).
08-26 23:03:42.524  2012  2084 I DisplayPowerController2[0]: AOD debug.nt.screen_state 3
08-26 23:03:42.528  2012  2084 I AutomaticBrightnessController: Switching to mode doze
08-26 23:03:42.529  2012  2084 I DisplayPowerController2[0]: BrightnessEvent: disp=0, physDisp=local:4627039422300187648, displayState=DOZE, displayPolicy=DOZE, brt=0.2913386, initBrt=0.2913386, rcmdBrt=NaN, preBrt=NaN, lux=0.0, preLux=0.0, hbmMax=0.9221001, hbmMode=off, rbcStrength=25, thrmMax=1.0, powerFactor=1.0, wasShortTermModelActive=false, flags=, reason=doze, autoBrightness=false, strategy=DozeBrightnessStrategy, autoBrightnessMode=default
08-26 23:03:42.532  2012  2050 I DisplayDeviceRepository: Display device changed state: "Built-in Screen", DOZE
08-26 23:03:44.647  2012  4530 W ProcessStats: Tracking association SourceState{3c526c7 com.google.android.dialer/10132 Top #32752} whose proc state 1 is better than process ProcessState{edac405 android.process.acore/10066 pkg=com.android.providers.contacts (sub)} proc state 6 (218 skipped)
08-26 23:03:45.528  2012  2084 I DisplayPowerController2[0]: Blocking screen off
08-26 23:03:45.529  2012  2084 I DisplayPowerController2[0]: Unblocked screen off after 1 ms
08-26 23:03:45.535  2012  2084 I DisplayBrightnessStrategySelector: Changing the DisplayBrightnessStrategy from DozeBrightnessStrategy to ScreenOffBrightnessStrategy for display 0
08-26 23:03:45.536  2012  2084 I AutomaticBrightnessController: Switching to mode default
08-26 23:03:45.540  2012  2084 I DisplayPowerController2[0]: BrightnessEvent: disp=0, physDisp=local:4627039422300187648, displayState=OFF, displayPolicy=DOZE, brt=0.0, initBrt=0.2913386, rcmdBrt=NaN, preBrt=NaN, lux=0.0, preLux=0.0, hbmMax=0.9221001, hbmMode=off, rbcStrength=25, thrmMax=1.0, powerFactor=1.0, wasShortTermModelActive=false, flags=, reason=screen_off, autoBrightness=false, strategy=ScreenOffBrightnessStrategy, autoBrightnessMode=default
08-26 23:03:45.542  2012  2050 I DisplayDeviceRepository: Display device changed state: "Built-in Screen", OFF
08-26 23:03:45.548  2012  2048 I DisplayDevice: [0] Layerstack set to -1 for local:4627039422300187648
08-26 23:04:28.908   798 13811 I keystore2: system/security/keystore2/watchdog/src/lib.rs:319 - Watchdog thread idle -> terminating. Have a great day.
08-26 23:05:06.988  2012  4567 W ProcessStats: Tracking association SourceState{622c768 com.google.android.dialer/10132 Top #32793} whose proc state 1 is better than process ProcessState{d071b44 com.google.android.gms.persistent/10144 pkg=com.google.android.gms} proc state 4 (168 skipped)
08-26 23:07:42.173  2012  2012 W Looper  : Slow delivery took 327ms when=+327ms main h=android.os.Handler c=com.android.server.charge.NtCharge$smq@6e13c82 m=0
08-26 23:08:02.195  2012  2012 W Looper  : Drained
08-26 23:08:53.573  2012  2012 W Telecom : Logging: Stale Sessions Cleaned:
08-26 23:08:53.573  2012  2012 W Telecom : NCSSF.aC->ICFG.sF->ICFG.sF->ICFG.sF->CAMSM.pM_2002->ARP.hP@1
08-26 23:09:33.771  2012  4538 W ProcessStats: Tracking association SourceState{622c768 com.google.android.dialer/10132 Top #32799} whose proc state 1 is better than process ProcessState{d071b44 com.google.android.gms.persistent/10144 pkg=com.google.android.gms} proc state 4 (5 skipped)
08-26 23:10:03.165  2012  2084 I DisplayPowerController2[0]: AOD debug.nt.screen_state 3
08-26 23:10:03.167  2012  2084 I DisplayPowerController2[0]: Blocking screen on until initial contents have been drawn.
08-26 23:10:03.174  2012  2084 I DisplayBrightnessStrategySelector: Changing the DisplayBrightnessStrategy from ScreenOffBrightnessStrategy to DozeBrightnessStrategy for display 0
08-26 23:10:03.175  2012  2084 I AutomaticBrightnessController: Switching to mode doze
08-26 23:10:03.181  2012  2084 I DisplayPowerController2[0]: BrightnessEvent: disp=0, physDisp=local:4627039422300187648, displayState=DOZE, displayPolicy=DOZE, brt=0.2913386, initBrt=0.0, rcmdBrt=NaN, preBrt=NaN, lux=0.0, preLux=0.0, hbmMax=0.9221001, hbmMode=off, rbcStrength=25, thrmMax=1.0, powerFactor=1.0, wasShortTermModelActive=false, flags=, reason=doze, autoBrightness=false, strategy=DozeBrightnessStrategy, autoBrightnessMode=default
08-26 23:10:03.183  2012  2050 I DisplayDeviceRepository: Display device changed state: "Built-in Screen", DOZE
08-26 23:10:03.187  2012  2051 I DisplayDevice: [0] Layerstack set to 0 for local:4627039422300187648
08-26 23:10:03.225  2012  2084 I DisplayPowerController2[0]: Unblocked screen on after 58 ms
08-26 23:10:15.226  2012  3339 W ProcessStats: Tracking association SourceState{622c768 com.google.android.dialer/10132 Top #32807} whose proc state 1 is better than process ProcessState{d071b44 com.google.android.gms.persistent/10144 pkg=com.google.android.gms} proc state 4 (15 skipped)
08-26 23:10:17.365  2012  2084 I DisplayPowerController2[0]: Blocking screen off
08-26 23:10:17.366  2012  2084 I DisplayPowerController2[0]: Unblocked screen off after 1 ms
08-26 23:10:17.372  2012  2084 I DisplayBrightnessStrategySelector: Changing the DisplayBrightnessStrategy from DozeBrightnessStrategy to ScreenOffBrightnessStrategy for display 0
08-26 23:10:17.372  2012  2084 I AutomaticBrightnessController: Switching to mode default
